[baseline-browser-mapping] The data in this module is over two months old.  To ensure accurate Baseline data, please update: `npm i baseline-browser-mapping@latest -D`
Build target: DEBUG
[12:32:55] Using gulpfile D:\SharePointProjects\Demo1\gulpfile.js
[12:32:55] Starting 'bundle'...
[[90m12:32:55[39m] Starting gulp
[[90m12:32:55[39m] Starting subtask '[36mpre-copy[39m'...
[[90m12:32:55[39m] Finished subtask '[36mpre-copy[39m' after [35m59 ms[39m
[[90m12:32:55[39m] Starting subtask '[36mcopy-static-assets[39m'...
[[90m12:32:55[39m] Starting subtask '[36msass[39m'...
[[90m12:32:56[39m] [33mWarning - [[36msass[33m] src\webparts\drugManagementSystem\components\Common\Breadcrumb\Breadcrumb.scss: filename should end with module.sass or module.scss[39m
[[90m12:32:56[39m] [33mWarning - [[36msass[33m] src\webparts\drugManagementSystem\components\Common\CustomeDropDown\CustomeDropDown3.scss: filename should end with module.sass or module.scss[39m
[[90m12:32:56[39m] [33mWarning - [[36msass[33m] src\webparts\drugManagementSystem\components\Common\EmptyState\EmptyState.scss: filename should end with module.sass or module.scss[39m
[[90m12:32:56[39m] [33mWarning - [[36msass[33m] src\webparts\drugManagementSystem\components\Common\FormActions\FormActions.scss: filename should end with module.sass or module.scss[39m
[[90m12:32:56[39m] [33mWarning - [[36msass[33m] src\webparts\drugManagementSystem\components\Common\StatusBadge\StatusBadge.scss: filename should end with module.sass or module.scss[39m
[[90m12:32:56[39m] [33mWarning - [[36msass[33m] src\webparts\drugManagementSystem\components\Common\SummaryCard\SummaryCard.scss: filename should end with module.sass or module.scss[39m
[[90m12:32:57[39m] [33mWarning - [[36msass[33m] The local CSS class 'ms-Button' is not camelCase and will not be type-safe.[39m
[[90m12:32:57[39m] [33mWarning - [[36msass[33m] The local CSS class 'ms-TextField' is not camelCase and will not be type-safe.[39m
[[90m12:32:57[39m] [33mWarning - [[36msass[33m] The local CSS class 'ms-DetailsList' is not camelCase and will not be type-safe.[39m
[[90m12:32:57[39m] [33mWarning - [[36msass[33m] The local CSS class 'ms-CommandBar' is not camelCase and will not be type-safe.[39m
[[90m12:32:57[39m] Finished subtask '[36msass[39m' after [35m1.78 s[39m
[[90m12:32:57[39m] Starting subtask '[36mlint[39m'...
[[90m12:32:57[39m] [[36mlint[39m] eslint version: 8.57.0
[[90m12:32:57[39m] Starting subtask '[36mtsc[39m'...
[[90m12:32:57[39m] [[36mtsc[39m] typescript version: 4.7.4
[[90m12:32:58[39m] Finished subtask '[36mcopy-static-assets[39m' after [35m2.51 s[39m
[[90m12:33:37[39m] [33mWarning - [36mlint[33m - src\webparts\Interfaces\IFileWithBlob.ts(3,11): error @typescript-eslint/no-explicit-any: Unexpected any. Specify a different type.[39m
[[90m12:33:37[39m] [33mWarning - [36mlint[33m - src\webparts\Service\Service.ts(152,79): error @typescript-eslint/explicit-function-return-type: Missing return type on function.[39m
[[90m12:33:37[39m] [33mWarning - [36mlint[33m - src\webparts\Service\Service.ts(348,13): error prefer-const: 'groups' is never reassigned. Use 'const' instead.[39m
[[90m12:33:37[39m] [33mWarning - [36mlint[33m - src\webparts\Service\Service.ts(700,5): error @typescript-eslint/explicit-function-return-type: Missing return type on function.[39m
[[90m12:33:37[39m] [33mWarning - [36mlint[33m - src\webparts\Service\Service.ts(721,17): error prefer-const: 'res' is never reassigned. Use 'const' instead.[39m
[[90m12:33:37[39m] [33mWarning - [36mlint[33m - src\webparts\Service\Service.ts(728,21): error prefer-const: 'obj' is never reassigned. Use 'const' instead.[39m
[[90m12:33:37[39m] [33mWarning - [36mlint[33m - src\webparts\Service\Service.ts(746,13): error prefer-const: 'item' is never reassigned. Use 'const' instead.[39m
[[90m12:33:37[39m] [33mWarning - [36mlint[33m - src\webparts\Service\Service.ts(752,17): error prefer-const: 'item' is never reassigned. Use 'const' instead.[39m
[[90m12:33:37[39m] [33mWarning - [36mlint[33m - src\webparts\Service\Service.ts(762,13): error prefer-const: 'item' is never reassigned. Use 'const' instead.[39m
[[90m12:33:37[39m] [33mWarning - [36mlint[33m - src\webparts\Service\Service.ts(767,13): error prefer-const: 'item' is never reassigned. Use 'const' instead.[39m
[[90m12:33:37[39m] [33mWarning - [36mlint[33m - src\webparts\Service\Service.ts(777,17): error prefer-const: 'folderName' is never reassigned. Use 'const' instead.[39m
[[90m12:33:37[39m] [33mWarning - [36mlint[33m - src\webparts\Service\Service.ts(803,5): error @typescript-eslint/explicit-function-return-type: Missing return type on function.[39m
[[90m12:33:37[39m] [33mWarning - [36mlint[33m - src\webparts\Service\Service.ts(817,5): error @typescript-eslint/explicit-function-return-type: Missing return type on function.[39m
[[90m12:33:37[39m] [33mWarning - [36mlint[33m - src\webparts\Service\Service.ts(829,5): error @typescript-eslint/explicit-function-return-type: Missing return type on function.[39m
[[90m12:33:37[39m] [33mWarning - [36mlint[33m - src\webparts\Service\Service.ts(864,5): error @typescript-eslint/explicit-function-return-type: Missing return type on function.[39m
[[90m12:33:37[39m] [33mWarning - [36mlint[33m - src\webparts\Service\Service.ts(889,17): error prefer-const: 'email' is never reassigned. Use 'const' instead.[39m
[[90m12:33:37[39m] [33mWarning - [36mlint[33m - src\webparts\Service\Service.ts(909,5): error @typescript-eslint/explicit-function-return-type: Missing return type on function.[39m
[[90m12:33:37[39m] [33mWarning - [36mlint[33m - src\webparts\Service\Service.ts(953,5): error @typescript-eslint/explicit-function-return-type: Missing return type on function.[39m
[[90m12:33:37[39m] [33mWarning - [36mlint[33m - src\webparts\Service\Service.ts(985,18): error @typescript-eslint/no-unused-vars: 'error' is defined but never used.[39m
[[90m12:33:37[39m] [33mWarning - [36mlint[33m - src\webparts\Service\Service.ts(1046,42): error @typescript-eslint/explicit-function-return-type: Missing return type on function.[39m
[[90m12:33:37[39m] [33mWarning - [36mlint[33m - src\webparts\Service\Service.ts(1120,19): error @typescript-eslint/no-unused-vars: 'files' is assigned a value but never used.[39m
[[90m12:33:37[39m] [33mWarning - [36mlint[33m - src\webparts\Service\Service.ts(1151,5): error @typescript-eslint/explicit-function-return-type: Missing return type on function.[39m
[[90m12:33:37[39m] [33mWarning - [36mlint[33m - src\webparts\Service\mockData.ts(279,18): error @typescript-eslint/no-explicit-any: Unexpected any. Specify a different type.[39m
[[90m12:33:37[39m] [33mWarning - [36mlint[33m - src\webparts\Service\mockData.ts(280,19): error @typescript-eslint/no-explicit-any: Unexpected any. Specify a different type.[39m
[[90m12:33:37[39m] [33mWarning - [36mlint[33m - src\webparts\Service\models\IDataProvider.ts(6,26): error @typescript-eslint/no-explicit-any: Unexpected any. Specify a different type.[39m
[[90m12:33:37[39m] [33mWarning - [36mlint[33m - src\webparts\Service\models\IDataProvider.ts(6,58): error @typescript-eslint/no-explicit-any: Unexpected any. Specify a different type.[39m
[[90m12:33:37[39m] [33mWarning - [36mlint[33m - src\webparts\Service\models\IDataProvider.ts(7,26): error @typescript-eslint/no-explicit-any: Unexpected any. Specify a different type.[39m
[[90m12:33:37[39m] [33mWarning - [36mlint[33m - src\webparts\Service\models\IDataProvider.ts(7,74): error @typescript-eslint/no-explicit-any: Unexpected any. Specify a different type.[39m
[[90m12:33:37[39m] [33mWarning - [36mlint[33m - src\webparts\Service\models\IDataProvider.ts(8,33): error @typescript-eslint/no-explicit-any: Unexpected any. Specify a different type.[39m
[[90m12:33:37[39m] [33mWarning - [36mlint[33m - src\webparts\Service\models\IDataProvider.ts(8,67): error @typescript-eslint/no-explicit-any: Unexpected any. Specify a different type.[39m
[[90m12:33:37[39m] [33mWarning - [36mlint[33m - src\webparts\Service\models\IDataProvider.ts(9,62): error @typescript-eslint/no-explicit-any: Unexpected any. Specify a different type.[39m
[[90m12:33:37[39m] [33mWarning - [36mlint[33m - src\webparts\Service\models\IDataProvider.ts(10,58): error @typescript-eslint/no-explicit-any: Unexpected any. Specify a different type.[39m
[[90m12:33:37[39m] [33mWarning - [36mlint[33m - src\webparts\Service\models\IDataProvider.ts(11,72): error @typescript-eslint/no-explicit-any: Unexpected any. Specify a different type.[39m
[[90m12:33:37[39m] [33mWarning - [36mlint[33m - src\webparts\Service\models\IDataProvider.ts(12,82): error @typescript-eslint/no-explicit-any: Unexpected any. Specify a different type.[39m
[[90m12:33:37[39m] [33mWarning - [36mlint[33m - src\webparts\Service\models\IDataProvider.ts(12,114): error @typescript-eslint/no-explicit-any: Unexpected any. Specify a different type.[39m
[[90m12:33:37[39m] [33mWarning - [36mlint[33m - src\webparts\Service\models\IDataProvider.ts(13,59): error @typescript-eslint/no-explicit-any: Unexpected any. Specify a different type.[39m
[[90m12:33:37[39m] [33mWarning - [36mlint[33m - src\webparts\Service\models\IDataProvider.ts(13,75): error @typescript-eslint/no-explicit-any: Unexpected any. Specify a different type.[39m
[[90m12:33:37[39m] [33mWarning - [36mlint[33m - src\webparts\Service\models\IDataProvider.ts(14,55): error @typescript-eslint/no-explicit-any: Unexpected any. Specify a different type.[39m
[[90m12:33:37[39m] [33mWarning - [36mlint[33m - src\webparts\Service\models\IDataProvider.ts(14,71): error @typescript-eslint/no-explicit-any: Unexpected any. Specify a different type.[39m
[[90m12:33:37[39m] [33mWarning - [36mlint[33m - src\webparts\Service\models\IDataProvider.ts(15,31): error @typescript-eslint/no-explicit-any: Unexpected any. Specify a different type.[39m
[[90m12:33:37[39m] [33mWarning - [36mlint[33m - src\webparts\Service\models\IDataProvider.ts(16,34): error @typescript-eslint/no-explicit-any: Unexpected any. Specify a different type.[39m
[[90m12:33:37[39m] [33mWarning - [36mlint[33m - src\webparts\Service\models\IDataProvider.ts(16,48): error @typescript-eslint/no-explicit-any: Unexpected any. Specify a different type.[39m
[[90m12:33:37[39m] [33mWarning - [36mlint[33m - src\webparts\Service\models\IDataProvider.ts(17,29): error @typescript-eslint/no-explicit-any: Unexpected any. Specify a different type.[39m
[[90m12:33:37[39m] [33mWarning - [36mlint[33m - src\webparts\Service\models\IDataProvider.ts(17,43): error @typescript-eslint/no-explicit-any: Unexpected any. Specify a different type.[39m
[[90m12:33:37[39m] [33mWarning - [36mlint[33m - src\webparts\Service\models\IDataProvider.ts(18,59): error @typescript-eslint/no-explicit-any: Unexpected any. Specify a different type.[39m
[[90m12:33:37[39m] [33mWarning - [36mlint[33m - src\webparts\Service\models\IDataProvider.ts(19,48): error @typescript-eslint/no-explicit-any: Unexpected any. Specify a different type.[39m
[[90m12:33:37[39m] [33mWarning - [36mlint[33m - src\webparts\Service\models\IDataProvider.ts(19,62): error @typescript-eslint/no-explicit-any: Unexpected any. Specify a different type.[39m
[[90m12:33:37[39m] [33mWarning - [36mlint[33m - src\webparts\Service\models\IDataProvider.ts(20,74): error @typescript-eslint/no-explicit-any: Unexpected any. Specify a different type.[39m
[[90m12:33:37[39m] [33mWarning - [36mlint[33m - src\webparts\Service\models\IDataProvider.ts(20,88): error @typescript-eslint/no-explicit-any: Unexpected any. Specify a different type.[39m
[[90m12:33:37[39m] [33mWarning - [36mlint[33m - src\webparts\Service\models\IDataProvider.ts(21,70): error @typescript-eslint/no-explicit-any: Unexpected any. Specify a different type.[39m
[[90m12:33:37[39m] [33mWarning - [36mlint[33m - src\webparts\Service\models\IDataProvider.ts(22,39): error @typescript-eslint/no-explicit-any: Unexpected any. Specify a different type.[39m
[[90m12:33:37[39m] [33mWarning - [36mlint[33m - src\webparts\Service\models\IDataProvider.ts(22,68): error @typescript-eslint/no-explicit-any: Unexpected any. Specify a different type.[39m
[[90m12:33:37[39m] [33mWarning - [36mlint[33m - src\webparts\Service\models\IDataProvider.ts(22,84): error @typescript-eslint/no-explicit-any: Unexpected any. Specify a different type.[39m
[[90m12:33:37[39m] [33mWarning - [36mlint[33m - src\webparts\Service\models\IDataProvider.ts(23,52): error @typescript-eslint/no-explicit-any: Unexpected any. Specify a different type.[39m
[[90m12:33:37[39m] [33mWarning - [36mlint[33m - src\webparts\Service\models\IDataProvider.ts(23,81): error @typescript-eslint/no-explicit-any: Unexpected any. Specify a different type.[39m
[[90m12:33:37[39m] [33mWarning - [36mlint[33m - src\webparts\Service\models\IDataProvider.ts(23,106): error @typescript-eslint/no-explicit-any: Unexpected any. Specify a different type.[39m
[[90m12:33:37[39m] [33mWarning - [36mlint[33m - src\webparts\Service\models\IDataProvider.ts(23,120): error @typescript-eslint/no-explicit-any: Unexpected any. Specify a different type.[39m
[[90m12:33:37[39m] [33mWarning - [36mlint[33m - src\webparts\Service\models\IDataProvider.ts(24,51): error @typescript-eslint/no-explicit-any: Unexpected any. Specify a different type.[39m
[[90m12:33:37[39m] [33mWarning - [36mlint[33m - src\webparts\Service\models\IDataProvider.ts(25,72): error @typescript-eslint/no-explicit-any: Unexpected any. Specify a different type.[39m
[[90m12:33:37[39m] [33mWarning - [36mlint[33m - src\webparts\Service\models\IDataProvider.ts(26,80): error @typescript-eslint/no-explicit-any: Unexpected any. Specify a different type.[39m
[[90m12:33:37[39m] [33mWarning - [36mlint[33m - src\webparts\Service\models\IDataProvider.ts(27,64): error @typescript-eslint/no-explicit-any: Unexpected any. Specify a different type.[39m
[[90m12:33:37[39m] [33mWarning - [36mlint[33m - src\webparts\Service\models\IDataProvider.ts(28,54): error @typescript-eslint/no-explicit-any: Unexpected any. Specify a different type.[39m
[[90m12:33:37[39m] [33mWarning - [36mlint[33m - src\webparts\Service\models\IDataProvider.ts(28,70): error @typescript-eslint/no-explicit-any: Unexpected any. Specify a different type.[39m
[[90m12:33:37[39m] [33mWarning - [36mlint[33m - src\webparts\Service\models\IDataProvider.ts(29,87): error @typescript-eslint/no-explicit-any: Unexpected any. Specify a different type.[39m
[[90m12:33:37[39m] [33mWarning - [36mlint[33m - src\webparts\Service\models\IDataProvider.ts(31,46): error @typescript-eslint/no-explicit-any: Unexpected any. Specify a different type.[39m
[[90m12:33:37[39m] [33mWarning - [36mlint[33m - src\webparts\Service\models\IDataProvider.ts(31,75): error @typescript-eslint/no-explicit-any: Unexpected any. Specify a different type.[39m
[[90m12:33:37[39m] [33mWarning - [36mlint[33m - src\webparts\Service\models\IDataProvider.ts(31,91): error @typescript-eslint/no-explicit-any: Unexpected any. Specify a different type.[39m
[[90m12:33:37[39m] [33mWarning - [36mlint[33m - src\webparts\Service\models\IDataProvider.ts(32,58): error @typescript-eslint/no-explicit-any: Unexpected any. Specify a different type.[39m
[[90m12:33:37[39m] [33mWarning - [36mlint[33m - src\webparts\Service\models\IDataProvider.ts(32,87): error @typescript-eslint/no-explicit-any: Unexpected any. Specify a different type.[39m
[[90m12:33:37[39m] [33mWarning - [36mlint[33m - src\webparts\Service\models\IDataProvider.ts(32,112): error @typescript-eslint/no-explicit-any: Unexpected any. Specify a different type.[39m
[[90m12:33:37[39m] [33mWarning - [36mlint[33m - src\webparts\Service\models\IDataProvider.ts(32,126): error @typescript-eslint/no-explicit-any: Unexpected any. Specify a different type.[39m
[[90m12:33:37[39m] [33mWarning - [36mlint[33m - src\webparts\Service\models\IDataProvider.ts(33,54): error @typescript-eslint/no-explicit-any: Unexpected any. Specify a different type.[39m
[[90m12:33:37[39m] [33mWarning - [36mlint[33m - src\webparts\Service\models\IDataProvider.ts(33,66): error @typescript-eslint/no-explicit-any: Unexpected any. Specify a different type.[39m
[[90m12:33:37[39m] [33mWarning - [36mlint[33m - src\webparts\Service\models\IDataProvider.ts(33,80): error @typescript-eslint/no-explicit-any: Unexpected any. Specify a different type.[39m
[[90m12:33:37[39m] [33mWarning - [36mlint[33m - src\webparts\Service\models\IDataProvider.ts(34,81): error @typescript-eslint/no-explicit-any: Unexpected any. Specify a different type.[39m
[[90m12:33:37[39m] [33mWarning - [36mlint[33m - src\webparts\Service\models\IDataProvider.ts(35,71): error @typescript-eslint/no-explicit-any: Unexpected any. Specify a different type.[39m
[[90m12:33:37[39m] [33mWarning - [36mlint[33m - src\webparts\Service\models\IDataProvider.ts(36,98): error @typescript-eslint/no-explicit-any: Unexpected any. Specify a different type.[39m
[[90m12:33:37[39m] [33mWarning - [36mlint[33m - src\webparts\Service\models\IDataProvider.ts(37,69): error @typescript-eslint/no-explicit-any: Unexpected any. Specify a different type.[39m
[[90m12:33:37[39m] [33mWarning - [36mlint[33m - src\webparts\Service\models\IDataProvider.ts(38,63): error @typescript-eslint/no-explicit-any: Unexpected any. Specify a different type.[39m
[[90m12:33:37[39m] [33mWarning - [36mlint[33m - src\webparts\Service\models\IDataProvider.ts(39,41): error @typescript-eslint/no-explicit-any: Unexpected any. Specify a different type.[39m
[[90m12:33:37[39m] [33mWarning - [36mlint[33m - src\webparts\Service\models\IDataProvider.ts(40,52): error @typescript-eslint/no-explicit-any: Unexpected any. Specify a different type.[39m
[[90m12:33:37[39m] [33mWarning - [36mlint[33m - src\webparts\Service\models\IDataProvider.ts(41,27): error @typescript-eslint/no-explicit-any: Unexpected any. Specify a different type.[39m
[[90m12:33:37[39m] [33mWarning - [36mlint[33m - src\webparts\Service\models\IDataProvider.ts(41,41): error @typescript-eslint/no-explicit-any: Unexpected any. Specify a different type.[39m
[[90m12:33:37[39m] [33mWarning - [36mlint[33m - src\webparts\Service\models\IDataProvider.ts(42,61): error @typescript-eslint/no-explicit-any: Unexpected any. Specify a different type.[39m
[[90m12:33:37[39m] [33mWarning - [36mlint[33m - src\webparts\Service\models\IDataProvider.ts(43,63): error @typescript-eslint/no-explicit-any: Unexpected any. Specify a different type.[39m
[[90m12:33:37[39m] [33mWarning - [36mlint[33m - src\webparts\Service\models\IDataProvider.ts(45,35): error @typescript-eslint/no-explicit-any: Unexpected any. Specify a different type.[39m
[[90m12:33:37[39m] [33mWarning - [36mlint[33m - src\webparts\Service\models\IDataProvider.ts(46,54): error @typescript-eslint/no-explicit-any: Unexpected any. Specify a different type.[39m
[[90m12:33:37[39m] [33mWarning - [36mlint[33m - src\webparts\Service\models\IDataProvider.ts(47,73): error @typescript-eslint/no-explicit-any: Unexpected any. Specify a different type.[39m
[[90m12:33:37[39m] [33mWarning - [36mlint[33m - src\webparts\Service\models\IDataProvider.ts(48,37): error @typescript-eslint/no-explicit-any: Unexpected any. Specify a different type.[39m
[[90m12:33:37[39m] [33mWarning - [36mlint[33m - src\webparts\Service\models\IDataProvider.ts(49,51): error @typescript-eslint/no-explicit-any: Unexpected any. Specify a different type.[39m
[[90m12:33:37[39m] [33mWarning - [36mlint[33m - src\webparts\Service\models\IDataProvider.ts(50,47): error @typescript-eslint/no-explicit-any: Unexpected any. Specify a different type.[39m
[[90m12:33:37[39m] [33mWarning - [36mlint[33m - src\webparts\Service\models\IDataProvider.ts(51,76): error @typescript-eslint/no-explicit-any: Unexpected any. Specify a different type.[39m
[[90m12:33:37[39m] [33mWarning - [36mlint[33m - src\webparts\Service\models\IDataProvider.ts(52,90): error @typescript-eslint/no-explicit-any: Unexpected any. Specify a different type.[39m
[[90m12:33:37[39m] [33mWarning - [36mlint[33m - src\webparts\Service\models\IFileWithBlob.ts(3,11): error @typescript-eslint/no-explicit-any: Unexpected any. Specify a different type.[39m
[[90m12:33:37[39m] [33mWarning - [36mlint[33m - src\webparts\Service\models\IPnPQueryOptions.ts(30,17): error @typescript-eslint/no-explicit-any: Unexpected any. Specify a different type.[39m
[[90m12:33:37[39m] [33mWarning - [36mlint[33m - src\webparts\Service\models\IPnPQueryOptions.ts(31,22): error @typescript-eslint/no-explicit-any: Unexpected any. Specify a different type.[39m
[[90m12:33:37[39m] [33mWarning - [36mlint[33m - src\webparts\Shared\Enum\CamlQueryFilter.ts(27,17): error @typescript-eslint/no-explicit-any: Unexpected any. Specify a different type.[39m
[[90m12:33:37[39m] [33mWarning - [36mlint[33m - src\webparts\Shared\Enum\FieldType.ts(12,31): error @typescript-eslint/no-explicit-any: Unexpected any. Specify a different type.[39m
[[90m12:33:37[39m] [33mWarning - [36mlint[33m - src\webparts\Shared\Validation.ts(18,25): error @typescript-eslint/no-explicit-any: Unexpected any. Specify a different type.[39m
[[90m12:33:37[39m] [33mWarning - [36mlint[33m - src\webparts\Shared\Validation.ts(18,41): error @typescript-eslint/no-explicit-any: Unexpected any. Specify a different type.[39m
[[90m12:33:37[39m] [33mWarning - [36mlint[33m - src\webparts\Shared\Validation.ts(24,36): error @typescript-eslint/no-explicit-any: Unexpected any. Specify a different type.[39m
[[90m12:33:37[39m] [33mWarning - [36mlint[33m - src\webparts\Shared\Validation.ts(24,49): error @typescript-eslint/no-explicit-any: Unexpected any. Specify a different type.[39m
[[90m12:33:37[39m] [33mWarning - [36mlint[33m - src\webparts\Shared\Validation.ts(26,22): error @typescript-eslint/no-explicit-any: Unexpected any. Specify a different type.[39m
[[90m12:33:37[39m] [33mWarning - [36mlint[33m - src\webparts\Shared\constants\defaultValues.ts(60,12): error prefer-const: 'defaultValues' is never reassigned. Use 'const' instead.[39m
[[90m12:33:37[39m] [33mWarning - [36mlint[33m - src\webparts\Shared\constants\defaultValues.ts(99,25): error @typescript-eslint/no-explicit-any: Unexpected any. Specify a different type.[39m
[[90m12:33:37[39m] [33mWarning - [36mlint[33m - src\webparts\Shared\constants\defaultValues.ts(100,23): error @typescript-eslint/no-explicit-any: Unexpected any. Specify a different type.[39m
[[90m12:33:37[39m] [33mWarning - [36mlint[33m - src\webparts\Shared\constants\defaultValues.ts(105,12): error @typescript-eslint/no-explicit-any: Unexpected any. Specify a different type.[39m
[[90m12:33:37[39m] [33mWarning - [36mlint[33m - src\webparts\Shared\constants\defaultValues.ts(178,50): error @typescript-eslint/no-explicit-any: Unexpected any. Specify a different type.[39m
[[90m12:33:37[39m] [33mWarning - [36mlint[33m - src\webparts\Shared\constants\defaultValues.ts(232,17): error @typescript-eslint/no-explicit-any: Unexpected any. Specify a different type.[39m
[[90m12:33:37[39m] [33mWarning - [36mlint[33m - src\webparts\Shared\constants\defaultValues.ts(233,33): error @rushstack/no-new-null: Usage of "null" is deprecated except when describing legacy APIs; use "undefined" instead[39m
[[90m12:33:37[39m] [33mWarning - [36mlint[33m - src\webparts\Shared\constants\defaultValues.ts(234,32): error @rushstack/no-new-null: Usage of "null" is deprecated except when describing legacy APIs; use "undefined" instead[39m
[[90m12:33:37[39m] [33mWarning - [36mlint[33m - src\webparts\Shared\constants\defaultValues.ts(337,44): error @rushstack/no-new-null: Usage of "null" is deprecated except when describing legacy APIs; use "undefined" instead[39m
[[90m12:33:37[39m] [33mWarning - [36mlint[33m - src\webparts\Shared\constants\defaultValues.ts(357,35): error @rushstack/no-new-null: Usage of "null" is deprecated except when describing legacy APIs; use "undefined" instead[39m
[[90m12:33:37[39m] [33mWarning - [36mlint[33m - src\webparts\Shared\constants\defaultValues.ts(358,33): error @rushstack/no-new-null: Usage of "null" is deprecated except when describing legacy APIs; use "undefined" instead[39m
[[90m12:33:37[39m] [33mWarning - [36mlint[33m - src\webparts\drugManagementSystem\components\Common\ComponentContainer.tsx(19,18): error @typescript-eslint/no-explicit-any: Unexpected any. Specify a different type.[39m
[[90m12:33:37[39m] [33mWarning - [36mlint[33m - src\webparts\drugManagementSystem\components\Common\ComponentContainer.tsx(24,15): error @typescript-eslint/no-explicit-any: Unexpected any. Specify a different type.[39m
[[90m12:33:37[39m] [33mWarning - [36mlint[33m - src\webparts\drugManagementSystem\components\Common\ComponentContainer.tsx(25,31): error @typescript-eslint/no-explicit-any: Unexpected any. Specify a different type.[39m
[[90m12:33:37[39m] [33mWarning - [36mlint[33m - src\webparts\drugManagementSystem\components\Common\ComponentContainer.tsx(26,30): error @typescript-eslint/no-explicit-any: Unexpected any. Specify a different type.[39m
[[90m12:33:37[39m] [33mWarning - [36mlint[33m - src\webparts\drugManagementSystem\components\Common\ComponentContainer.tsx(27,22): error @typescript-eslint/no-explicit-any: Unexpected any. Specify a different type.[39m
[[90m12:33:37[39m] [33mWarning - [36mlint[33m - src\webparts\drugManagementSystem\components\Common\ComponentContainer.tsx(28,30): error @typescript-eslint/no-explicit-any: Unexpected any. Specify a different type.[39m
[[90m12:33:37[39m] [33mWarning - [36mlint[33m - src\webparts\drugManagementSystem\components\Common\ComponentContainer.tsx(29,31): error @typescript-eslint/no-explicit-any: Unexpected any. Specify a different type.[39m
[[90m12:33:37[39m] [33mWarning - [36mlint[33m - src\webparts\drugManagementSystem\components\Common\ComponentContainer.tsx(35,26): error @typescript-eslint/no-unused-vars: 'setAppGlobalState' is assigned a value but never used.[39m
[[90m12:33:37[39m] [33mWarning - [36mlint[33m - src\webparts\drugManagementSystem\components\Common\ComponentContainer.tsx(38,9): error @typescript-eslint/no-unused-vars: 'currentUserRef' is assigned a value but never used.[39m
[[90m12:33:37[39m] [33mWarning - [36mlint[33m - src\webparts\drugManagementSystem\components\Common\ComponentContainer.tsx(38,85): error @typescript-eslint/no-explicit-any: Unexpected any. Specify a different type.[39m
[[90m12:33:37[39m] [33mWarning - [36mlint[33m - src\webparts\drugManagementSystem\components\Common\ComponentContainer.tsx(39,9): error @typescript-eslint/no-unused-vars: 'currentUserInfo' is assigned a value but never used.[39m
[[90m12:33:37[39m] [33mWarning - [36mlint[33m - src\webparts\drugManagementSystem\components\Common\ComponentContainer.tsx(40,10): error @typescript-eslint/no-unused-vars: 'IsCancelViewPAForm' is assigned a value but never used.[39m
[[90m12:33:37[39m] [33mWarning - [36mlint[33m - src\webparts\drugManagementSystem\components\Common\ComponentContainer.tsx(45,46): error @typescript-eslint/no-explicit-any: Unexpected any. Specify a different type.[39m
[[90m12:33:37[39m] [33mWarning - [36mlint[33m - src\webparts\drugManagementSystem\components\Common\ComponentContainer.tsx(99,9): error @typescript-eslint/no-unused-vars: 'getCurrentLoginUserDetail' is assigned a value but never used.[39m
[[90m12:33:37[39m] [33mWarning - [36mlint[33m - src\webparts\drugManagementSystem\components\Common\ComponentContainer.tsx(109,54): error @typescript-eslint/no-explicit-any: Unexpected any. Specify a different type.[39m
[[90m12:33:37[39m] [33mWarning - [36mlint[33m - src\webparts\drugManagementSystem\components\Common\ComponentContainer.tsx(179,19): error eqeqeq: Expected '===' and instead saw '=='.[39m
[[90m12:33:37[39m] [33mWarning - [36mlint[33m - src\webparts\drugManagementSystem\components\Common\ComponentContainer.tsx(181,19): error eqeqeq: Expected '===' and instead saw '=='.[39m
[[90m12:33:37[39m] [33mWarning - [36mlint[33m - src\webparts\drugManagementSystem\components\Common\ComponentContainer.tsx(182,19): error eqeqeq: Expected '===' and instead saw '=='.[39m
[[90m12:33:37[39m] [33mWarning - [36mlint[33m - src\webparts\drugManagementSystem\components\Common\ComponentContainer.tsx(189,19): error eqeqeq: Expected '===' and instead saw '=='.[39m
[[90m12:33:37[39m] [33mWarning - [36mlint[33m - src\webparts\drugManagementSystem\components\Common\ComponentContainer.tsx(190,19): error eqeqeq: Expected '===' and instead saw '=='.[39m
[[90m12:33:37[39m] [33mWarning - [36mlint[33m - src\webparts\drugManagementSystem\components\Common\ComponentContainer.tsx(191,19): error eqeqeq: Expected '===' and instead saw '=='.[39m
[[90m12:33:37[39m] [33mWarning - [36mlint[33m - src\webparts\drugManagementSystem\components\Common\CustomModal.tsx(10,14): error @typescript-eslint/no-explicit-any: Unexpected any. Specify a different type.[39m
[[90m12:33:37[39m] [33mWarning - [36mlint[33m - src\webparts\drugManagementSystem\components\Common\CustomModal.tsx(145,37): error no-unused-expressions: Expected an assignment or function call and instead saw an expression.[39m
[[90m12:33:37[39m] [33mWarning - [36mlint[33m - src\webparts\drugManagementSystem\components\Common\CustomModal.tsx(145,37): error @typescript-eslint/no-unused-expressions: Expected an assignment or function call and instead saw an expression.[39m
[[90m12:33:37[39m] [33mWarning - [36mlint[33m - src\webparts\drugManagementSystem\components\Common\CustomModal.tsx(153,37): error no-unused-expressions: Expected an assignment or function call and instead saw an expression.[39m
[[90m12:33:37[39m] [33mWarning - [36mlint[33m - src\webparts\drugManagementSystem\components\Common\CustomModal.tsx(153,37): error @typescript-eslint/no-unused-expressions: Expected an assignment or function call and instead saw an expression.[39m
[[90m12:33:37[39m] [33mWarning - [36mlint[33m - src\webparts\drugManagementSystem\components\Common\CustomeDropDown\CustomeDropDown3.tsx(7,36): error @typescript-eslint/no-explicit-any: Unexpected any. Specify a different type.[39m
[[90m12:33:37[39m] [33mWarning - [36mlint[33m - src\webparts\drugManagementSystem\components\Common\CustomeDropDown\CustomeDropDown3.tsx(8,20): error @typescript-eslint/no-explicit-any: Unexpected any. Specify a different type.[39m
[[90m12:33:37[39m] [33mWarning - [36mlint[33m - src\webparts\drugManagementSystem\components\Common\CustomeDropDown\CustomeDropDown3.tsx(13,12): error @typescript-eslint/no-explicit-any: Unexpected any. Specify a different type.[39m
[[90m12:33:37[39m] [33mWarning - [36mlint[33m - src\webparts\drugManagementSystem\components\Common\CustomeDropDown\CustomeDropDown3.tsx(16,64): error @typescript-eslint/explicit-function-return-type: Missing return type on function.[39m
[[90m12:33:37[39m] [33mWarning - [36mlint[33m - src\webparts\drugManagementSystem\components\Common\CustomeDropDown\CustomeDropDown3.tsx(18,21): error @typescript-eslint/no-unused-vars: 'setItem' is assigned a value but never used.[39m
[[90m12:33:37[39m] [33mWarning - [36mlint[33m - src\webparts\drugManagementSystem\components\Common\CustomeDropDown\CustomeDropDown3.tsx(20,38): error @typescript-eslint/no-explicit-any: Unexpected any. Specify a different type.[39m
[[90m12:33:37[39m] [33mWarning - [36mlint[33m - src\webparts\drugManagementSystem\components\Common\CustomeDropDown\CustomeDropDown3.tsx(21,31): error @typescript-eslint/explicit-function-return-type: Missing return type on function.[39m
[[90m12:33:37[39m] [33mWarning - [36mlint[33m - src\webparts\drugManagementSystem\components\Common\CustomeDropDown\CustomeDropDown3.tsx(25,50): error @typescript-eslint/explicit-function-return-type: Missing return type on function.[39m
[[90m12:33:37[39m] [33mWarning - [36mlint[33m - src\webparts\drugManagementSystem\components\Common\CustomeDropDown\CustomeDropDown3.tsx(32,44): error @typescript-eslint/no-explicit-any: Unexpected any. Specify a different type.[39m
[[90m12:33:37[39m] [33mWarning - [36mlint[33m - src\webparts\drugManagementSystem\components\Common\CustomeDropDown\CustomeDropDown3.tsx(32,49): error @typescript-eslint/explicit-function-return-type: Missing return type on function.[39m
[[90m12:33:37[39m] [33mWarning - [36mlint[33m - src\webparts\drugManagementSystem\components\Common\CustomeDropDown\CustomeDropDown3.tsx(48,90): error eqeqeq: Expected '===' and instead saw '=='.[39m
[[90m12:33:37[39m] [33mWarning - [36mlint[33m - src\webparts\drugManagementSystem\components\Common\DetailList\DataGridComponent.tsx(10,4): error @typescript-eslint/no-unused-vars: 'Link' is defined but never used.[39m
[[90m12:33:37[39m] [33mWarning - [36mlint[33m - src\webparts\drugManagementSystem\components\Common\DetailList\DataGridComponent.tsx(11,4): error @typescript-eslint/no-unused-vars: 'TooltipHost' is defined but never used.[39m
[[90m12:33:37[39m] [33mWarning - [36mlint[33m - src\webparts\drugManagementSystem\components\Common\DetailList\DataGridComponent.tsx(12,4): error @typescript-eslint/no-unused-vars: 'FontIcon' is defined but never used.[39m
[[90m12:33:37[39m] [33mWarning - [36mlint[33m - src\webparts\drugManagementSystem\components\Common\DetailList\DataGridComponent.tsx(26,10): error @typescript-eslint/no-unused-vars: 'FontAwesomeIcon' is defined but never used.[39m
[[90m12:33:37[39m] [33mWarning - [36mlint[33m - src\webparts\drugManagementSystem\components\Common\DetailList\DataGridComponent.tsx(89,11): error @typescript-eslint/no-unused-vars: 'Items' is assigned a value but never used.[39m
[[90m12:33:37[39m] [33mWarning - [36mlint[33m - src\webparts\drugManagementSystem\components\Common\DetailList\DataGridComponent.tsx(90,11): error @typescript-eslint/no-unused-vars: 'ColumnKey' is assigned a value but never used.[39m
[[90m12:33:37[39m] [33mWarning - [36mlint[33m - src\webparts\drugManagementSystem\components\Common\DetailList\DataGridComponent.tsx(91,11): error @typescript-eslint/no-unused-vars: 'pagedGroups' is assigned a value but never used.[39m
[[90m12:33:37[39m] [33mWarning - [36mlint[33m - src\webparts\drugManagementSystem\components\Common\DetailList\DataGridComponent.tsx(92,22): error @typescript-eslint/no-unused-vars: 'setKeyUpdate' is assigned a value but never used.[39m
[[90m12:33:37[39m] [33mWarning - [36mlint[33m - src\webparts\drugManagementSystem\components\Common\DetailList\DataGridComponent.tsx(102,8): error prefer-const: '_selection' is never reassigned. Use 'const' instead.[39m
[[90m12:33:37[39m] [33mWarning - [36mlint[33m - src\webparts\drugManagementSystem\components\Common\DetailList\DataGridComponent.tsx(118,11): error @typescript-eslint/no-unused-vars: 'UniqueProjectData' is assigned a value but never used.[39m
[[90m12:33:37[39m] [33mWarning - [36mlint[33m - src\webparts\drugManagementSystem\components\Common\DetailList\DataGridComponent.tsx(161,45): error eqeqeq: Expected '===' and instead saw '=='.[39m
[[90m12:33:37[39m] [33mWarning - [36mlint[33m - src\webparts\drugManagementSystem\components\Common\DetailList\DataGridComponent.tsx(174,10): error @typescript-eslint/no-unused-vars: 'pageditemsforGroup' is assigned a value but never used.[39m
[[90m12:33:37[39m] [33mWarning - [36mlint[33m - src\webparts\drugManagementSystem\components\Common\DetailList\DataGridComponent.tsx(175,45): error eqeqeq: Expected '===' and instead saw '=='.[39m
[[90m12:33:37[39m] [33mWarning - [36mlint[33m - src\webparts\drugManagementSystem\components\Common\DetailList\DataGridComponent.tsx(270,11): error prefer-const: 'uniqueProjects' is never reassigned. Use 'const' instead.[39m
[[90m12:33:37[39m] [33mWarning - [36mlint[33m - src\webparts\drugManagementSystem\components\Common\DetailList\DataGridComponent.tsx(271,11): error prefer-const: 'FilterProject' is never reassigned. Use 'const' instead.[39m
[[90m12:33:37[39m] [33mWarning - [36mlint[33m - src\webparts\drugManagementSystem\components\Common\DetailList\DataGridComponent.tsx(290,11): error @typescript-eslint/no-unused-vars: 'lengthOfArray' is assigned a value but never used.[39m
[[90m12:33:37[39m] [33mWarning - [36mlint[33m - src\webparts\drugManagementSystem\components\Common\DetailList\DataGridComponent.tsx(290,11): error prefer-const: 'lengthOfArray' is never reassigned. Use 'const' instead.[39m
[[90m12:33:37[39m] [33mWarning - [36mlint[33m - src\webparts\drugManagementSystem\components\Common\DetailList\DataGridComponent.tsx(292,14): error @typescript-eslint/no-unused-vars: 'project' is assigned a value but never used.[39m
[[90m12:33:37[39m] [33mWarning - [36mlint[33m - src\webparts\drugManagementSystem\components\Common\DetailList\DataGridComponent.tsx(292,14): error prefer-const: 'project' is never reassigned. Use 'const' instead.[39m
[[90m12:33:37[39m] [33mWarning - [36mlint[33m - src\webparts\drugManagementSystem\components\Common\DetailList\DataGridComponent.tsx(293,36): error no-empty-pattern: Unexpected empty array pattern.[39m
[[90m12:33:37[39m] [33mWarning - [36mlint[33m - src\webparts\drugManagementSystem\components\Common\DetailList\DataGridComponent.tsx(376,10): error @typescript-eslint/no-unused-vars: '_onAddNewItemClicked' is assigned a value but never used.[39m
[[90m12:33:37[39m] [33mWarning - [36mlint[33m - src\webparts\drugManagementSystem\components\Common\DetailList\DataGridComponent.tsx(381,10): error @typescript-eslint/no-unused-vars: 'DetailsListComponent' is assigned a value but never used.[39m
[[90m12:33:37[39m] [33mWarning - [36mlint[33m - src\webparts\drugManagementSystem\components\Common\DetailList\DataGridComponent.tsx(408,11): error prefer-const: 'uniqueProjects' is never reassigned. Use 'const' instead.[39m
[[90m12:33:37[39m] [33mWarning - [36mlint[33m - src\webparts\drugManagementSystem\components\Common\DetailList\DataGridComponent.tsx(409,11): error prefer-const: 'FilterProject' is never reassigned. Use 'const' instead.[39m
[[90m12:33:37[39m] [33mWarning - [36mlint[33m - src\webparts\drugManagementSystem\components\Common\DetailList\DataGridComponent.tsx(427,11): error prefer-const: 'data' is never reassigned. Use 'const' instead.[39m
[[90m12:33:37[39m] [33mWarning - [36mlint[33m - src\webparts\drugManagementSystem\components\Common\DetailList\DataGridComponent.tsx(430,14): error @typescript-eslint/no-unused-vars: 'project' is assigned a value but never used.[39m
[[90m12:33:37[39m] [33mWarning - [36mlint[33m - src\webparts\drugManagementSystem\components\Common\DetailList\DataGridComponent.tsx(430,14): error prefer-const: 'project' is never reassigned. Use 'const' instead.[39m
[[90m12:33:37[39m] [33mWarning - [36mlint[33m - src\webparts\drugManagementSystem\components\Common\DetailList\DataGridComponent.tsx(431,36): error no-empty-pattern: Unexpected empty array pattern.[39m
[[90m12:33:37[39m] [33mWarning - [36mlint[33m - src\webparts\drugManagementSystem\components\Common\DetailList\DataGridComponent.tsx(451,8): error @typescript-eslint/no-unused-vars: 'Labels' is defined but never used.[39m
[[90m12:33:37[39m] [33mWarning - [36mlint[33m - src\webparts\drugManagementSystem\components\Common\DetailList\DataGridComponent.tsx(453,11): error prefer-const: 'group' is never reassigned. Use 'const' instead.[39m
[[90m12:33:37[39m] [33mWarning - [36mlint[33m - src\webparts\drugManagementSystem\components\Common\DetailList\DataGridComponent.tsx(453,29): error no-empty-pattern: Unexpected empty array pattern.[39m
[[90m12:33:37[39m] [33mWarning - [36mlint[33m - src\webparts\drugManagementSystem\components\Common\DetailList\DetailListCommon.ts(6,20): error @typescript-eslint/no-explicit-any: Unexpected any. Specify a different type.[39m
[[90m12:33:37[39m] [33mWarning - [36mlint[33m - src\webparts\drugManagementSystem\components\Common\DetailList\DetailListCommon.ts(7,15): error @typescript-eslint/no-explicit-any: Unexpected any. Specify a different type.[39m
[[90m12:33:37[39m] [33mWarning - [36mlint[33m - src\webparts\drugManagementSystem\components\Common\DetailList\DetailListCommon.ts(8,23): error @typescript-eslint/no-explicit-any: Unexpected any. Specify a different type.[39m
[[90m12:33:37[39m] [33mWarning - [36mlint[33m - src\webparts\drugManagementSystem\components\Common\DetailList\DetailListCommon.ts(10,16): error @typescript-eslint/no-explicit-any: Unexpected any. Specify a different type.[39m
[[90m12:33:37[39m] [33mWarning - [36mlint[33m - src\webparts\drugManagementSystem\components\Common\DetailList\DetailListCommon.ts(14,137): error @typescript-eslint/no-explicit-any: Unexpected any. Specify a different type.[39m
[[90m12:33:37[39m] [33mWarning - [36mlint[33m - src\webparts\drugManagementSystem\components\Common\DetailList\DetailListCommon.ts(55,20): error eqeqeq: Expected '===' and instead saw '=='.[39m
[[90m12:33:37[39m] [33mWarning - [36mlint[33m - src\webparts\drugManagementSystem\components\Common\DetailList\DetailListCommon.ts(55,38): error eqeqeq: Expected '===' and instead saw '=='.[39m
[[90m12:33:37[39m] [33mWarning - [36mlint[33m - src\webparts\drugManagementSystem\components\Common\DetailList\DetailListCommon.ts(56,20): error eqeqeq: Expected '===' and instead saw '=='.[39m
[[90m12:33:37[39m] [33mWarning - [36mlint[33m - src\webparts\drugManagementSystem\components\Common\DetailList\DetailListCommon.ts(57,20): error eqeqeq: Expected '===' and instead saw '=='.[39m
[[90m12:33:37[39m] [33mWarning - [36mlint[33m - src\webparts\drugManagementSystem\components\Common\DetailList\DetailListCommon.ts(92,82): error @typescript-eslint/no-explicit-any: Unexpected any. Specify a different type.[39m
[[90m12:33:37[39m] [33mWarning - [36mlint[33m - src\webparts\drugManagementSystem\components\Common\DetailList\DetailListCommon.ts(92,87): error @typescript-eslint/explicit-function-return-type: Missing return type on function.[39m
[[90m12:33:37[39m] [33mWarning - [36mlint[33m - src\webparts\drugManagementSystem\components\Common\DetailList\DetailListCommon.ts(97,20): error @typescript-eslint/no-explicit-any: Unexpected any. Specify a different type.[39m
[[90m12:33:37[39m] [33mWarning - [36mlint[33m - src\webparts\drugManagementSystem\components\Common\DetailList\DetailListCommon.ts(118,107): error @typescript-eslint/explicit-function-return-type: Missing return type on function.[39m
[[90m12:33:37[39m] [33mWarning - [36mlint[33m - src\webparts\drugManagementSystem\components\Common\DetailList\ShimmerDetailsList.tsx(36,27): error @typescript-eslint/no-explicit-any: Unexpected any. Specify a different type.[39m
[[90m12:33:37[39m] [33mWarning - [36mlint[33m - src\webparts\drugManagementSystem\components\Common\DetailList\ShimmerDetailsList.tsx(37,16): error @typescript-eslint/no-explicit-any: Unexpected any. Specify a different type.[39m
[[90m12:33:37[39m] [33mWarning - [36mlint[33m - src\webparts\drugManagementSystem\components\Common\DetailList\ShimmerDetailsList.tsx(42,11): error @typescript-eslint/no-explicit-any: Unexpected any. Specify a different type.[39m
[[90m12:33:37[39m] [33mWarning - [36mlint[33m - src\webparts\drugManagementSystem\components\Common\DetailList\ShimmerDetailsList.tsx(43,14): error @typescript-eslint/no-explicit-any: Unexpected any. Specify a different type.[39m
[[90m12:33:37[39m] [33mWarning - [36mlint[33m - src\webparts\drugManagementSystem\components\Common\DetailList\ShimmerDetailsList.tsx(44,131): error @typescript-eslint/no-explicit-any: Unexpected any. Specify a different type.[39m
[[90m12:33:37[39m] [33mWarning - [36mlint[33m - src\webparts\drugManagementSystem\components\Common\DetailList\ShimmerDetailsList.tsx(45,29): error @typescript-eslint/no-explicit-any: Unexpected any. Specify a different type.[39m
[[90m12:33:37[39m] [33mWarning - [36mlint[33m - src\webparts\drugManagementSystem\components\Common\DetailList\ShimmerDetailsList.tsx(45,37): error @typescript-eslint/no-explicit-any: Unexpected any. Specify a different type.[39m
[[90m12:33:37[39m] [33mWarning - [36mlint[33m - src\webparts\drugManagementSystem\components\Common\DetailList\ShimmerDetailsList.tsx(54,37): error @typescript-eslint/no-explicit-any: Unexpected any. Specify a different type.[39m
[[90m12:33:37[39m] [33mWarning - [36mlint[33m - src\webparts\drugManagementSystem\components\Common\DetailList\ShimmerDetailsList.tsx(65,28): error @typescript-eslint/no-explicit-any: Unexpected any. Specify a different type.[39m
[[90m12:33:37[39m] [33mWarning - [36mlint[33m - src\webparts\drugManagementSystem\components\Common\DetailList\ShimmerDetailsList.tsx(66,32): error @typescript-eslint/no-explicit-any: Unexpected any. Specify a different type.[39m
[[90m12:33:37[39m] [33mWarning - [36mlint[33m - src\webparts\drugManagementSystem\components\Common\DetailList\ShimmerDetailsList.tsx(75,55): error @typescript-eslint/no-explicit-any: Unexpected any. Specify a different type.[39m
[[90m12:33:37[39m] [33mWarning - [36mlint[33m - src\webparts\drugManagementSystem\components\Common\DetailList\ShimmerDetailsList.tsx(100,29): error @typescript-eslint/explicit-function-return-type: Missing return type on function.[39m
[[90m12:33:37[39m] [33mWarning - [36mlint[33m - src\webparts\drugManagementSystem\components\Common\DetailList\ShimmerDetailsList.tsx(107,33): error @typescript-eslint/no-explicit-any: Unexpected any. Specify a different type.[39m
[[90m12:33:37[39m] [33mWarning - [36mlint[33m - src\webparts\drugManagementSystem\components\Common\DetailList\ShimmerDetailsList.tsx(107,38): error @typescript-eslint/explicit-function-return-type: Missing return type on function.[39m
[[90m12:33:37[39m] [33mWarning - [36mlint[33m - src\webparts\drugManagementSystem\components\Common\DetailList\ShimmerDetailsList.tsx(110,13): error no-void: Expected 'undefined' and instead saw 'void'.[39m
[[90m12:33:37[39m] [33mWarning - [36mlint[33m - src\webparts\drugManagementSystem\components\Common\DetailList\ShimmerDetailsList.tsx(126,16): error @typescript-eslint/no-unused-vars: 'error' is defined but never used.[39m
[[90m12:33:37[39m] [33mWarning - [36mlint[33m - src\webparts\drugManagementSystem\components\Common\DetailList\ShimmerDetailsList.tsx(134,7): error no-void: Expected 'undefined' and instead saw 'void'.[39m
[[90m12:33:37[39m] [33mWarning - [36mlint[33m - src\webparts\drugManagementSystem\components\Common\DetailList\ShimmerDetailsList.tsx(158,36): error @typescript-eslint/no-explicit-any: Unexpected any. Specify a different type.[39m
[[90m12:33:37[39m] [33mWarning - [36mlint[33m - src\webparts\drugManagementSystem\components\Common\DetailList\ShimmerDetailsList.tsx(213,33): error @typescript-eslint/no-explicit-any: Unexpected any. Specify a different type.[39m
[[90m12:33:37[39m] [33mWarning - [36mlint[33m - src\webparts\drugManagementSystem\components\Common\DetailList\ShimmerDetailsList.tsx(213,60): error @typescript-eslint/no-explicit-any: Unexpected any. Specify a different type.[39m
[[90m12:33:37[39m] [33mWarning - [36mlint[33m - src\webparts\drugManagementSystem\components\Common\DetailList\ShimmerDetailsList.tsx(216,40): error @typescript-eslint/no-explicit-any: Unexpected any. Specify a different type.[39m
[[90m12:33:37[39m] [33mWarning - [36mlint[33m - src\webparts\drugManagementSystem\components\Common\DetailList\ShimmerDetailsList.tsx(227,21): error @typescript-eslint/no-explicit-any: Unexpected any. Specify a different type.[39m
[[90m12:33:37[39m] [33mWarning - [36mlint[33m - src\webparts\drugManagementSystem\components\Common\DetailList\ShimmerDetailsList.tsx(231,24): error @typescript-eslint/no-explicit-any: Unexpected any. Specify a different type.[39m
[[90m12:33:37[39m] [33mWarning - [36mlint[33m - src\webparts\drugManagementSystem\components\Common\DetailList\ShimmerDetailsList.tsx(245,17): error @typescript-eslint/no-explicit-any: Unexpected any. Specify a different type.[39m
[[90m12:33:37[39m] [33mWarning - [36mlint[33m - src\webparts\drugManagementSystem\components\Common\DetailList\ShimmerDetailsList.tsx(332,125): error @typescript-eslint/explicit-function-return-type: Missing return type on function.[39m
[[90m12:33:37[39m] [33mWarning - [36mlint[33m - src\webparts\drugManagementSystem\components\Common\Dialogs\DialogComponent.tsx(9,23): error @typescript-eslint/no-explicit-any: Unexpected any. Specify a different type.[39m
[[90m12:33:37[39m] [33mWarning - [36mlint[33m - src\webparts\drugManagementSystem\components\Common\Dialogs\DialogConfirmationComponent.tsx(9,23): error @typescript-eslint/no-explicit-any: Unexpected any. Specify a different type.[39m
[[90m12:33:37[39m] [33mWarning - [36mlint[33m - src\webparts\drugManagementSystem\components\Common\Dialogs\MessageDialog.tsx(32,22): error @typescript-eslint/explicit-function-return-type: Missing return type on function.[39m
[[90m12:33:37[39m] [33mWarning - [36mlint[33m - src\webparts\drugManagementSystem\components\Common\Dialogs\MessageDialog.tsx(47,29): error @typescript-eslint/explicit-function-return-type: Missing return type on function.[39m
[[90m12:33:37[39m] [33mWarning - [36mlint[33m - src\webparts\drugManagementSystem\components\Common\EmptyState\EmptyState.tsx(4,19): error @typescript-eslint/no-unused-vars: 'faPlus' is defined but never used.[39m
[[90m12:33:37[39m] [33mWarning - [36mlint[33m - src\webparts\drugManagementSystem\components\Common\Filter\DesignationFilter.tsx(10,29): error @typescript-eslint/no-explicit-any: Unexpected any. Specify a different type.[39m
[[90m12:33:37[39m] [33mWarning - [36mlint[33m - src\webparts\drugManagementSystem\components\Common\Filter\DesignationFilter.tsx(11,60): error @typescript-eslint/no-explicit-any: Unexpected any. Specify a different type.[39m
[[90m12:33:37[39m] [33mWarning - [36mlint[33m - src\webparts\drugManagementSystem\components\Common\Filter\DesignationFilter.tsx(12,20): error @typescript-eslint/no-explicit-any: Unexpected any. Specify a different type.[39m
[[90m12:33:37[39m] [33mWarning - [36mlint[33m - src\webparts\drugManagementSystem\components\Common\Filter\DesignationFilter.tsx(18,78): error @typescript-eslint/no-explicit-any: Unexpected any. Specify a different type.[39m
[[90m12:33:37[39m] [33mWarning - [36mlint[33m - src\webparts\drugManagementSystem\components\Common\Filter\DesignationFilter.tsx(23,50): error @typescript-eslint/no-explicit-any: Unexpected any. Specify a different type.[39m
[[90m12:33:37[39m] [33mWarning - [36mlint[33m - src\webparts\drugManagementSystem\components\Common\Filter\DesignationFilter.tsx(24,58): error @typescript-eslint/no-explicit-any: Unexpected any. Specify a different type.[39m
[[90m12:33:37[39m] [33mWarning - [36mlint[33m - src\webparts\drugManagementSystem\components\Common\Filter\DesignationFilter.tsx(27,38): error @typescript-eslint/explicit-function-return-type: Missing return type on function.[39m
[[90m12:33:37[39m] [33mWarning - [36mlint[33m - src\webparts\drugManagementSystem\components\Common\Filter\DesignationFilter.tsx(33,35): error @typescript-eslint/no-explicit-any: Unexpected any. Specify a different type.[39m
[[90m12:33:37[39m] [33mWarning - [36mlint[33m - src\webparts\drugManagementSystem\components\Common\Filter\DesignationFilter.tsx(50,27): error @typescript-eslint/no-explicit-any: Unexpected any. Specify a different type.[39m
[[90m12:33:37[39m] [33mWarning - [36mlint[33m - src\webparts\drugManagementSystem\components\Common\Filter\FinancialYear.tsx(9,38): error @typescript-eslint/no-explicit-any: Unexpected any. Specify a different type.[39m
[[90m12:33:37[39m] [33mWarning - [36mlint[33m - src\webparts\drugManagementSystem\components\Common\Filter\FinancialYear.tsx(19,68): error @typescript-eslint/no-explicit-any: Unexpected any. Specify a different type.[39m
[[90m12:33:37[39m] [33mWarning - [36mlint[33m - src\webparts\drugManagementSystem\components\Common\Filter\FinancialYear.tsx(20,68): error @typescript-eslint/no-explicit-any: Unexpected any. Specify a different type.[39m
[[90m12:33:37[39m] [33mWarning - [36mlint[33m - src\webparts\drugManagementSystem\components\Common\Filter\FinancialYear.tsx(22,39): error @typescript-eslint/no-explicit-any: Unexpected any. Specify a different type.[39m
[[90m12:33:37[39m] [33mWarning - [36mlint[33m - src\webparts\drugManagementSystem\components\Common\Filter\FinancialYear.tsx(45,13): error prefer-const: 'dropvalue' is never reassigned. Use 'const' instead.[39m
[[90m12:33:37[39m] [33mWarning - [36mlint[33m - src\webparts\drugManagementSystem\components\Common\Filter\FinancialYear.tsx(45,24): error @typescript-eslint/no-explicit-any: Unexpected any. Specify a different type.[39m
[[90m12:33:37[39m] [33mWarning - [36mlint[33m - src\webparts\drugManagementSystem\components\Common\Filter\FinancialYear.tsx(49,76): error @typescript-eslint/no-explicit-any: Unexpected any. Specify a different type.[39m
[[90m12:33:37[39m] [33mWarning - [36mlint[33m - src\webparts\drugManagementSystem\components\Common\Filter\FinancialYear.tsx(50,31): error @typescript-eslint/no-explicit-any: Unexpected any. Specify a different type.[39m
[[90m12:33:37[39m] [33mWarning - [36mlint[33m - src\webparts\drugManagementSystem\components\Common\Filter\FinancialYear.tsx(50,39): error @typescript-eslint/no-explicit-any: Unexpected any. Specify a different type.[39m
[[90m12:33:37[39m] [33mWarning - [36mlint[33m - src\webparts\drugManagementSystem\components\Common\Filter\FinancialYear.tsx(56,42): error @typescript-eslint/no-explicit-any: Unexpected any. Specify a different type.[39m
[[90m12:33:37[39m] [33mWarning - [36mlint[33m - src\webparts\drugManagementSystem\components\Common\HeaderComponent.tsx(7,32): error @typescript-eslint/no-explicit-any: Unexpected any. Specify a different type.[39m
[[90m12:33:37[39m] [33mWarning - [36mlint[33m - src\webparts\drugManagementSystem\components\Common\HeaderComponent.tsx(16,33): error @typescript-eslint/explicit-function-return-type: Missing return type on function.[39m
[[90m12:33:37[39m] [33mWarning - [36mlint[33m - src\webparts\drugManagementSystem\components\Common\HeaderComponent.tsx(53,33): error @typescript-eslint/no-explicit-any: Unexpected any. Specify a different type.[39m
[[90m12:33:37[39m] [33mWarning - [36mlint[33m - src\webparts\drugManagementSystem\components\Common\HeaderComponent.tsx(53,38): error @typescript-eslint/explicit-function-return-type: Missing return type on function.[39m
[[90m12:33:37[39m] [33mWarning - [36mlint[33m - src\webparts\drugManagementSystem\components\Common\Header\Header1.tsx(1,27): error @typescript-eslint/no-unused-vars: 'Link' is defined but never used.[39m
[[90m12:33:37[39m] [33mWarning - [36mlint[33m - src\webparts\drugManagementSystem\components\Common\Header\Header1.tsx(3,17): error @typescript-eslint/no-unused-vars: 'useBoolean' is defined but never used.[39m
[[90m12:33:37[39m] [33mWarning - [36mlint[33m - src\webparts\drugManagementSystem\components\Common\Header\Header1.tsx(5,10): error @typescript-eslint/no-unused-vars: 'ComponentName' is defined but never used.[39m
[[90m12:33:37[39m] [33mWarning - [36mlint[33m - src\webparts\drugManagementSystem\components\Common\Header\Header1.tsx(14,29): error @typescript-eslint/no-explicit-any: Unexpected any. Specify a different type.[39m
[[90m12:33:37[39m] [33mWarning - [36mlint[33m - src\webparts\drugManagementSystem\components\Common\Header\Header1.tsx(28,35): error @typescript-eslint/no-unused-vars: 'provider' is assigned a value but never used.[39m
[[90m12:33:37[39m] [33mWarning - [36mlint[33m - src\webparts\drugManagementSystem\components\Common\Header\Header1.tsx(29,11): error @typescript-eslint/no-unused-vars: 'pageURL' is assigned a value but never used.[39m
[[90m12:33:37[39m] [33mWarning - [36mlint[33m - src\webparts\drugManagementSystem\components\Common\Header\Header1.tsx(38,43): error @typescript-eslint/explicit-function-return-type: Missing return type on function.[39m
[[90m12:33:37[39m] [33mWarning - [36mlint[33m - src\webparts\drugManagementSystem\components\Common\Header\Header1.tsx(39,41): error @typescript-eslint/no-explicit-any: Unexpected any. Specify a different type.[39m
[[90m12:33:37[39m] [33mWarning - [36mlint[33m - src\webparts\drugManagementSystem\components\Common\Header\Header1.tsx(174,11): error @typescript-eslint/no-unused-vars: 'plainCardProps' is assigned a value but never used.[39m
[[90m12:33:37[39m] [33mWarning - [36mlint[33m - src\webparts\drugManagementSystem\components\Common\Header\HeaderAtom.ts(6,20): error @typescript-eslint/no-explicit-any: Unexpected any. Specify a different type.[39m
[[90m12:33:37[39m] [33mWarning - [36mlint[33m - src\webparts\drugManagementSystem\components\Common\PeoplePicker.tsx(7,20): error @typescript-eslint/no-explicit-any: Unexpected any. Specify a different type.[39m
[[90m12:33:37[39m] [33mWarning - [36mlint[33m - src\webparts\drugManagementSystem\components\Common\PeoplePicker.tsx(9,36): error @typescript-eslint/no-explicit-any: Unexpected any. Specify a different type.[39m
[[90m12:33:37[39m] [33mWarning - [36mlint[33m - src\webparts\drugManagementSystem\components\Common\PeoplePicker.tsx(16,33): error @typescript-eslint/no-explicit-any: Unexpected any. Specify a different type.[39m
[[90m12:33:37[39m] [33mWarning - [36mlint[33m - src\webparts\drugManagementSystem\components\Common\StatusBadge\StatusBadge.tsx(39,65): error dot-notation: ["draft"] is better written in dot notation.[39m
[[90m12:33:37[39m] [33mWarning - [36mlint[33m - src\webparts\drugManagementSystem\components\Common\Toast\ToastHost.tsx(24,34): error @typescript-eslint/explicit-function-return-type: Missing return type on function.[39m
[[90m12:33:37[39m] [33mWarning - [36mlint[33m - src\webparts\drugManagementSystem\components\Common\Toast\ToastHost.tsx(39,61): error @typescript-eslint/no-explicit-any: Unexpected any. Specify a different type.[39m
[[90m12:33:37[39m] [33mWarning - [36mlint[33m - src\webparts\drugManagementSystem\components\Common\Toast\ToastHost.tsx(40,77): error @typescript-eslint/no-explicit-any: Unexpected any. Specify a different type.[39m
[[90m12:33:37[39m] [33mWarning - [36mlint[33m - src\webparts\drugManagementSystem\components\Common\Util.ts(3,8): error @typescript-eslint/no-unused-vars: 'IPnPQueryOptions' is defined but never used.[39m
[[90m12:33:37[39m] [33mWarning - [36mlint[33m - src\webparts\drugManagementSystem\components\Common\Util.ts(3,28): error @typescript-eslint/no-unused-vars: 'IPnPCAMLQueryOptions' is defined but never used.[39m
[[90m12:33:37[39m] [33mWarning - [36mlint[33m - src\webparts\drugManagementSystem\components\Common\Util.ts(5,10): error @typescript-eslint/no-unused-vars: 'IEmployeeID' is defined but never used.[39m
[[90m12:33:37[39m] [33mWarning - [36mlint[33m - src\webparts\drugManagementSystem\components\Common\dragandDrop\DocumentCard.tsx(17,11): error @typescript-eslint/no-explicit-any: Unexpected any. Specify a different type.[39m
[[90m12:33:37[39m] [33mWarning - [36mlint[33m - src\webparts\drugManagementSystem\components\Common\dragandDrop\DocumentCard.tsx(18,38): error @typescript-eslint/no-explicit-any: Unexpected any. Specify a different type.[39m
[[90m12:33:37[39m] [33mWarning - [36mlint[33m - src\webparts\drugManagementSystem\components\Common\dragandDrop\DocumentCard.tsx(43,48): error @typescript-eslint/explicit-function-return-type: Missing return type on function.[39m
[[90m12:33:37[39m] [33mWarning - [36mlint[33m - src\webparts\drugManagementSystem\components\Common\dragandDrop\DragandDropFilePicker.tsx(8,30): error @typescript-eslint/no-explicit-any: Unexpected any. Specify a different type.[39m
[[90m12:33:37[39m] [33mWarning - [36mlint[33m - src\webparts\drugManagementSystem\components\Common\dragandDrop\DragandDropFilePicker.tsx(50,59): error @typescript-eslint/no-explicit-any: Unexpected any. Specify a different type.[39m
[[90m12:33:37[39m] [33mWarning - [36mlint[33m - src\webparts\drugManagementSystem\components\Common\dragandDrop\DragandDropFilePickerData.tsx(6,30): error @typescript-eslint/no-explicit-any: Unexpected any. Specify a different type.[39m
[[90m12:33:37[39m] [33mWarning - [36mlint[33m - src\webparts\drugManagementSystem\components\Common\dragandDrop\DragandDropFilePickerData.tsx(8,8): error @typescript-eslint/explicit-function-return-type: Missing return type on function.[39m
[[90m12:33:37[39m] [33mWarning - [36mlint[33m - src\webparts\drugManagementSystem\components\Common\dragandDrop\DragandDropFilePickerData.tsx(11,35): error @typescript-eslint/no-explicit-any: Unexpected any. Specify a different type.[39m
[[90m12:33:37[39m] [33mWarning - [36mlint[33m - src\webparts\drugManagementSystem\components\Common\dragandDrop\DragandDropFilePickerData.tsx(12,46): error @typescript-eslint/no-explicit-any: Unexpected any. Specify a different type.[39m
[[90m12:33:37[39m] [33mWarning - [36mlint[33m - src\webparts\drugManagementSystem\components\Common\dragandDrop\DragandDropFilePickerData.tsx(14,28): error @typescript-eslint/no-explicit-any: Unexpected any. Specify a different type.[39m
[[90m12:33:37[39m] [33mWarning - [36mlint[33m - src\webparts\drugManagementSystem\components\Common\dragandDrop\DragandDropFilePickerData.tsx(14,33): error @typescript-eslint/explicit-function-return-type: Missing return type on function.[39m
[[90m12:33:37[39m] [33mWarning - [36mlint[33m - src\webparts\drugManagementSystem\components\Common\dragandDrop\DragandDropFilePickerData.tsx(19,38): error @typescript-eslint/no-explicit-any: Unexpected any. Specify a different type.[39m
[[90m12:33:37[39m] [33mWarning - [36mlint[33m - src\webparts\drugManagementSystem\components\Common\dragandDrop\DragandDropFilePickerData.tsx(41,30): error @typescript-eslint/no-explicit-any: Unexpected any. Specify a different type.[39m
[[90m12:33:37[39m] [33mWarning - [36mlint[33m - src\webparts\drugManagementSystem\components\Common\dragandDrop\DragandDropFilePickerData.tsx(49,28): error @typescript-eslint/no-explicit-any: Unexpected any. Specify a different type.[39m
[[90m12:33:37[39m] [33mWarning - [36mlint[33m - src\webparts\drugManagementSystem\components\Common\dragandDrop\DragandDropFilePickerData.tsx(59,46): error @typescript-eslint/explicit-function-return-type: Missing return type on function.[39m
[[90m12:33:37[39m] [33mWarning - [36mlint[33m - src\webparts\drugManagementSystem\components\Common\dragandDrop\DragandDropFilePickerData.tsx(60,46): error @typescript-eslint/no-explicit-any: Unexpected any. Specify a different type.[39m
[[90m12:33:37[39m] [33mWarning - [36mlint[33m - src\webparts\drugManagementSystem\components\Common\dragandDrop\DragandDropFilePickerData.tsx(64,30): error @typescript-eslint/no-explicit-any: Unexpected any. Specify a different type.[39m
[[90m12:33:37[39m] [33mWarning - [36mlint[33m - src\webparts\drugManagementSystem\components\Common\dragandDrop\DragandDropFilePickerData.tsx(68,38): error @typescript-eslint/no-explicit-any: Unexpected any. Specify a different type.[39m
[[90m12:33:37[39m] [33mWarning - [36mlint[33m - src\webparts\drugManagementSystem\components\Common\importExcel\ImportExcel.tsx(16,19): error @typescript-eslint/no-explicit-any: Unexpected any. Specify a different type.[39m
[[90m12:33:37[39m] [33mWarning - [36mlint[33m - src\webparts\drugManagementSystem\components\Common\importExcel\importExcelData.ts(14,20): error @typescript-eslint/no-explicit-any: Unexpected any. Specify a different type.[39m
[[90m12:33:37[39m] [33mWarning - [36mlint[33m - src\webparts\drugManagementSystem\components\Common\importExcel\importExcelData.ts(25,8): error @typescript-eslint/explicit-function-return-type: Missing return type on function.[39m
[[90m12:33:37[39m] [33mWarning - [36mlint[33m - src\webparts\drugManagementSystem\components\Common\importExcel\importExcelData.ts(38,55): error @typescript-eslint/no-explicit-any: Unexpected any. Specify a different type.[39m
[[90m12:33:37[39m] [33mWarning - [36mlint[33m - src\webparts\drugManagementSystem\components\Common\importExcel\importExcelData.ts(38,77): error @typescript-eslint/no-explicit-any: Unexpected any. Specify a different type.[39m
[[90m12:33:37[39m] [33mWarning - [36mlint[33m - src\webparts\drugManagementSystem\components\Common\importExcel\importExcelData.ts(38,91): error @typescript-eslint/no-explicit-any: Unexpected any. Specify a different type.[39m
[[90m12:33:37[39m] [33mWarning - [36mlint[33m - src\webparts\drugManagementSystem\components\Common\importExcel\importExcelData.ts(42,45): error @typescript-eslint/no-explicit-any: Unexpected any. Specify a different type.[39m
[[90m12:33:37[39m] [33mWarning - [36mlint[33m - src\webparts\drugManagementSystem\components\Common\importExcel\importExcelData.ts(46,26): error @typescript-eslint/no-explicit-any: Unexpected any. Specify a different type.[39m
[[90m12:33:37[39m] [33mWarning - [36mlint[33m - src\webparts\drugManagementSystem\components\Common\importExcel\importExcelData.ts(55,53): error @typescript-eslint/no-explicit-any: Unexpected any. Specify a different type.[39m
[[90m12:33:37[39m] [33mWarning - [36mlint[33m - src\webparts\drugManagementSystem\components\Common\importExcel\importExcelData.ts(56,28): error @typescript-eslint/no-explicit-any: Unexpected any. Specify a different type.[39m
[[90m12:33:37[39m] [33mWarning - [36mlint[33m - src\webparts\drugManagementSystem\components\Common\importExcel\importExcelData.ts(58,9): error @typescript-eslint/no-floating-promises: An array of Promises may be unintentional. Consider handling the promises' fulfillment or rejection with Promise.all or similar, or explicitly marking the expression as ignored with the `void` operator.[39m
[[90m12:33:37[39m] [33mWarning - [36mlint[33m - src\webparts\drugManagementSystem\components\Common\importExcel\importExcelData.ts(58,35): error @typescript-eslint/no-explicit-any: Unexpected any. Specify a different type.[39m
[[90m12:33:37[39m] [33mWarning - [36mlint[33m - src\webparts\drugManagementSystem\components\Common\importExcel\importExcelData.ts(62,27): error @typescript-eslint/no-explicit-any: Unexpected any. Specify a different type.[39m
[[90m12:33:37[39m] [33mWarning - [36mlint[33m - src\webparts\drugManagementSystem\components\Common\importExcel\importExcelData.ts(63,82): error @typescript-eslint/no-explicit-any: Unexpected any. Specify a different type.[39m
[[90m12:33:37[39m] [33mWarning - [36mlint[33m - src\webparts\drugManagementSystem\components\Common\importExcel\importExcelData.ts(74,57): error @typescript-eslint/no-explicit-any: Unexpected any. Specify a different type.[39m
[[90m12:33:37[39m] [33mWarning - [36mlint[33m - src\webparts\drugManagementSystem\components\Common\importExcel\importExcelData.ts(80,42): error @typescript-eslint/no-explicit-any: Unexpected any. Specify a different type.[39m
[[90m12:33:37[39m] [33mWarning - [36mlint[33m - src\webparts\drugManagementSystem\components\Common\importExcel\importExcelData.ts(80,47): error @typescript-eslint/explicit-function-return-type: Missing return type on function.[39m
[[90m12:33:37[39m] [33mWarning - [36mlint[33m - src\webparts\drugManagementSystem\components\Common\importExcel\importExcelData.ts(82,25): error @typescript-eslint/no-explicit-any: Unexpected any. Specify a different type.[39m
[[90m12:33:37[39m] [33mWarning - [36mlint[33m - src\webparts\drugManagementSystem\components\Common\importExcel\importExcelData.ts(83,29): error @typescript-eslint/no-explicit-any: Unexpected any. Specify a different type.[39m
[[90m12:33:37[39m] [33mWarning - [36mlint[33m - src\webparts\drugManagementSystem\components\Common\importExcel\importExcelData.ts(85,51): error @typescript-eslint/no-explicit-any: Unexpected any. Specify a different type.[39m
[[90m12:33:37[39m] [33mWarning - [36mlint[33m - src\webparts\drugManagementSystem\components\Common\importExcel\importExcelData.ts(86,36): error @typescript-eslint/no-explicit-any: Unexpected any. Specify a different type.[39m
[[90m12:33:37[39m] [33mWarning - [36mlint[33m - src\webparts\drugManagementSystem\components\Common\importExcel\importExcelData.ts(94,13): error no-void: Expected 'undefined' and instead saw 'void'.[39m
[[90m12:33:37[39m] [33mWarning - [36mlint[33m - src\webparts\drugManagementSystem\components\Common\importExcel\importExcelData.ts(120,55): error @typescript-eslint/no-explicit-any: Unexpected any. Specify a different type.[39m
[[90m12:33:37[39m] [33mWarning - [36mlint[33m - src\webparts\drugManagementSystem\components\Common\importExcel\importExcelData.ts(120,60): error @typescript-eslint/explicit-function-return-type: Missing return type on function.[39m
[[90m12:33:37[39m] [33mWarning - [36mlint[33m - src\webparts\drugManagementSystem\components\Common\importExcel\importExcelData.ts(123,21): error @typescript-eslint/no-explicit-any: Unexpected any. Specify a different type.[39m
[[90m12:33:37[39m] [33mWarning - [36mlint[33m - src\webparts\drugManagementSystem\components\Common\importExcel\importExcelData.ts(125,35): error @typescript-eslint/no-explicit-any: Unexpected any. Specify a different type.[39m
[[90m12:33:37[39m] [33mWarning - [36mlint[33m - src\webparts\drugManagementSystem\components\Common\importExcel\importExcelData.ts(130,33): error @typescript-eslint/no-explicit-any: Unexpected any. Specify a different type.[39m
[[90m12:33:37[39m] [33mWarning - [36mlint[33m - src\webparts\drugManagementSystem\components\Common\importExcel\importExcelData.ts(130,66): error @typescript-eslint/no-explicit-any: Unexpected any. Specify a different type.[39m
[[90m12:33:37[39m] [33mWarning - [36mlint[33m - src\webparts\drugManagementSystem\components\Common\importExcel\importExcelData.ts(149,34): error @typescript-eslint/no-explicit-any: Unexpected any. Specify a different type.[39m
[[90m12:33:37[39m] [33mWarning - [36mlint[33m - src\webparts\drugManagementSystem\components\Common\importExcel\importExcelData.ts(156,34): error @typescript-eslint/explicit-function-return-type: Missing return type on function.[39m
[[90m12:33:37[39m] [33mWarning - [36mlint[33m - src\webparts\drugManagementSystem\components\Common\importExcel\importExcelData.ts(160,31): error @typescript-eslint/explicit-function-return-type: Missing return type on function.[39m
[[90m12:33:37[39m] [33mWarning - [36mlint[33m - src\webparts\drugManagementSystem\components\Common\importExcel\importExcelData.ts(165,45): error @typescript-eslint/no-explicit-any: Unexpected any. Specify a different type.[39m
[[90m12:33:37[39m] [33mWarning - [36mlint[33m - src\webparts\drugManagementSystem\components\Common\importExcel\importExcelData.ts(165,50): error @typescript-eslint/explicit-function-return-type: Missing return type on function.[39m
[[90m12:33:37[39m] [33mWarning - [36mlint[33m - src\webparts\drugManagementSystem\components\Common\importExcel\importExcelData.ts(184,28): error @typescript-eslint/explicit-function-return-type: Missing return type on function.[39m
[[90m12:33:37[39m] [33mWarning - [36mlint[33m - src\webparts\drugManagementSystem\components\Common\utils.ts(192,46): error @typescript-eslint/no-explicit-any: Unexpected any. Specify a different type.[39m
[[90m12:33:37[39m] [33mWarning - [36mlint[33m - src\webparts\drugManagementSystem\components\Common\utils.ts(192,56): error @typescript-eslint/no-explicit-any: Unexpected any. Specify a different type.[39m
[[90m12:33:37[39m] [33mWarning - [36mlint[33m - src\webparts\drugManagementSystem\components\Common\utils.ts(196,16): error @typescript-eslint/no-explicit-any: Unexpected any. Specify a different type.[39m
[[90m12:33:37[39m] [33mWarning - [36mlint[33m - src\webparts\drugManagementSystem\components\Common\utils.ts(209,46): error @typescript-eslint/no-explicit-any: Unexpected any. Specify a different type.[39m
[[90m12:33:37[39m] [33mWarning - [36mlint[33m - src\webparts\drugManagementSystem\components\Common\utils.ts(209,56): error @typescript-eslint/no-explicit-any: Unexpected any. Specify a different type.[39m
[[90m12:33:37[39m] [33mWarning - [36mlint[33m - src\webparts\drugManagementSystem\components\Common\utils.ts(250,10): error @typescript-eslint/no-explicit-any: Unexpected any. Specify a different type.[39m
[[90m12:33:37[39m] [33mWarning - [36mlint[33m - src\webparts\drugManagementSystem\components\Common\utils.ts(282,30): error @typescript-eslint/no-explicit-any: Unexpected any. Specify a different type.[39m
[[90m12:33:37[39m] [33mWarning - [36mlint[33m - src\webparts\drugManagementSystem\components\Common\utils.ts(289,48): error @typescript-eslint/no-explicit-any: Unexpected any. Specify a different type.[39m
[[90m12:33:37[39m] [33mWarning - [36mlint[33m - src\webparts\drugManagementSystem\components\Common\utils.ts(299,40): error @typescript-eslint/no-explicit-any: Unexpected any. Specify a different type.[39m
[[90m12:33:37[39m] [33mWarning - [36mlint[33m - src\webparts\drugManagementSystem\components\ComponentContainer.tsx(2,10): error @typescript-eslint/no-unused-vars: 'useAtom' is defined but never used.[39m
[[90m12:33:37[39m] [33mWarning - [36mlint[33m - src\webparts\drugManagementSystem\components\ComponentContainer.tsx(3,10): error @typescript-eslint/no-unused-vars: 'appGlobalStateAtom' is defined but never used.[39m
[[90m12:33:37[39m] [33mWarning - [36mlint[33m - src\webparts\drugManagementSystem\components\ComponentContainer.tsx(23,19): error @typescript-eslint/no-explicit-any: Unexpected any. Specify a different type.[39m
[[90m12:33:37[39m] [33mWarning - [36mlint[33m - src\webparts\drugManagementSystem\components\ComponentContainer.tsx(24,32): error @typescript-eslint/no-explicit-any: Unexpected any. Specify a different type.[39m
[[90m12:33:37[39m] [33mWarning - [36mlint[33m - src\webparts\drugManagementSystem\components\ComponentContainer.tsx(29,30): error @typescript-eslint/explicit-function-return-type: Missing return type on function.[39m
[[90m12:33:37[39m] [33mWarning - [36mlint[33m - src\webparts\drugManagementSystem\components\ComponentContainer.tsx(30,11): error @typescript-eslint/no-unused-vars: 'commonProps' is assigned a value but never used.[39m
[[90m12:33:37[39m] [33mWarning - [36mlint[33m - src\webparts\drugManagementSystem\components\Custom\components\Admin\AddDocumentModal\AddDocumentModal.tsx(16,33): error @typescript-eslint/no-explicit-any: Unexpected any. Specify a different type.[39m
[[90m12:33:37[39m] [33mWarning - [36mlint[33m - src\webparts\drugManagementSystem\components\Custom\components\Admin\AddDocumentModal\AddDocumentModal.tsx(44,78): error @typescript-eslint/no-explicit-any: Unexpected any. Specify a different type.[39m
[[90m12:33:37[39m] [33mWarning - [36mlint[33m - src\webparts\drugManagementSystem\components\Custom\components\Admin\AddDocumentModal\AddDocumentModal.tsx(70,13): error react/self-closing-comp: Empty components are self-closing[39m
[[90m12:33:37[39m] [33mWarning - [36mlint[33m - src\webparts\drugManagementSystem\components\Custom\components\Admin\AddDocumentModal\AddDocumentModal.tsx(75,13): error react/self-closing-comp: Empty components are self-closing[39m
[[90m12:33:37[39m] [33mWarning - [36mlint[33m - src\webparts\drugManagementSystem\components\Custom\components\Admin\AddDocumentModal\AddDocumentModal.tsx(100,35): error @typescript-eslint/no-explicit-any: Unexpected any. Specify a different type.[39m
[[90m12:33:37[39m] [33mWarning - [36mlint[33m - src\webparts\drugManagementSystem\components\Custom\components\Admin\AddDocumentModal\AddDocumentModal.tsx(100,91): error @typescript-eslint/no-explicit-any: Unexpected any. Specify a different type.[39m
[[90m12:33:37[39m] [33mWarning - [36mlint[33m - src\webparts\drugManagementSystem\components\Custom\components\Admin\AddDocumentModal\AddDocumentModal.tsx(117,35): error @typescript-eslint/no-explicit-any: Unexpected any. Specify a different type.[39m
[[90m12:33:37[39m] [33mWarning - [36mlint[33m - src\webparts\drugManagementSystem\components\Custom\components\Admin\AddDocumentModal\AddDocumentModal.tsx(117,94): error @typescript-eslint/no-explicit-any: Unexpected any. Specify a different type.[39m
[[90m12:33:37[39m] [33mWarning - [36mlint[33m - src\webparts\drugManagementSystem\components\Custom\components\Admin\AddDocumentModal\AddDocumentModalData.tsx(60,8): error @typescript-eslint/explicit-function-return-type: Missing return type on function.[39m
[[90m12:33:37[39m] [33mWarning - [36mlint[33m - src\webparts\drugManagementSystem\components\Custom\components\Admin\AddDocumentModal\AddDocumentModalData.tsx(141,36): error @typescript-eslint/no-explicit-any: Unexpected any. Specify a different type.[39m
[[90m12:33:37[39m] [33mWarning - [36mlint[33m - src\webparts\drugManagementSystem\components\Custom\components\Admin\AddDocumentModal\AddDocumentModalData.tsx(147,39): error @typescript-eslint/no-explicit-any: Unexpected any. Specify a different type.[39m
[[90m12:33:37[39m] [33mWarning - [36mlint[33m - src\webparts\drugManagementSystem\components\Custom\components\Admin\AddDocumentModal\AddDocumentModalData.tsx(153,40): error @typescript-eslint/no-explicit-any: Unexpected any. Specify a different type.[39m
[[90m12:33:37[39m] [33mWarning - [36mlint[33m - src\webparts\drugManagementSystem\components\Custom\components\Admin\AddDocumentModal\AddDocumentModalData.tsx(167,38): error @typescript-eslint/no-explicit-any: Unexpected any. Specify a different type.[39m
[[90m12:33:37[39m] [33mWarning - [36mlint[33m - src\webparts\drugManagementSystem\components\Custom\components\Admin\AddDocumentModal\AddDocumentModalData.tsx(174,40): error @typescript-eslint/no-explicit-any: Unexpected any. Specify a different type.[39m
[[90m12:33:37[39m] [33mWarning - [36mlint[33m - src\webparts\drugManagementSystem\components\Custom\components\Admin\AddDocumentModal\AddDocumentModalData.tsx(182,5): error no-void: Expected 'undefined' and instead saw 'void'.[39m
[[90m12:33:37[39m] [33mWarning - [36mlint[33m - src\webparts\drugManagementSystem\components\Custom\components\Admin\AddDocumentModal\AddDocumentModalData.tsx(246,24): error @typescript-eslint/explicit-function-return-type: Missing return type on function.[39m
[[90m12:33:37[39m] [33mWarning - [36mlint[33m - src\webparts\drugManagementSystem\components\Custom\components\Admin\AddDocumentModal\AddDocumentModalData.tsx(261,28): error @typescript-eslint/explicit-function-return-type: Missing return type on function.[39m
[[90m12:33:37[39m] [33mWarning - [36mlint[33m - src\webparts\drugManagementSystem\components\Custom\components\Admin\AddDocumentModal\AddDocumentModalData.tsx(284,25): error @typescript-eslint/explicit-function-return-type: Missing return type on function.[39m
[[90m12:33:37[39m] [33mWarning - [36mlint[33m - src\webparts\drugManagementSystem\components\Custom\components\Admin\AddDocumentModal\AddDocumentModalData.tsx(286,25): error @typescript-eslint/explicit-function-return-type: Missing return type on function.[39m
[[90m12:33:37[39m] [33mWarning - [36mlint[33m - src\webparts\drugManagementSystem\components\Custom\components\Admin\AddDocumentModal\AddDocumentModalData.tsx(290,25): error @typescript-eslint/explicit-function-return-type: Missing return type on function.[39m
[[90m12:33:37[39m] [33mWarning - [36mlint[33m - src\webparts\drugManagementSystem\components\Custom\components\Admin\AddDocumentModal\AddDocumentModalData.tsx(294,62): error @typescript-eslint/explicit-function-return-type: Missing return type on function.[39m
[[90m12:33:37[39m] [33mWarning - [36mlint[33m - src\webparts\drugManagementSystem\components\Custom\components\Admin\AddDocumentModal\AddDocumentModalData.tsx(302,30): error @typescript-eslint/explicit-function-return-type: Missing return type on function.[39m
[[90m12:33:37[39m] [33mWarning - [36mlint[33m - src\webparts\drugManagementSystem\components\Custom\components\Admin\AddDocumentModal\AddDocumentModalData.tsx(306,46): error @typescript-eslint/explicit-function-return-type: Missing return type on function.[39m
[[90m12:33:37[39m] [33mWarning - [36mlint[33m - src\webparts\drugManagementSystem\components\Custom\components\Admin\AddDocumentModal\AddDocumentModalData.tsx(310,33): error @typescript-eslint/explicit-function-return-type: Missing return type on function.[39m
[[90m12:33:37[39m] [33mWarning - [36mlint[33m - src\webparts\drugManagementSystem\components\Custom\components\Admin\AddDocumentModal\AddDocumentModalData.tsx(336,40): error @typescript-eslint/explicit-function-return-type: Missing return type on function.[39m
[[90m12:33:37[39m] [33mWarning - [36mlint[33m - src\webparts\drugManagementSystem\components\Custom\components\Admin\AddDocumentModal\AddDocumentModalData.tsx(363,116): error @typescript-eslint/no-explicit-any: Unexpected any. Specify a different type.[39m
[[90m12:33:37[39m] [33mWarning - [36mlint[33m - src\webparts\drugManagementSystem\components\Custom\components\Admin\AddDocumentModal\AddDocumentModalData.tsx(392,97): error @typescript-eslint/no-explicit-any: Unexpected any. Specify a different type.[39m
[[90m12:33:37[39m] [33mWarning - [36mlint[33m - src\webparts\drugManagementSystem\components\Custom\components\Admin\AddUserModal\AddUserModal.tsx(2,10): error @typescript-eslint/no-unused-vars: 'DefaultButton' is defined but never used.[39m
[[90m12:33:37[39m] [33mWarning - [36mlint[33m - src\webparts\drugManagementSystem\components\Custom\components\Admin\AddUserModal\AddUserModal.tsx(6,10): error @typescript-eslint/no-unused-vars: 'FontAwesomeIcon' is defined but never used.[39m
[[90m12:33:37[39m] [33mWarning - [36mlint[33m - src\webparts\drugManagementSystem\components\Custom\components\Admin\AddUserModal\AddUserModal.tsx(12,25): error @typescript-eslint/no-explicit-any: Unexpected any. Specify a different type.[39m
[[90m12:33:37[39m] [33mWarning - [36mlint[33m - src\webparts\drugManagementSystem\components\Custom\components\Admin\AddUserModal\AddUserModal.tsx(107,86): error @typescript-eslint/no-explicit-any: Unexpected any. Specify a different type.[39m
[[90m12:33:37[39m] [33mWarning - [36mlint[33m - src\webparts\drugManagementSystem\components\Custom\components\Admin\AddUserModal\AddUserModalData.tsx(15,25): error @typescript-eslint/no-explicit-any: Unexpected any. Specify a different type.[39m
[[90m12:33:37[39m] [33mWarning - [36mlint[33m - src\webparts\drugManagementSystem\components\Custom\components\Admin\AddUserModal\AddUserModalData.tsx(18,8): error @typescript-eslint/explicit-function-return-type: Missing return type on function.[39m
[[90m12:33:37[39m] [33mWarning - [36mlint[33m - src\webparts\drugManagementSystem\components\Custom\components\Admin\AddUserModal\AddUserModalData.tsx(31,24): error @typescript-eslint/explicit-function-return-type: Missing return type on function.[39m
[[90m12:33:37[39m] [33mWarning - [36mlint[33m - src\webparts\drugManagementSystem\components\Custom\components\Admin\AddUserModal\AddUserModalData.tsx(43,28): error @typescript-eslint/explicit-function-return-type: Missing return type on function.[39m
[[90m12:33:37[39m] [33mWarning - [36mlint[33m - src\webparts\drugManagementSystem\components\Custom\components\Admin\AddUserModal\AddUserModalData.tsx(48,27): error @typescript-eslint/explicit-function-return-type: Missing return type on function.[39m
[[90m12:33:37[39m] [33mWarning - [36mlint[33m - src\webparts\drugManagementSystem\components\Custom\components\Admin\AdminDashboard\AdminDashboard.tsx(13,3): error @typescript-eslint/no-unused-vars: 'faPenToSquare' is defined but never used.[39m
[[90m12:33:37[39m] [33mWarning - [36mlint[33m - src\webparts\drugManagementSystem\components\Custom\components\Admin\AdminDashboard\AdminDashboard.tsx(16,3): error @typescript-eslint/no-unused-vars: 'faTrashCan' is defined but never used.[39m
[[90m12:33:37[39m] [33mWarning - [36mlint[33m - src\webparts\drugManagementSystem\components\Custom\components\Admin\AdminDashboard\AdminDashboard.tsx(18,3): error @typescript-eslint/no-unused-vars: 'faFolderOpen' is defined but never used.[39m
[[90m12:33:37[39m] [33mWarning - [36mlint[33m - src\webparts\drugManagementSystem\components\Custom\components\Admin\AdminDashboard\AdminDashboard.tsx(19,3): error @typescript-eslint/no-unused-vars: 'faFileArrowUp' is defined but never used.[39m
[[90m12:33:37[39m] [33mWarning - [36mlint[33m - src\webparts\drugManagementSystem\components\Custom\components\Admin\AdminDashboard\AdminDashboard.tsx(20,3): error @typescript-eslint/no-unused-vars: 'faUserPen' is defined but never used.[39m
[[90m12:33:37[39m] [33mWarning - [36mlint[33m - src\webparts\drugManagementSystem\components\Custom\components\Admin\AdminDashboard\AdminDashboard.tsx(21,3): error @typescript-eslint/no-unused-vars: 'faChartPie' is defined but never used.[39m
[[90m12:33:37[39m] [33mWarning - [36mlint[33m - src\webparts\drugManagementSystem\components\Custom\components\Admin\AdminDashboard\AdminDashboard.tsx(22,3): error @typescript-eslint/no-unused-vars: 'faGear' is defined but never used.[39m
[[90m12:33:37[39m] [33mWarning - [36mlint[33m - src\webparts\drugManagementSystem\components\Custom\components\Admin\AdminDashboard\AdminDashboard.tsx(34,10): error @typescript-eslint/no-unused-vars: 'StatusBadge' is defined but never used.[39m
[[90m12:33:37[39m] [33mWarning - [36mlint[33m - src\webparts\drugManagementSystem\components\Custom\components\Admin\AdminDashboard\AdminDashboard.tsx(80,11): error no-void: Expected 'undefined' and instead saw 'void'.[39m
[[90m12:33:37[39m] [33mWarning - [36mlint[33m - src\webparts\drugManagementSystem\components\Custom\components\Admin\AdminDashboard\AdminDashboard.tsx(244,42): error @typescript-eslint/no-explicit-any: Unexpected any. Specify a different type.[39m
[[90m12:33:37[39m] [33mWarning - [36mlint[33m - src\webparts\drugManagementSystem\components\Custom\components\Admin\AdminDashboard\AdminDashboardData.tsx(2,13): error @typescript-eslint/no-unused-vars: 'React' is defined but never used.[39m
[[90m12:33:37[39m] [33mWarning - [36mlint[33m - src\webparts\drugManagementSystem\components\Custom\components\Admin\AdminDashboard\AdminDashboardData.tsx(35,31): error @rushstack/no-new-null: Usage of "null" is deprecated except when describing legacy APIs; use "undefined" instead[39m
[[90m12:33:37[39m] [33mWarning - [36mlint[33m - src\webparts\drugManagementSystem\components\Custom\components\Admin\AdminDashboard\AdminDashboardData.tsx(39,8): error @typescript-eslint/explicit-function-return-type: Missing return type on function.[39m
[[90m12:33:37[39m] [33mWarning - [36mlint[33m - src\webparts\drugManagementSystem\components\Custom\components\Admin\AdminDashboard\AdminDashboardData.tsx(78,29): error @typescript-eslint/explicit-function-return-type: Missing return type on function.[39m
[[90m12:33:37[39m] [33mWarning - [36mlint[33m - src\webparts\drugManagementSystem\components\Custom\components\Admin\AdminDashboard\AdminDashboardData.tsx(144,28): error @typescript-eslint/explicit-function-return-type: Missing return type on function.[39m
[[90m12:33:37[39m] [33mWarning - [36mlint[33m - src\webparts\drugManagementSystem\components\Custom\components\Admin\AdminDashboard\AdminDashboardData.tsx(165,5): error no-void: Expected 'undefined' and instead saw 'void'.[39m
[[90m12:33:37[39m] [33mWarning - [36mlint[33m - src\webparts\drugManagementSystem\components\Custom\components\Admin\AdminDashboard\AdminDashboardData.tsx(176,55): error @typescript-eslint/explicit-function-return-type: Missing return type on function.[39m
[[90m12:33:37[39m] [33mWarning - [36mlint[33m - src\webparts\drugManagementSystem\components\Custom\components\Admin\AdminDashboard\AdminDashboardData.tsx(185,38): error @typescript-eslint/explicit-function-return-type: Missing return type on function.[39m
[[90m12:33:37[39m] [33mWarning - [36mlint[33m - src\webparts\drugManagementSystem\components\Custom\components\Admin\AdminDashboard\AdminDashboardData.tsx(212,41): error @typescript-eslint/explicit-function-return-type: Missing return type on function.[39m
[[90m12:33:37[39m] [33mWarning - [36mlint[33m - src\webparts\drugManagementSystem\components\Custom\components\Admin\AdminDashboard\AdminDashboardData.tsx(231,46): error @typescript-eslint/explicit-function-return-type: Missing return type on function.[39m
[[90m12:33:37[39m] [33mWarning - [36mlint[33m - src\webparts\drugManagementSystem\components\Custom\components\Admin\AdminDashboard\AdminDashboardData.tsx(236,39): error @typescript-eslint/explicit-function-return-type: Missing return type on function.[39m
[[90m12:33:37[39m] [33mWarning - [36mlint[33m - src\webparts\drugManagementSystem\components\Custom\components\Admin\AdminDashboard\AdminDashboardData.tsx(263,56): error @typescript-eslint/explicit-function-return-type: Missing return type on function.[39m
[[90m12:33:37[39m] [33mWarning - [36mlint[33m - src\webparts\drugManagementSystem\components\Custom\components\Admin\CreateCTDFolder\CreateCTDFolder.tsx(17,10): error @typescript-eslint/no-unused-vars: 'Breadcrumb' is defined but never used.[39m
[[90m12:33:37[39m] [33mWarning - [36mlint[33m - src\webparts\drugManagementSystem\components\Custom\components\Admin\CreateCTDFolder\CreateCTDFolder.tsx(60,98): error @typescript-eslint/explicit-function-return-type: Missing return type on function.[39m
[[90m12:33:37[39m] [33mWarning - [36mlint[33m - src\webparts\drugManagementSystem\components\Custom\components\Admin\CreateCTDFolder\CreateCTDFolder.tsx(64,26): error @typescript-eslint/explicit-function-return-type: Missing return type on function.[39m
[[90m12:33:37[39m] [33mWarning - [36mlint[33m - src\webparts\drugManagementSystem\components\Custom\components\Admin\CreateCTDFolder\CreateCTDFolder.tsx(77,62): error @typescript-eslint/no-explicit-any: Unexpected any. Specify a different type.[39m
[[90m12:33:37[39m] [33mWarning - [36mlint[33m - src\webparts\drugManagementSystem\components\Custom\components\Admin\CreateCTDFolder\CreateCTDFolder.tsx(98,65): error @typescript-eslint/no-explicit-any: Unexpected any. Specify a different type.[39m
[[90m12:33:37[39m] [33mWarning - [36mlint[33m - src\webparts\drugManagementSystem\components\Custom\components\Admin\CreateCTDFolder\CreateCTDFolder.tsx(98,70): error @typescript-eslint/explicit-function-return-type: Missing return type on function.[39m
[[90m12:33:37[39m] [33mWarning - [36mlint[33m - src\webparts\drugManagementSystem\components\Custom\components\Admin\CreateCTDFolder\CreateCTDFolder.tsx(117,28): error @typescript-eslint/explicit-function-return-type: Missing return type on function.[39m
[[90m12:33:37[39m] [33mWarning - [36mlint[33m - src\webparts\drugManagementSystem\components\Custom\components\Admin\CreateCTDFolder\CreateCTDFolder.tsx(126,35): error @typescript-eslint/explicit-function-return-type: Missing return type on function.[39m
[[90m12:33:37[39m] [33mWarning - [36mlint[33m - src\webparts\drugManagementSystem\components\Custom\components\Admin\CreateCTDFolder\CreateCTDFolder.tsx(135,27): error @typescript-eslint/explicit-function-return-type: Missing return type on function.[39m
[[90m12:33:37[39m] [33mWarning - [36mlint[33m - src\webparts\drugManagementSystem\components\Custom\components\Admin\CreateCTDFolder\CreateCTDFolder.tsx(150,26): error @typescript-eslint/no-explicit-any: Unexpected any. Specify a different type.[39m
[[90m12:33:37[39m] [33mWarning - [36mlint[33m - src\webparts\drugManagementSystem\components\Custom\components\Admin\CreateCTDFolder\CreateCTDFolder.tsx(171,26): error @typescript-eslint/no-explicit-any: Unexpected any. Specify a different type.[39m
[[90m12:33:37[39m] [33mWarning - [36mlint[33m - src\webparts\drugManagementSystem\components\Custom\components\Admin\CreateCTDFolder\CreateCTDFolder.tsx(221,17): error @typescript-eslint/no-explicit-any: Unexpected any. Specify a different type.[39m
[[90m12:33:37[39m] [33mWarning - [36mlint[33m - src\webparts\drugManagementSystem\components\Custom\components\Admin\CreateCTDFolder\CreateCTDFolder.tsx(247,31): error @typescript-eslint/no-explicit-any: Unexpected any. Specify a different type.[39m
[[90m12:33:37[39m] [33mWarning - [36mlint[33m - src\webparts\drugManagementSystem\components\Custom\components\Admin\CreateCTDFolder\CreateCTDFolder.tsx(484,41): error @typescript-eslint/no-explicit-any: Unexpected any. Specify a different type.[39m
[[90m12:33:37[39m] [33mWarning - [36mlint[33m - src\webparts\drugManagementSystem\components\Custom\components\Admin\CreateCTDFolder\CreateCTDFolder.tsx(496,34): error @typescript-eslint/no-explicit-any: Unexpected any. Specify a different type.[39m
[[90m12:33:37[39m] [33mWarning - [36mlint[33m - src\webparts\drugManagementSystem\components\Custom\components\Admin\CreateCTDFolder\CreateCTDFolderData.tsx(15,8): error @typescript-eslint/explicit-function-return-type: Missing return type on function.[39m
[[90m12:33:37[39m] [33mWarning - [36mlint[33m - src\webparts\drugManagementSystem\components\Custom\components\Admin\CreateCTDFolder\CreateCTDFolderData.tsx(31,26): error @typescript-eslint/no-unused-vars: 'setRequiredFields' is assigned a value but never used.[39m
[[90m12:33:37[39m] [33mWarning - [36mlint[33m - src\webparts\drugManagementSystem\components\Custom\components\Admin\CreateCTDFolder\CreateCTDFolderData.tsx(150,5): error no-void: Expected 'undefined' and instead saw 'void'.[39m
[[90m12:33:37[39m] [33mWarning - [36mlint[33m - src\webparts\drugManagementSystem\components\Custom\components\Admin\CreateCTDFolder\CreateCTDFolderData.tsx(153,43): error @typescript-eslint/explicit-function-return-type: Missing return type on function.[39m
[[90m12:33:37[39m] [33mWarning - [36mlint[33m - src\webparts\drugManagementSystem\components\Custom\components\Admin\CreateCTDFolder\CreateCTDFolderData.tsx(168,44): error @typescript-eslint/explicit-function-return-type: Missing return type on function.[39m
[[90m12:33:37[39m] [33mWarning - [36mlint[33m - src\webparts\drugManagementSystem\components\Custom\components\Admin\CreateCTDFolder\CreateCTDFolderData.tsx(182,49): error @typescript-eslint/explicit-function-return-type: Missing return type on function.[39m
[[90m12:33:37[39m] [33mWarning - [36mlint[33m - src\webparts\drugManagementSystem\components\Custom\components\Admin\CreateCTDFolder\CreateCTDFolderData.tsx(195,49): error @typescript-eslint/explicit-function-return-type: Missing return type on function.[39m
[[90m12:33:37[39m] [33mWarning - [36mlint[33m - src\webparts\drugManagementSystem\components\Custom\components\Admin\CreateCTDFolder\CreateCTDFolderData.tsx(208,25): error @typescript-eslint/explicit-function-return-type: Missing return type on function.[39m
[[90m12:33:37[39m] [33mWarning - [36mlint[33m - src\webparts\drugManagementSystem\components\Custom\components\Admin\CreateCTDFolder\CreateCTDFolderData.tsx(233,31): error @typescript-eslint/explicit-function-return-type: Missing return type on function.[39m
[[90m12:33:37[39m] [33mWarning - [36mlint[33m - src\webparts\drugManagementSystem\components\Custom\components\Admin\CreateCTDFolder\CreateCTDFolderData.tsx(260,52): error @typescript-eslint/explicit-function-return-type: Missing return type on function.[39m
[[90m12:33:37[39m] [33mWarning - [36mlint[33m - src\webparts\drugManagementSystem\components\Custom\components\Admin\CreateCTDFolder\CreateCTDFolderData.tsx(265,40): error @typescript-eslint/explicit-function-return-type: Missing return type on function.[39m
[[90m12:33:37[39m] [33mWarning - [36mlint[33m - src\webparts\drugManagementSystem\components\Custom\components\Admin\CreateCTDFolder\CreateCTDFolderData.tsx(290,39): error @typescript-eslint/explicit-function-return-type: Missing return type on function.[39m
[[90m12:33:37[39m] [33mWarning - [36mlint[33m - src\webparts\drugManagementSystem\components\Custom\components\Admin\CreateCTDFolder\CreateCTDFolderData.tsx(320,14): error @typescript-eslint/no-unused-vars: 'error' is defined but never used.[39m
[[90m12:33:37[39m] [33mWarning - [36mlint[33m - src\webparts\drugManagementSystem\components\Custom\components\Admin\CreateCTDFolder\CreateCTDFolderData.tsx(327,38): error @typescript-eslint/explicit-function-return-type: Missing return type on function.[39m
[[90m12:33:37[39m] [33mWarning - [36mlint[33m - src\webparts\drugManagementSystem\components\Custom\components\Admin\CreateCTDFolder\CreateCTDFolderData.tsx(343,14): error @typescript-eslint/no-unused-vars: 'error' is defined but never used.[39m
[[90m12:33:37[39m] [33mWarning - [36mlint[33m - src\webparts\drugManagementSystem\components\Custom\components\Admin\CreateCTDFolder\CreateCTDFolderData.tsx(350,53): error @typescript-eslint/explicit-function-return-type: Missing return type on function.[39m
[[90m12:33:37[39m] [33mWarning - [36mlint[33m - src\webparts\drugManagementSystem\components\Custom\components\Admin\CreateCTDFolder\CreateCTDFolderData.tsx(357,47): error @typescript-eslint/explicit-function-return-type: Missing return type on function.[39m
[[90m12:33:37[39m] [33mWarning - [36mlint[33m - src\webparts\drugManagementSystem\components\Custom\components\Admin\CreateDocumentPage\CreateDocumentPage.tsx(5,10): error @typescript-eslint/no-unused-vars: 'faArrowLeft' is defined but never used.[39m
[[90m12:33:37[39m] [33mWarning - [36mlint[33m - src\webparts\drugManagementSystem\components\Custom\components\Admin\CreateDocumentPage\CreateDocumentPage.tsx(17,16): error @typescript-eslint/no-explicit-any: Unexpected any. Specify a different type.[39m
[[90m12:33:37[39m] [33mWarning - [36mlint[33m - src\webparts\drugManagementSystem\components\Custom\components\Admin\CreateDocumentPage\CreateDocumentPage.tsx(45,78): error @typescript-eslint/no-explicit-any: Unexpected any. Specify a different type.[39m
[[90m12:33:37[39m] [33mWarning - [36mlint[33m - src\webparts\drugManagementSystem\components\Custom\components\Admin\DrugsDatabase\DrugsDatabase.tsx(15,10): error @typescript-eslint/no-unused-vars: 'StatusBadge' is defined but never used.[39m
[[90m12:33:37[39m] [33mWarning - [36mlint[33m - src\webparts\drugManagementSystem\components\Custom\components\Admin\DrugsDatabase\DrugsDatabase.tsx(61,98): error @typescript-eslint/explicit-function-return-type: Missing return type on function.[39m
[[90m12:33:37[39m] [33mWarning - [36mlint[33m - src\webparts\drugManagementSystem\components\Custom\components\Admin\DrugsDatabase\DrugsDatabase.tsx(65,26): error @typescript-eslint/explicit-function-return-type: Missing return type on function.[39m
[[90m12:33:37[39m] [33mWarning - [36mlint[33m - src\webparts\drugManagementSystem\components\Custom\components\Admin\DrugsDatabase\DrugsDatabase.tsx(88,73): error @typescript-eslint/explicit-function-return-type: Missing return type on function.[39m
[[90m12:33:37[39m] [33mWarning - [36mlint[33m - src\webparts\drugManagementSystem\components\Custom\components\Admin\DrugsDatabase\DrugsDatabase.tsx(104,28): error @typescript-eslint/explicit-function-return-type: Missing return type on function.[39m
[[90m12:33:37[39m] [33mWarning - [36mlint[33m - src\webparts\drugManagementSystem\components\Custom\components\Admin\DrugsDatabase\DrugsDatabase.tsx(119,35): error @typescript-eslint/explicit-function-return-type: Missing return type on function.[39m
[[90m12:33:37[39m] [33mWarning - [36mlint[33m - src\webparts\drugManagementSystem\components\Custom\components\Admin\DrugsDatabase\DrugsDatabase.tsx(139,14): error @typescript-eslint/no-unused-vars: 'error' is defined but never used.[39m
[[90m12:33:37[39m] [33mWarning - [36mlint[33m - src\webparts\drugManagementSystem\components\Custom\components\Admin\DrugsDatabase\DrugsDatabase.tsx(144,27): error @typescript-eslint/explicit-function-return-type: Missing return type on function.[39m
[[90m12:33:37[39m] [33mWarning - [36mlint[33m - src\webparts\drugManagementSystem\components\Custom\components\Admin\DrugsDatabase\DrugsDatabase.tsx(336,92): error @typescript-eslint/no-explicit-any: Unexpected any. Specify a different type.[39m
[[90m12:33:37[39m] [33mWarning - [36mlint[33m - src\webparts\drugManagementSystem\components\Custom\components\Admin\DrugsDatabase\DrugsDatabaseData.tsx(5,10): error @typescript-eslint/no-unused-vars: 'ListNames' is defined but never used.[39m
[[90m12:33:37[39m] [33mWarning - [36mlint[33m - src\webparts\drugManagementSystem\components\Custom\components\Admin\DrugsDatabase\DrugsDatabaseData.tsx(18,8): error @typescript-eslint/explicit-function-return-type: Missing return type on function.[39m
[[90m12:33:37[39m] [33mWarning - [36mlint[33m - src\webparts\drugManagementSystem\components\Custom\components\Admin\DrugsDatabase\DrugsDatabaseData.tsx(95,5): error no-void: Expected 'undefined' and instead saw 'void'.[39m
[[90m12:33:37[39m] [33mWarning - [36mlint[33m - src\webparts\drugManagementSystem\components\Custom\components\Admin\DrugsDatabase\DrugsDatabaseData.tsx(123,27): error @typescript-eslint/explicit-function-return-type: Missing return type on function.[39m
[[90m12:33:37[39m] [33mWarning - [36mlint[33m - src\webparts\drugManagementSystem\components\Custom\components\Admin\DrugsDatabase\DrugsDatabaseData.tsx(136,39): error @typescript-eslint/explicit-function-return-type: Missing return type on function.[39m
[[90m12:33:37[39m] [33mWarning - [36mlint[33m - src\webparts\drugManagementSystem\components\Custom\components\Admin\DrugsDatabase\DrugsDatabaseData.tsx(143,39): error @typescript-eslint/explicit-function-return-type: Missing return type on function.[39m
[[90m12:33:37[39m] [33mWarning - [36mlint[33m - src\webparts\drugManagementSystem\components\Custom\components\Admin\DrugsDatabase\DrugsDatabaseData.tsx(150,25): error @typescript-eslint/explicit-function-return-type: Missing return type on function.[39m
[[90m12:33:37[39m] [33mWarning - [36mlint[33m - src\webparts\drugManagementSystem\components\Custom\components\Admin\DrugsDatabase\DrugsDatabaseData.tsx(170,31): error @typescript-eslint/explicit-function-return-type: Missing return type on function.[39m
[[90m12:33:37[39m] [33mWarning - [36mlint[33m - src\webparts\drugManagementSystem\components\Custom\components\Admin\DrugsDatabase\DrugsDatabaseData.tsx(197,44): error @typescript-eslint/explicit-function-return-type: Missing return type on function.[39m
[[90m12:33:37[39m] [33mWarning - [36mlint[33m - src\webparts\drugManagementSystem\components\Custom\components\Admin\DrugsDatabase\DrugsDatabaseData.tsx(202,40): error @typescript-eslint/explicit-function-return-type: Missing return type on function.[39m
[[90m12:33:37[39m] [33mWarning - [36mlint[33m - src\webparts\drugManagementSystem\components\Custom\components\Admin\DrugsDatabase\DrugsDatabaseData.tsx(227,27): error @typescript-eslint/explicit-function-return-type: Missing return type on function.[39m
[[90m12:33:37[39m] [33mWarning - [36mlint[33m - src\webparts\drugManagementSystem\components\Custom\components\Admin\DrugsDatabase\DrugsDatabaseData.tsx(236,24): error @typescript-eslint/explicit-function-return-type: Missing return type on function.[39m
[[90m12:33:37[39m] [33mWarning - [36mlint[33m - src\webparts\drugManagementSystem\components\Custom\components\Admin\DrugsDatabase\DrugsDatabaseData.tsx(248,34): error @typescript-eslint/explicit-function-return-type: Missing return type on function.[39m
[[90m12:33:37[39m] [33mWarning - [36mlint[33m - src\webparts\drugManagementSystem\components\Custom\components\Admin\DrugsDatabase\DrugsDatabaseData.tsx(257,38): error @typescript-eslint/explicit-function-return-type: Missing return type on function.[39m
[[90m12:33:37[39m] [33mWarning - [36mlint[33m - src\webparts\drugManagementSystem\components\Custom\components\Admin\DrugsDatabase\DrugsDatabaseData.tsx(261,35): error @typescript-eslint/explicit-function-return-type: Missing return type on function.[39m
[[90m12:33:37[39m] [33mWarning - [36mlint[33m - src\webparts\drugManagementSystem\components\Custom\components\Admin\DrugsDatabase\DrugsDatabaseData.tsx(266,42): error @typescript-eslint/explicit-function-return-type: Missing return type on function.[39m
[[90m12:33:37[39m] [33mWarning - [36mlint[33m - src\webparts\drugManagementSystem\components\Custom\components\Admin\DrugsDatabase\DrugsDatabaseData.tsx(270,38): error @typescript-eslint/explicit-function-return-type: Missing return type on function.[39m
[[90m12:33:37[39m] [33mWarning - [36mlint[33m - src\webparts\drugManagementSystem\components\Custom\components\Admin\DrugsDatabase\DrugsDatabaseData.tsx(274,37): error @typescript-eslint/explicit-function-return-type: Missing return type on function.[39m
[[90m12:33:37[39m] [33mWarning - [36mlint[33m - src\webparts\drugManagementSystem\components\Custom\components\Admin\ManageCategories\CategoryForm.tsx(2,10): error @typescript-eslint/no-unused-vars: 'PrimaryButton' is defined but never used.[39m
[[90m12:33:37[39m] [33mWarning - [36mlint[33m - src\webparts\drugManagementSystem\components\Custom\components\Admin\ManageCategories\CategoryForm.tsx(12,36): error @typescript-eslint/no-explicit-any: Unexpected any. Specify a different type.[39m
[[90m12:33:37[39m] [33mWarning - [36mlint[33m - src\webparts\drugManagementSystem\components\Custom\components\Admin\ManageCategories\CategoryForm.tsx(13,18): error @typescript-eslint/no-explicit-any: Unexpected any. Specify a different type.[39m
[[90m12:33:37[39m] [33mWarning - [36mlint[33m - src\webparts\drugManagementSystem\components\Custom\components\Admin\ManageCategories\CategoryForm.tsx(15,28): error @typescript-eslint/no-explicit-any: Unexpected any. Specify a different type.[39m
[[90m12:33:37[39m] [33mWarning - [36mlint[33m - src\webparts\drugManagementSystem\components\Custom\components\Admin\ManageCategories\CategoryForm.tsx(16,17): error @typescript-eslint/no-explicit-any: Unexpected any. Specify a different type.[39m
[[90m12:33:37[39m] [33mWarning - [36mlint[33m - src\webparts\drugManagementSystem\components\Custom\components\Admin\ManageCategories\CategoryForm.tsx(17,20): error @typescript-eslint/no-explicit-any: Unexpected any. Specify a different type.[39m
[[90m12:33:37[39m] [33mWarning - [36mlint[33m - src\webparts\drugManagementSystem\components\Custom\components\Admin\ManageCategories\CategoryForm.tsx(18,24): error @typescript-eslint/no-explicit-any: Unexpected any. Specify a different type.[39m
[[90m12:33:37[39m] [33mWarning - [36mlint[33m - src\webparts\drugManagementSystem\components\Custom\components\Admin\ManageCategories\CategoryForm.tsx(19,24): error @typescript-eslint/no-explicit-any: Unexpected any. Specify a different type.[39m
[[90m12:33:37[39m] [33mWarning - [36mlint[33m - src\webparts\drugManagementSystem\components\Custom\components\Admin\ManageCategories\CategoryForm.tsx(20,21): error @typescript-eslint/no-explicit-any: Unexpected any. Specify a different type.[39m
[[90m12:33:37[39m] [33mWarning - [36mlint[33m - src\webparts\drugManagementSystem\components\Custom\components\Admin\ManageCategories\CategoryForm.tsx(21,23): error @typescript-eslint/no-explicit-any: Unexpected any. Specify a different type.[39m
[[90m12:33:37[39m] [33mWarning - [36mlint[33m - src\webparts\drugManagementSystem\components\Custom\components\Admin\ManageCategories\CategoryForm.tsx(22,26): error @typescript-eslint/no-explicit-any: Unexpected any. Specify a different type.[39m
[[90m12:33:37[39m] [33mWarning - [36mlint[33m - src\webparts\drugManagementSystem\components\Custom\components\Admin\ManageCategories\CategoryForm.tsx(23,20): error @typescript-eslint/no-explicit-any: Unexpected any. Specify a different type.[39m
[[90m12:33:37[39m] [33mWarning - [36mlint[33m - src\webparts\drugManagementSystem\components\Custom\components\Admin\ManageCategories\CategoryForm.tsx(24,13): error @typescript-eslint/no-explicit-any: Unexpected any. Specify a different type.[39m
[[90m12:33:37[39m] [33mWarning - [36mlint[33m - src\webparts\drugManagementSystem\components\Custom\components\Admin\ManageCategories\CategoryForm.tsx(25,23): error @typescript-eslint/no-explicit-any: Unexpected any. Specify a different type.[39m
[[90m12:33:37[39m] [33mWarning - [36mlint[33m - src\webparts\drugManagementSystem\components\Custom\components\Admin\ManageCategories\CategoryForm.tsx(26,16): error @typescript-eslint/no-explicit-any: Unexpected any. Specify a different type.[39m
[[90m12:33:37[39m] [33mWarning - [36mlint[33m - src\webparts\drugManagementSystem\components\Custom\components\Admin\ManageCategories\CategoryForm.tsx(49,27): error @typescript-eslint/explicit-function-return-type: Missing return type on function.[39m
[[90m12:33:37[39m] [33mWarning - [36mlint[33m - src\webparts\drugManagementSystem\components\Custom\components\Admin\ManageCategories\CategoryForm.tsx(88,65): error @typescript-eslint/no-explicit-any: Unexpected any. Specify a different type.[39m
[[90m12:33:37[39m] [33mWarning - [36mlint[33m - src\webparts\drugManagementSystem\components\Custom\components\Admin\ManageCategories\CategoryForm.tsx(106,54): error @typescript-eslint/no-explicit-any: Unexpected any. Specify a different type.[39m
[[90m12:33:37[39m] [33mWarning - [36mlint[33m - src\webparts\drugManagementSystem\components\Custom\components\Admin\ManageCategories\CategoryForm.tsx(122,57): error @typescript-eslint/no-explicit-any: Unexpected any. Specify a different type.[39m
[[90m12:33:37[39m] [33mWarning - [36mlint[33m - src\webparts\drugManagementSystem\components\Custom\components\Admin\ManageCategories\CategoryForm.tsx(142,61): error @typescript-eslint/no-explicit-any: Unexpected any. Specify a different type.[39m
[[90m12:33:37[39m] [33mWarning - [36mlint[33m - src\webparts\drugManagementSystem\components\Custom\components\Admin\ManageCategories\CategoryForm.tsx(156,61): error @typescript-eslint/no-explicit-any: Unexpected any. Specify a different type.[39m
[[90m12:33:37[39m] [33mWarning - [36mlint[33m - src\webparts\drugManagementSystem\components\Custom\components\Admin\ManageCategories\CategoryForm.tsx(213,58): error @typescript-eslint/no-explicit-any: Unexpected any. Specify a different type.[39m
[[90m12:33:37[39m] [33mWarning - [36mlint[33m - src\webparts\drugManagementSystem\components\Custom\components\Admin\ManageCategories\CategoryForm.tsx(227,60): error @typescript-eslint/no-explicit-any: Unexpected any. Specify a different type.[39m
[[90m12:33:37[39m] [33mWarning - [36mlint[33m - src\webparts\drugManagementSystem\components\Custom\components\Admin\ManageCategories\CategoryForm.tsx(244,63): error @typescript-eslint/no-explicit-any: Unexpected any. Specify a different type.[39m
[[90m12:33:37[39m] [33mWarning - [36mlint[33m - src\webparts\drugManagementSystem\components\Custom\components\Admin\ManageCategories\CategoryForm.tsx(258,57): error @typescript-eslint/no-explicit-any: Unexpected any. Specify a different type.[39m
[[90m12:33:37[39m] [33mWarning - [36mlint[33m - src\webparts\drugManagementSystem\components\Custom\components\Admin\ManageCategories\ExcelUploadCategoriesModal.tsx(2,10): error @typescript-eslint/no-unused-vars: 'PrimaryButton' is defined but never used.[39m
[[90m12:33:37[39m] [33mWarning - [36mlint[33m - src\webparts\drugManagementSystem\components\Custom\components\Admin\ManageCategories\ExcelUploadCategoriesModal.tsx(2,25): error @typescript-eslint/no-unused-vars: 'DefaultButton' is defined but never used.[39m
[[90m12:33:37[39m] [33mWarning - [36mlint[33m - src\webparts\drugManagementSystem\components\Custom\components\Admin\ManageCategories\ExcelUploadCategoriesModal.tsx(15,13): error @typescript-eslint/no-explicit-any: Unexpected any. Specify a different type.[39m
[[90m12:33:37[39m] [33mWarning - [36mlint[33m - src\webparts\drugManagementSystem\components\Custom\components\Admin\ManageCategories\ExcelUploadCategoriesModal.tsx(26,56): error @typescript-eslint/no-explicit-any: Unexpected any. Specify a different type.[39m
[[90m12:33:37[39m] [33mWarning - [36mlint[33m - src\webparts\drugManagementSystem\components\Custom\components\Admin\ManageCategories\ExcelUploadCategoriesModal.tsx(34,39): error @typescript-eslint/no-explicit-any: Unexpected any. Specify a different type.[39m
[[90m12:33:37[39m] [33mWarning - [36mlint[33m - src\webparts\drugManagementSystem\components\Custom\components\Admin\ManageCategories\ExcelUploadCategoriesModal.tsx(34,46): error @typescript-eslint/explicit-function-return-type: Missing return type on function.[39m
[[90m12:33:37[39m] [33mWarning - [36mlint[33m - src\webparts\drugManagementSystem\components\Custom\components\Admin\ManageCategories\ExcelUploadCategoriesModal.tsx(41,37): error @typescript-eslint/explicit-function-return-type: Missing return type on function.[39m
[[90m12:33:37[39m] [33mWarning - [36mlint[33m - src\webparts\drugManagementSystem\components\Custom\components\Admin\ManageCategories\ExcelUploadCategoriesModal.tsx(58,14): error @typescript-eslint/no-unused-vars: 'error' is defined but never used.[39m
[[90m12:33:37[39m] [33mWarning - [36mlint[33m - src\webparts\drugManagementSystem\components\Custom\components\Admin\ManageCategories\ExcelUploadCategoriesModal.tsx(65,33): error @typescript-eslint/explicit-function-return-type: Missing return type on function.[39m
[[90m12:33:37[39m] [33mWarning - [36mlint[33m - src\webparts\drugManagementSystem\components\Custom\components\Admin\ManageCategories\ExcelUploadCategoriesModal.tsx(114,26): error @typescript-eslint/explicit-function-return-type: Missing return type on function.[39m
[[90m12:33:37[39m] [33mWarning - [36mlint[33m - src\webparts\drugManagementSystem\components\Custom\components\Admin\ManageCategories\ManageCategories.tsx(3,40): error @typescript-eslint/no-unused-vars: 'TextField' is defined but never used.[39m
[[90m12:33:37[39m] [33mWarning - [36mlint[33m - src\webparts\drugManagementSystem\components\Custom\components\Admin\ManageCategories\ManageCategories.tsx(4,10): error @typescript-eslint/no-unused-vars: 'Panel' is defined but never used.[39m
[[90m12:33:37[39m] [33mWarning - [36mlint[33m - src\webparts\drugManagementSystem\components\Custom\components\Admin\ManageCategories\ManageCategories.tsx(4,17): error @typescript-eslint/no-unused-vars: 'PanelType' is defined but never used.[39m
[[90m12:33:37[39m] [33mWarning - [36mlint[33m - src\webparts\drugManagementSystem\components\Custom\components\Admin\ManageCategories\ManageCategories.tsx(6,79): error @typescript-eslint/no-unused-vars: 'faSave' is defined but never used.[39m
[[90m12:33:37[39m] [33mWarning - [36mlint[33m - src\webparts\drugManagementSystem\components\Custom\components\Admin\ManageCategories\ManageCategories.tsx(6,87): error @typescript-eslint/no-unused-vars: 'faTimes' is defined but never used.[39m
[[90m12:33:37[39m] [33mWarning - [36mlint[33m - src\webparts\drugManagementSystem\components\Custom\components\Admin\ManageCategories\ManageCategories.tsx(7,10): error @typescript-eslint/no-unused-vars: 'CustomModal' is defined but never used.[39m
[[90m12:33:37[39m] [33mWarning - [36mlint[33m - src\webparts\drugManagementSystem\components\Custom\components\Admin\ManageCategories\ManageCategories.tsx(8,8): error @typescript-eslint/no-unused-vars: 'ReactDropdown' is defined but never used.[39m
[[90m12:33:37[39m] [33mWarning - [36mlint[33m - src\webparts\drugManagementSystem\components\Custom\components\Admin\ManageCategories\ManageCategories.tsx(28,5): error @typescript-eslint/no-unused-vars: 'searchTerm' is assigned a value but never used.[39m
[[90m12:33:37[39m] [33mWarning - [36mlint[33m - src\webparts\drugManagementSystem\components\Custom\components\Admin\ManageCategories\ManageCategories.tsx(29,5): error @typescript-eslint/no-unused-vars: 'statusFilter' is assigned a value but never used.[39m
[[90m12:33:37[39m] [33mWarning - [36mlint[33m - src\webparts\drugManagementSystem\components\Custom\components\Admin\ManageCategories\ManageCategories.tsx(32,5): error @typescript-eslint/no-unused-vars: 'isDeleteDialogOpen' is assigned a value but never used.[39m
[[90m12:33:37[39m] [33mWarning - [36mlint[33m - src\webparts\drugManagementSystem\components\Custom\components\Admin\ManageCategories\ManageCategories.tsx(48,5): error @typescript-eslint/no-unused-vars: 'setSearchTerm' is assigned a value but never used.[39m
[[90m12:33:37[39m] [33mWarning - [36mlint[33m - src\webparts\drugManagementSystem\components\Custom\components\Admin\ManageCategories\ManageCategories.tsx(49,5): error @typescript-eslint/no-unused-vars: 'setStatusFilter' is assigned a value but never used.[39m
[[90m12:33:37[39m] [33mWarning - [36mlint[33m - src\webparts\drugManagementSystem\components\Custom\components\Admin\ManageCategories\ManageCategories.tsx(50,5): error @typescript-eslint/no-unused-vars: 'setSelectedIds' is assigned a value but never used.[39m
[[90m12:33:37[39m] [33mWarning - [36mlint[33m - src\webparts\drugManagementSystem\components\Custom\components\Admin\ManageCategories\ManageCategories.tsx(52,5): error @typescript-eslint/no-unused-vars: 'setIsDeleteDialogOpen' is assigned a value but never used.[39m
[[90m12:33:37[39m] [33mWarning - [36mlint[33m - src\webparts\drugManagementSystem\components\Custom\components\Admin\ManageCategories\ManageCategories.tsx(58,5): error @typescript-eslint/no-unused-vars: 'handleDeleteConfirm' is assigned a value but never used.[39m
[[90m12:33:37[39m] [33mWarning - [36mlint[33m - src\webparts\drugManagementSystem\components\Custom\components\Admin\ManageCategories\ManageCategories.tsx(67,10): error @typescript-eslint/no-unused-vars: 'isPanelOpen' is assigned a value but never used.[39m
[[90m12:33:37[39m] [33mWarning - [36mlint[33m - src\webparts\drugManagementSystem\components\Custom\components\Admin\ManageCategories\ManageCategories.tsx(69,78): error @typescript-eslint/no-explicit-any: Unexpected any. Specify a different type.[39m
[[90m12:33:37[39m] [33mWarning - [36mlint[33m - src\webparts\drugManagementSystem\components\Custom\components\Admin\ManageCategories\ManageCategories.tsx(80,98): error @typescript-eslint/explicit-function-return-type: Missing return type on function.[39m
[[90m12:33:37[39m] [33mWarning - [36mlint[33m - src\webparts\drugManagementSystem\components\Custom\components\Admin\ManageCategories\ManageCategories.tsx(84,26): error @typescript-eslint/explicit-function-return-type: Missing return type on function.[39m
[[90m12:33:37[39m] [33mWarning - [36mlint[33m - src\webparts\drugManagementSystem\components\Custom\components\Admin\ManageCategories\ManageCategories.tsx(99,75): error @typescript-eslint/no-explicit-any: Unexpected any. Specify a different type.[39m
[[90m12:33:37[39m] [33mWarning - [36mlint[33m - src\webparts\drugManagementSystem\components\Custom\components\Admin\ManageCategories\ManageCategories.tsx(99,80): error @typescript-eslint/explicit-function-return-type: Missing return type on function.[39m
[[90m12:33:37[39m] [33mWarning - [36mlint[33m - src\webparts\drugManagementSystem\components\Custom\components\Admin\ManageCategories\ManageCategories.tsx(129,25): error @typescript-eslint/explicit-function-return-type: Missing return type on function.[39m
[[90m12:33:37[39m] [33mWarning - [36mlint[33m - src\webparts\drugManagementSystem\components\Custom\components\Admin\ManageCategories\ManageCategories.tsx(137,41): error @typescript-eslint/no-explicit-any: Unexpected any. Specify a different type.[39m
[[90m12:33:37[39m] [33mWarning - [36mlint[33m - src\webparts\drugManagementSystem\components\Custom\components\Admin\ManageCategories\ManageCategories.tsx(137,46): error @typescript-eslint/explicit-function-return-type: Missing return type on function.[39m
[[90m12:33:37[39m] [33mWarning - [36mlint[33m - src\webparts\drugManagementSystem\components\Custom\components\Admin\ManageCategories\ManageCategories.tsx(156,9): error @typescript-eslint/no-unused-vars: 'breadcrumbs' is assigned a value but never used.[39m
[[90m12:33:37[39m] [33mWarning - [36mlint[33m - src\webparts\drugManagementSystem\components\Custom\components\Admin\ManageCategories\ManageCategories.tsx(202,54): error @typescript-eslint/no-explicit-any: Unexpected any. Specify a different type.[39m
[[90m12:33:37[39m] [33mWarning - [36mlint[33m - src\webparts\drugManagementSystem\components\Custom\components\Admin\ManageCategories\ManageCategories.tsx(211,54): error @typescript-eslint/no-explicit-any: Unexpected any. Specify a different type.[39m
[[90m12:33:37[39m] [33mWarning - [36mlint[33m - src\webparts\drugManagementSystem\components\Custom\components\Admin\ManageCategories\ManageCategories.tsx(233,37): error @typescript-eslint/explicit-function-return-type: Missing return type on function.[39m
[[90m12:33:37[39m] [33mWarning - [36mlint[33m - src\webparts\drugManagementSystem\components\Custom\components\Admin\ManageCategories\ManageCategories.tsx(237,38): error @typescript-eslint/no-explicit-any: Unexpected any. Specify a different type.[39m
[[90m12:33:37[39m] [33mWarning - [36mlint[33m - src\webparts\drugManagementSystem\components\Custom\components\Admin\ManageCategories\ManageCategories.tsx(253,21): error @typescript-eslint/no-explicit-any: Unexpected any. Specify a different type.[39m
[[90m12:33:37[39m] [33mWarning - [36mlint[33m - src\webparts\drugManagementSystem\components\Custom\components\Admin\ManageCategories\ManageCategories.tsx(254,22): error @typescript-eslint/no-explicit-any: Unexpected any. Specify a different type.[39m
[[90m12:33:37[39m] [33mWarning - [36mlint[33m - src\webparts\drugManagementSystem\components\Custom\components\Admin\ManageCategories\ManageCategories.tsx(270,21): error @typescript-eslint/no-explicit-any: Unexpected any. Specify a different type.[39m
[[90m12:33:37[39m] [33mWarning - [36mlint[33m - src\webparts\drugManagementSystem\components\Custom\components\Admin\ManageCategories\ManageCategories.tsx(271,21): error @typescript-eslint/no-explicit-any: Unexpected any. Specify a different type.[39m
[[90m12:33:37[39m] [33mWarning - [36mlint[33m - src\webparts\drugManagementSystem\components\Custom\components\Admin\ManageCategories\ManageCategories.tsx(272,22): error @typescript-eslint/no-explicit-any: Unexpected any. Specify a different type.[39m
[[90m12:33:37[39m] [33mWarning - [36mlint[33m - src\webparts\drugManagementSystem\components\Custom\components\Admin\ManageCategories\ManageCategories.tsx(286,19): error @typescript-eslint/no-explicit-any: Unexpected any. Specify a different type.[39m
[[90m12:33:37[39m] [33mWarning - [36mlint[33m - src\webparts\drugManagementSystem\components\Custom\components\Admin\ManageCategories\ManageCategories.tsx(287,19): error @typescript-eslint/no-explicit-any: Unexpected any. Specify a different type.[39m
[[90m12:33:37[39m] [33mWarning - [36mlint[33m - src\webparts\drugManagementSystem\components\Custom\components\Admin\ManageCategories\ManageCategories.tsx(288,19): error @typescript-eslint/no-explicit-any: Unexpected any. Specify a different type.[39m
[[90m12:33:37[39m] [33mWarning - [36mlint[33m - src\webparts\drugManagementSystem\components\Custom\components\Admin\ManageCategories\ManageCategories.tsx(293,13): error @typescript-eslint/no-explicit-any: Unexpected any. Specify a different type.[39m
[[90m12:33:37[39m] [33mWarning - [36mlint[33m - src\webparts\drugManagementSystem\components\Custom\components\Admin\ManageCategories\ManageCategories.tsx(308,33): error @typescript-eslint/no-explicit-any: Unexpected any. Specify a different type.[39m
[[90m12:33:37[39m] [33mWarning - [36mlint[33m - src\webparts\drugManagementSystem\components\Custom\components\Admin\ManageCategories\ManageCategories.tsx(328,26): error @typescript-eslint/no-explicit-any: Unexpected any. Specify a different type.[39m
[[90m12:33:37[39m] [33mWarning - [36mlint[33m - src\webparts\drugManagementSystem\components\Custom\components\Admin\ManageCategories\ManageCategories.tsx(366,17): error @typescript-eslint/no-explicit-any: Unexpected any. Specify a different type.[39m
[[90m12:33:37[39m] [33mWarning - [36mlint[33m - src\webparts\drugManagementSystem\components\Custom\components\Admin\ManageCategories\ManageCategories.tsx(406,9): error @typescript-eslint/no-unused-vars: 'getPanelTitle' is assigned a value but never used.[39m
[[90m12:33:37[39m] [33mWarning - [36mlint[33m - src\webparts\drugManagementSystem\components\Custom\components\Admin\ManageCategories\ManageCategories.tsx(406,28): error @typescript-eslint/explicit-function-return-type: Missing return type on function.[39m
[[90m12:33:37[39m] [33mWarning - [36mlint[33m - src\webparts\drugManagementSystem\components\Custom\components\Admin\ManageCategories\ManageCategories.tsx(413,9): error @typescript-eslint/no-unused-vars: 'renderBreadcrumb' is assigned a value but never used.[39m
[[90m12:33:37[39m] [33mWarning - [36mlint[33m - src\webparts\drugManagementSystem\components\Custom\components\Admin\ManageCategories\ManageCategories.tsx(413,31): error @typescript-eslint/explicit-function-return-type: Missing return type on function.[39m
[[90m12:33:37[39m] [33mWarning - [36mlint[33m - src\webparts\drugManagementSystem\components\Custom\components\Admin\ManageCategories\ManageCategories.tsx(547,48): error @typescript-eslint/no-explicit-any: Unexpected any. Specify a different type.[39m
[[90m12:33:37[39m] [33mWarning - [36mlint[33m - src\webparts\drugManagementSystem\components\Custom\components\Admin\ManageCategories\ManageCategories.tsx(553,53): error @typescript-eslint/no-explicit-any: Unexpected any. Specify a different type.[39m
[[90m12:33:37[39m] [33mWarning - [36mlint[33m - src\webparts\drugManagementSystem\components\Custom\components\Admin\ManageCategories\ManageCategories.tsx(559,53): error @typescript-eslint/no-explicit-any: Unexpected any. Specify a different type.[39m
[[90m12:33:37[39m] [33mWarning - [36mlint[33m - src\webparts\drugManagementSystem\components\Custom\components\Admin\ManageCategories\ManageCategoriesData.tsx(38,8): error @typescript-eslint/explicit-function-return-type: Missing return type on function.[39m
[[90m12:33:37[39m] [33mWarning - [36mlint[33m - src\webparts\drugManagementSystem\components\Custom\components\Admin\ManageCategories\ManageCategoriesData.tsx(90,37): error @typescript-eslint/explicit-function-return-type: Missing return type on function.[39m
[[90m12:33:37[39m] [33mWarning - [36mlint[33m - src\webparts\drugManagementSystem\components\Custom\components\Admin\ManageCategories\ManageCategoriesData.tsx(119,5): error no-void: Expected 'undefined' and instead saw 'void'.[39m
[[90m12:33:37[39m] [33mWarning - [36mlint[33m - src\webparts\drugManagementSystem\components\Custom\components\Admin\ManageCategories\ManageCategoriesData.tsx(152,5): error no-void: Expected 'undefined' and instead saw 'void'.[39m
[[90m12:33:37[39m] [33mWarning - [36mlint[33m - src\webparts\drugManagementSystem\components\Custom\components\Admin\ManageCategories\ManageCategoriesData.tsx(178,24): error @typescript-eslint/explicit-function-return-type: Missing return type on function.[39m
[[90m12:33:37[39m] [33mWarning - [36mlint[33m - src\webparts\drugManagementSystem\components\Custom\components\Admin\ManageCategories\ManageCategoriesData.tsx(211,56): error @typescript-eslint/explicit-function-return-type: Missing return type on function.[39m
[[90m12:33:37[39m] [33mWarning - [36mlint[33m - src\webparts\drugManagementSystem\components\Custom\components\Admin\ManageCategories\ManageCategoriesData.tsx(251,57): error @typescript-eslint/explicit-function-return-type: Missing return type on function.[39m
[[90m12:33:37[39m] [33mWarning - [36mlint[33m - src\webparts\drugManagementSystem\components\Custom\components\Admin\ManageCategories\ManageCategoriesData.tsx(286,58): error @typescript-eslint/explicit-function-return-type: Missing return type on function.[39m
[[90m12:33:37[39m] [33mWarning - [36mlint[33m - src\webparts\drugManagementSystem\components\Custom\components\Admin\ManageCategories\ManageCategoriesData.tsx(291,40): error @typescript-eslint/explicit-function-return-type: Missing return type on function.[39m
[[90m12:33:37[39m] [33mWarning - [36mlint[33m - src\webparts\drugManagementSystem\components\Custom\components\Admin\ManageCategories\ManageCategoriesData.tsx(316,37): error @typescript-eslint/explicit-function-return-type: Missing return type on function.[39m
[[90m12:33:37[39m] [33mWarning - [36mlint[33m - src\webparts\drugManagementSystem\components\Custom\components\Admin\ManageDocuments\ManageDocuments.tsx(13,10): error @typescript-eslint/no-unused-vars: 'faArrowLeft' is defined but never used.[39m
[[90m12:33:37[39m] [33mWarning - [36mlint[33m - src\webparts\drugManagementSystem\components\Custom\components\Admin\ManageDocuments\ManageDocuments.tsx(13,58): error @typescript-eslint/no-unused-vars: 'faDownload' is defined but never used.[39m
[[90m12:33:37[39m] [33mWarning - [36mlint[33m - src\webparts\drugManagementSystem\components\Custom\components\Admin\ManageDocuments\ManageDocuments.tsx(13,187): error @typescript-eslint/no-unused-vars: 'faFileSignature' is defined but never used.[39m
[[90m12:33:37[39m] [33mWarning - [36mlint[33m - src\webparts\drugManagementSystem\components\Custom\components\Admin\ManageDocuments\ManageDocuments.tsx(105,98): error @typescript-eslint/explicit-function-return-type: Missing return type on function.[39m
[[90m12:33:37[39m] [33mWarning - [36mlint[33m - src\webparts\drugManagementSystem\components\Custom\components\Admin\ManageDocuments\ManageDocuments.tsx(109,26): error @typescript-eslint/explicit-function-return-type: Missing return type on function.[39m
[[90m12:33:37[39m] [33mWarning - [36mlint[33m - src\webparts\drugManagementSystem\components\Custom\components\Admin\ManageDocuments\ManageDocuments.tsx(187,43): error @typescript-eslint/explicit-function-return-type: Missing return type on function.[39m
[[90m12:33:37[39m] [33mWarning - [36mlint[33m - src\webparts\drugManagementSystem\components\Custom\components\Admin\ManageDocuments\ManageDocuments.tsx(188,28): error @typescript-eslint/no-explicit-any: Unexpected any. Specify a different type.[39m
[[90m12:33:37[39m] [33mWarning - [36mlint[33m - src\webparts\drugManagementSystem\components\Custom\components\Admin\ManageDocuments\ManageDocuments.tsx(213,69): error @typescript-eslint/no-explicit-any: Unexpected any. Specify a different type.[39m
[[90m12:33:37[39m] [33mWarning - [36mlint[33m - src\webparts\drugManagementSystem\components\Custom\components\Admin\ManageDocuments\ManageDocuments.tsx(247,9): error @typescript-eslint/no-unused-vars: 'folderTotalPages' is assigned a value but never used.[39m
[[90m12:33:37[39m] [33mWarning - [36mlint[33m - src\webparts\drugManagementSystem\components\Custom\components\Admin\ManageDocuments\ManageDocuments.tsx(259,37): error @typescript-eslint/explicit-function-return-type: Missing return type on function.[39m
[[90m12:33:37[39m] [33mWarning - [36mlint[33m - src\webparts\drugManagementSystem\components\Custom\components\Admin\ManageDocuments\ManageDocuments.tsx(287,26): error @typescript-eslint/no-explicit-any: Unexpected any. Specify a different type.[39m
[[90m12:33:37[39m] [33mWarning - [36mlint[33m - src\webparts\drugManagementSystem\components\Custom\components\Admin\ManageDocuments\ManageDocuments.tsx(405,11): error no-void: Expected 'undefined' and instead saw 'void'.[39m
[[90m12:33:37[39m] [33mWarning - [36mlint[33m - src\webparts\drugManagementSystem\components\Custom\components\Admin\ManageDocuments\ManageDocuments.tsx(422,26): error @typescript-eslint/no-explicit-any: Unexpected any. Specify a different type.[39m
[[90m12:33:37[39m] [33mWarning - [36mlint[33m - src\webparts\drugManagementSystem\components\Custom\components\Admin\ManageDocuments\ManageDocuments.tsx(474,26): error @typescript-eslint/no-explicit-any: Unexpected any. Specify a different type.[39m
[[90m12:33:37[39m] [33mWarning - [36mlint[33m - src\webparts\drugManagementSystem\components\Custom\components\Admin\ManageDocuments\ManageDocuments.tsx(602,36): error @typescript-eslint/no-explicit-any: Unexpected any. Specify a different type.[39m
[[90m12:33:37[39m] [33mWarning - [36mlint[33m - src\webparts\drugManagementSystem\components\Custom\components\Admin\ManageDocuments\ManageDocuments.tsx(894,36): error @typescript-eslint/no-explicit-any: Unexpected any. Specify a different type.[39m
[[90m12:33:37[39m] [33mWarning - [36mlint[33m - src\webparts\drugManagementSystem\components\Custom\components\Admin\ManageDocuments\ManageDocuments.tsx(931,25): error no-void: Expected 'undefined' and instead saw 'void'.[39m
[[90m12:33:37[39m] [33mWarning - [36mlint[33m - src\webparts\drugManagementSystem\components\Custom\components\Admin\ManageDocuments\ManageDocuments.tsx(1272,86): error @typescript-eslint/no-explicit-any: Unexpected any. Specify a different type.[39m
[[90m12:33:37[39m] [33mWarning - [36mlint[33m - src\webparts\drugManagementSystem\components\Custom\components\Admin\ManageDocuments\ManageDocumentsData.tsx(30,8): error @typescript-eslint/explicit-function-return-type: Missing return type on function.[39m
[[90m12:33:37[39m] [33mWarning - [36mlint[33m - src\webparts\drugManagementSystem\components\Custom\components\Admin\ManageDocuments\ManageDocumentsData.tsx(56,68): error @typescript-eslint/no-explicit-any: Unexpected any. Specify a different type.[39m
[[90m12:33:37[39m] [33mWarning - [36mlint[33m - src\webparts\drugManagementSystem\components\Custom\components\Admin\ManageDocuments\ManageDocumentsData.tsx(57,62): error @typescript-eslint/no-explicit-any: Unexpected any. Specify a different type.[39m
[[90m12:33:37[39m] [33mWarning - [36mlint[33m - src\webparts\drugManagementSystem\components\Custom\components\Admin\ManageDocuments\ManageDocumentsData.tsx(89,61): error @typescript-eslint/explicit-function-return-type: Missing return type on function.[39m
[[90m12:33:37[39m] [33mWarning - [36mlint[33m - src\webparts\drugManagementSystem\components\Custom\components\Admin\ManageDocuments\ManageDocumentsData.tsx(93,42): error @typescript-eslint/explicit-function-return-type: Missing return type on function.[39m
[[90m12:33:37[39m] [33mWarning - [36mlint[33m - src\webparts\drugManagementSystem\components\Custom\components\Admin\ManageDocuments\ManageDocumentsData.tsx(104,35): error @typescript-eslint/no-explicit-any: Unexpected any. Specify a different type.[39m
[[90m12:33:37[39m] [33mWarning - [36mlint[33m - src\webparts\drugManagementSystem\components\Custom\components\Admin\ManageDocuments\ManageDocumentsData.tsx(118,33): error @typescript-eslint/no-explicit-any: Unexpected any. Specify a different type.[39m
[[90m12:33:37[39m] [33mWarning - [36mlint[33m - src\webparts\drugManagementSystem\components\Custom\components\Admin\ManageDocuments\ManageDocumentsData.tsx(139,33): error @typescript-eslint/no-explicit-any: Unexpected any. Specify a different type.[39m
[[90m12:33:37[39m] [33mWarning - [36mlint[33m - src\webparts\drugManagementSystem\components\Custom\components\Admin\ManageDocuments\ManageDocumentsData.tsx(192,16): error @typescript-eslint/no-unused-vars: 'error' is defined but never used.[39m
[[90m12:33:37[39m] [33mWarning - [36mlint[33m - src\webparts\drugManagementSystem\components\Custom\components\Admin\ManageDocuments\ManageDocumentsData.tsx(199,34): error @typescript-eslint/no-explicit-any: Unexpected any. Specify a different type.[39m
[[90m12:33:37[39m] [33mWarning - [36mlint[33m - src\webparts\drugManagementSystem\components\Custom\components\Admin\ManageDocuments\ManageDocumentsData.tsx(229,38): error @typescript-eslint/no-explicit-any: Unexpected any. Specify a different type.[39m
[[90m12:33:37[39m] [33mWarning - [36mlint[33m - src\webparts\drugManagementSystem\components\Custom\components\Admin\ManageDocuments\ManageDocumentsData.tsx(230,49): error @typescript-eslint/no-explicit-any: Unexpected any. Specify a different type.[39m
[[90m12:33:37[39m] [33mWarning - [36mlint[33m - src\webparts\drugManagementSystem\components\Custom\components\Admin\ManageDocuments\ManageDocumentsData.tsx(253,29): error @typescript-eslint/explicit-function-return-type: Missing return type on function.[39m
[[90m12:33:37[39m] [33mWarning - [36mlint[33m - src\webparts\drugManagementSystem\components\Custom\components\Admin\ManageDocuments\ManageDocumentsData.tsx(325,33): error @typescript-eslint/no-explicit-any: Unexpected any. Specify a different type.[39m
[[90m12:33:37[39m] [33mWarning - [36mlint[33m - src\webparts\drugManagementSystem\components\Custom\components\Admin\ManageDocuments\ManageDocumentsData.tsx(335,39): error @typescript-eslint/no-explicit-any: Unexpected any. Specify a different type.[39m
[[90m12:33:37[39m] [33mWarning - [36mlint[33m - src\webparts\drugManagementSystem\components\Custom\components\Admin\ManageDocuments\ManageDocumentsData.tsx(352,52): error @typescript-eslint/explicit-function-return-type: Missing return type on function.[39m
[[90m12:33:37[39m] [33mWarning - [36mlint[33m - src\webparts\drugManagementSystem\components\Custom\components\Admin\ManageDocuments\ManageDocumentsData.tsx(362,89): error @typescript-eslint/explicit-function-return-type: Missing return type on function.[39m
[[90m12:33:37[39m] [33mWarning - [36mlint[33m - src\webparts\drugManagementSystem\components\Custom\components\Admin\ManageDocuments\ManageDocumentsData.tsx(407,27): error @typescript-eslint/explicit-function-return-type: Missing return type on function.[39m
[[90m12:33:37[39m] [33mWarning - [36mlint[33m - src\webparts\drugManagementSystem\components\Custom\components\Admin\ManageDocuments\ManageDocumentsData.tsx(411,50): error @typescript-eslint/no-explicit-any: Unexpected any. Specify a different type.[39m
[[90m12:33:37[39m] [33mWarning - [36mlint[33m - src\webparts\drugManagementSystem\components\Custom\components\Admin\ManageDocuments\ManageDocumentsData.tsx(411,82): error @typescript-eslint/no-explicit-any: Unexpected any. Specify a different type.[39m
[[90m12:33:37[39m] [33mWarning - [36mlint[33m - src\webparts\drugManagementSystem\components\Custom\components\Admin\ManageDocuments\ManageDocumentsData.tsx(461,5): error no-void: Expected 'undefined' and instead saw 'void'.[39m
[[90m12:33:37[39m] [33mWarning - [36mlint[33m - src\webparts\drugManagementSystem\components\Custom\components\Admin\ManageDocuments\ManageDocumentsData.tsx(470,46): error @typescript-eslint/explicit-function-return-type: Missing return type on function.[39m
[[90m12:33:37[39m] [33mWarning - [36mlint[33m - src\webparts\drugManagementSystem\components\Custom\components\Admin\ManageDocuments\ManageDocumentsData.tsx(480,52): error @typescript-eslint/explicit-function-return-type: Missing return type on function.[39m
[[90m12:33:37[39m] [33mWarning - [36mlint[33m - src\webparts\drugManagementSystem\components\Custom\components\Admin\ManageDocuments\ManageDocumentsData.tsx(490,41): error @typescript-eslint/no-explicit-any: Unexpected any. Specify a different type.[39m
[[90m12:33:37[39m] [33mWarning - [36mlint[33m - src\webparts\drugManagementSystem\components\Custom\components\Admin\ManageDocuments\ManageDocumentsData.tsx(527,34): error @typescript-eslint/explicit-function-return-type: Missing return type on function.[39m
[[90m12:33:37[39m] [33mWarning - [36mlint[33m - src\webparts\drugManagementSystem\components\Custom\components\Admin\ManageDocuments\ManageDocumentsData.tsx(550,94): error @typescript-eslint/explicit-function-return-type: Missing return type on function.[39m
[[90m12:33:37[39m] [33mWarning - [36mlint[33m - src\webparts\drugManagementSystem\components\Custom\components\Admin\ManageDocuments\ManageDocumentsData.tsx(569,75): error @typescript-eslint/explicit-function-return-type: Missing return type on function.[39m
[[90m12:33:37[39m] [33mWarning - [36mlint[33m - src\webparts\drugManagementSystem\components\Custom\components\Admin\ManageDocuments\ManageDocumentsData.tsx(594,69): error @typescript-eslint/explicit-function-return-type: Missing return type on function.[39m
[[90m12:33:37[39m] [33mWarning - [36mlint[33m - src\webparts\drugManagementSystem\components\Custom\components\Admin\ManageDocuments\ManageDocumentsData.tsx(628,39): error @typescript-eslint/explicit-function-return-type: Missing return type on function.[39m
[[90m12:33:37[39m] [33mWarning - [36mlint[33m - src\webparts\drugManagementSystem\components\Custom\components\Admin\ManageDocuments\ManageDocumentsData.tsx(648,33): error @typescript-eslint/explicit-function-return-type: Missing return type on function.[39m
[[90m12:33:37[39m] [33mWarning - [36mlint[33m - src\webparts\drugManagementSystem\components\Custom\components\Admin\ManageDocuments\ManageDocumentsData.tsx(669,41): error @typescript-eslint/explicit-function-return-type: Missing return type on function.[39m
[[90m12:33:37[39m] [33mWarning - [36mlint[33m - src\webparts\drugManagementSystem\components\Custom\components\Admin\ManageDocuments\ManageDocumentsData.tsx(682,35): error @typescript-eslint/explicit-function-return-type: Missing return type on function.[39m
[[90m12:33:37[39m] [33mWarning - [36mlint[33m - src\webparts\drugManagementSystem\components\Custom\components\Admin\ManageDocuments\ManageDocumentsData.tsx(710,52): error @typescript-eslint/explicit-function-return-type: Missing return type on function.[39m
[[90m12:33:37[39m] [33mWarning - [36mlint[33m - src\webparts\drugManagementSystem\components\Custom\components\Admin\ManageDocuments\ManageDocumentsData.tsx(711,52): error @typescript-eslint/no-explicit-any: Unexpected any. Specify a different type.[39m
[[90m12:33:37[39m] [33mWarning - [36mlint[33m - src\webparts\drugManagementSystem\components\Custom\components\Admin\ManageDocuments\ManageDocumentsData.tsx(715,37): error @typescript-eslint/explicit-function-return-type: Missing return type on function.[39m
[[90m12:33:37[39m] [33mWarning - [36mlint[33m - src\webparts\drugManagementSystem\components\Custom\components\Admin\ManageDocuments\ManageDocumentsData.tsx(733,50): error @typescript-eslint/explicit-function-return-type: Missing return type on function.[39m
[[90m12:33:37[39m] [33mWarning - [36mlint[33m - src\webparts\drugManagementSystem\components\Custom\components\Admin\ManageDocuments\ManageDocumentsData.tsx(741,27): error @typescript-eslint/explicit-function-return-type: Missing return type on function.[39m
[[90m12:33:37[39m] [33mWarning - [36mlint[33m - src\webparts\drugManagementSystem\components\Custom\components\Admin\ManageDocuments\ManageDocumentsData.tsx(752,43): error @typescript-eslint/explicit-function-return-type: Missing return type on function.[39m
[[90m12:33:37[39m] [33mWarning - [36mlint[33m - src\webparts\drugManagementSystem\components\Custom\components\Admin\ManageDocuments\ManageDocumentsData.tsx(761,48): error @typescript-eslint/explicit-function-return-type: Missing return type on function.[39m
[[90m12:33:37[39m] [33mWarning - [36mlint[33m - src\webparts\drugManagementSystem\components\Custom\components\Admin\ManageDocuments\ManageDocumentsData.tsx(766,72): error @typescript-eslint/explicit-function-return-type: Missing return type on function.[39m
[[90m12:33:37[39m] [33mWarning - [36mlint[33m - src\webparts\drugManagementSystem\components\Custom\components\Admin\ManageDocuments\ManageDocumentsData.tsx(771,52): error @typescript-eslint/explicit-function-return-type: Missing return type on function.[39m
[[90m12:33:37[39m] [33mWarning - [36mlint[33m - src\webparts\drugManagementSystem\components\Custom\components\Admin\ManageDocuments\ManageDocumentsData.tsx(791,29): error @typescript-eslint/explicit-function-return-type: Missing return type on function.[39m
[[90m12:33:37[39m] [33mWarning - [36mlint[33m - src\webparts\drugManagementSystem\components\Custom\components\Admin\ManageDocuments\ManageDocumentsData.tsx(813,33): error @typescript-eslint/explicit-function-return-type: Missing return type on function.[39m
[[90m12:33:37[39m] [33mWarning - [36mlint[33m - src\webparts\drugManagementSystem\components\Custom\components\Admin\ManageTemplates\ExcelUploadModal.tsx(2,10): error @typescript-eslint/no-unused-vars: 'PrimaryButton' is defined but never used.[39m
[[90m12:33:37[39m] [33mWarning - [36mlint[33m - src\webparts\drugManagementSystem\components\Custom\components\Admin\ManageTemplates\ExcelUploadModal.tsx(2,25): error @typescript-eslint/no-unused-vars: 'DefaultButton' is defined but never used.[39m
[[90m12:33:37[39m] [33mWarning - [36mlint[33m - src\webparts\drugManagementSystem\components\Custom\components\Admin\ManageTemplates\ExcelUploadModal.tsx(4,23): error @typescript-eslint/no-unused-vars: 'faUpload' is defined but never used.[39m
[[90m12:33:37[39m] [33mWarning - [36mlint[33m - src\webparts\drugManagementSystem\components\Custom\components\Admin\ManageTemplates\ExcelUploadModal.tsx(14,13): error @typescript-eslint/no-explicit-any: Unexpected any. Specify a different type.[39m
[[90m12:33:37[39m] [33mWarning - [36mlint[33m - src\webparts\drugManagementSystem\components\Custom\components\Admin\ManageTemplates\ExcelUploadModal.tsx(33,56): error @typescript-eslint/no-explicit-any: Unexpected any. Specify a different type.[39m
[[90m12:33:37[39m] [33mWarning - [36mlint[33m - src\webparts\drugManagementSystem\components\Custom\components\Admin\ManageTemplates\ExcelUploadModal.tsx(41,39): error @typescript-eslint/no-explicit-any: Unexpected any. Specify a different type.[39m
[[90m12:33:37[39m] [33mWarning - [36mlint[33m - src\webparts\drugManagementSystem\components\Custom\components\Admin\ManageTemplates\ExcelUploadModal.tsx(41,46): error @typescript-eslint/explicit-function-return-type: Missing return type on function.[39m
[[90m12:33:37[39m] [33mWarning - [36mlint[33m - src\webparts\drugManagementSystem\components\Custom\components\Admin\ManageTemplates\ExcelUploadModal.tsx(48,37): error @typescript-eslint/explicit-function-return-type: Missing return type on function.[39m
[[90m12:33:37[39m] [33mWarning - [36mlint[33m - src\webparts\drugManagementSystem\components\Custom\components\Admin\ManageTemplates\ExcelUploadModal.tsx(65,14): error @typescript-eslint/no-unused-vars: 'error' is defined but never used.[39m
[[90m12:33:37[39m] [33mWarning - [36mlint[33m - src\webparts\drugManagementSystem\components\Custom\components\Admin\ManageTemplates\ExcelUploadModal.tsx(72,33): error @typescript-eslint/explicit-function-return-type: Missing return type on function.[39m
[[90m12:33:37[39m] [33mWarning - [36mlint[33m - src\webparts\drugManagementSystem\components\Custom\components\Admin\ManageTemplates\ExcelUploadModal.tsx(127,26): error @typescript-eslint/explicit-function-return-type: Missing return type on function.[39m
[[90m12:33:37[39m] [33mWarning - [36mlint[33m - src\webparts\drugManagementSystem\components\Custom\components\Admin\ManageTemplates\ManageTemplates.tsx(18,10): error @typescript-eslint/no-unused-vars: 'FormActions' is defined but never used.[39m
[[90m12:33:37[39m] [33mWarning - [36mlint[33m - src\webparts\drugManagementSystem\components\Custom\components\Admin\ManageTemplates\ManageTemplates.tsx(55,10): error @typescript-eslint/no-unused-vars: 'isExcelUploadOpen' is assigned a value but never used.[39m
[[90m12:33:37[39m] [33mWarning - [36mlint[33m - src\webparts\drugManagementSystem\components\Custom\components\Admin\ManageTemplates\ManageTemplates.tsx(75,98): error @typescript-eslint/explicit-function-return-type: Missing return type on function.[39m
[[90m12:33:37[39m] [33mWarning - [36mlint[33m - src\webparts\drugManagementSystem\components\Custom\components\Admin\ManageTemplates\ManageTemplates.tsx(79,26): error @typescript-eslint/explicit-function-return-type: Missing return type on function.[39m
[[90m12:33:37[39m] [33mWarning - [36mlint[33m - src\webparts\drugManagementSystem\components\Custom\components\Admin\ManageTemplates\ManageTemplates.tsx(95,37): error @typescript-eslint/explicit-function-return-type: Missing return type on function.[39m
[[90m12:33:37[39m] [33mWarning - [36mlint[33m - src\webparts\drugManagementSystem\components\Custom\components\Admin\ManageTemplates\ManageTemplates.tsx(100,41): error @typescript-eslint/explicit-function-return-type: Missing return type on function.[39m
[[90m12:33:37[39m] [33mWarning - [36mlint[33m - src\webparts\drugManagementSystem\components\Custom\components\Admin\ManageTemplates\ManageTemplates.tsx(105,42): error @typescript-eslint/explicit-function-return-type: Missing return type on function.[39m
[[90m12:33:37[39m] [33mWarning - [36mlint[33m - src\webparts\drugManagementSystem\components\Custom\components\Admin\ManageTemplates\ManageTemplates.tsx(106,44): error @typescript-eslint/no-explicit-any: Unexpected any. Specify a different type.[39m
[[90m12:33:37[39m] [33mWarning - [36mlint[33m - src\webparts\drugManagementSystem\components\Custom\components\Admin\ManageTemplates\ManageTemplates.tsx(112,32): error @typescript-eslint/explicit-function-return-type: Missing return type on function.[39m
[[90m12:33:37[39m] [33mWarning - [36mlint[33m - src\webparts\drugManagementSystem\components\Custom\components\Admin\ManageTemplates\ManageTemplates.tsx(114,20): error @typescript-eslint/no-explicit-any: Unexpected any. Specify a different type.[39m
[[90m12:33:37[39m] [33mWarning - [36mlint[33m - src\webparts\drugManagementSystem\components\Custom\components\Admin\ManageTemplates\ManageTemplates.tsx(212,38): error @typescript-eslint/no-explicit-any: Unexpected any. Specify a different type.[39m
[[90m12:33:37[39m] [33mWarning - [36mlint[33m - src\webparts\drugManagementSystem\components\Custom\components\Admin\ManageTemplates\ManageTemplates.tsx(213,25): error @typescript-eslint/no-explicit-any: Unexpected any. Specify a different type.[39m
[[90m12:33:37[39m] [33mWarning - [36mlint[33m - src\webparts\drugManagementSystem\components\Custom\components\Admin\ManageTemplates\ManageTemplates.tsx(214,27): error @typescript-eslint/no-explicit-any: Unexpected any. Specify a different type.[39m
[[90m12:33:37[39m] [33mWarning - [36mlint[33m - src\webparts\drugManagementSystem\components\Custom\components\Admin\ManageTemplates\ManageTemplates.tsx(323,58): error @typescript-eslint/no-explicit-any: Unexpected any. Specify a different type.[39m
[[90m12:33:37[39m] [33mWarning - [36mlint[33m - src\webparts\drugManagementSystem\components\Custom\components\Admin\ManageTemplates\ManageTemplates.tsx(354,13): error no-void: Expected 'undefined' and instead saw 'void'.[39m
[[90m12:33:37[39m] [33mWarning - [36mlint[33m - src\webparts\drugManagementSystem\components\Custom\components\Admin\ManageTemplates\ManageTemplates.tsx(415,67): error @typescript-eslint/no-explicit-any: Unexpected any. Specify a different type.[39m
[[90m12:33:37[39m] [33mWarning - [36mlint[33m - src\webparts\drugManagementSystem\components\Custom\components\Admin\ManageTemplates\ManageTemplates.tsx(521,71): error @typescript-eslint/no-explicit-any: Unexpected any. Specify a different type.[39m
[[90m12:33:37[39m] [33mWarning - [36mlint[33m - src\webparts\drugManagementSystem\components\Custom\components\Admin\ManageTemplates\ManageTemplates.tsx(525,71): error @typescript-eslint/no-explicit-any: Unexpected any. Specify a different type.[39m
[[90m12:33:37[39m] [33mWarning - [36mlint[33m - src\webparts\drugManagementSystem\components\Custom\components\Admin\ManageTemplates\ManageTemplates.tsx(558,58): error @typescript-eslint/no-explicit-any: Unexpected any. Specify a different type.[39m
[[90m12:33:37[39m] [33mWarning - [36mlint[33m - src\webparts\drugManagementSystem\components\Custom\components\Admin\ManageTemplates\ManageTemplates.tsx(561,69): error @typescript-eslint/no-explicit-any: Unexpected any. Specify a different type.[39m
[[90m12:33:37[39m] [33mWarning - [36mlint[33m - src\webparts\drugManagementSystem\components\Custom\components\Admin\ManageTemplates\ManageTemplates.tsx(561,135): error @typescript-eslint/no-explicit-any: Unexpected any. Specify a different type.[39m
[[90m12:33:37[39m] [33mWarning - [36mlint[33m - src\webparts\drugManagementSystem\components\Custom\components\Admin\ManageTemplates\ManageTemplates.tsx(581,29): error no-void: Expected 'undefined' and instead saw 'void'.[39m
[[90m12:33:37[39m] [33mWarning - [36mlint[33m - src\webparts\drugManagementSystem\components\Custom\components\Admin\ManageTemplates\ManageTemplates.tsx(634,91): error @typescript-eslint/no-explicit-any: Unexpected any. Specify a different type.[39m
[[90m12:33:37[39m] [33mWarning - [36mlint[33m - src\webparts\drugManagementSystem\components\Custom\components\Admin\ManageTemplates\ManageTemplates.tsx(634,112): error @typescript-eslint/no-explicit-any: Unexpected any. Specify a different type.[39m
[[90m12:33:37[39m] [33mWarning - [36mlint[33m - src\webparts\drugManagementSystem\components\Custom\components\Admin\ManageTemplates\ManageTemplates.tsx(651,52): error @typescript-eslint/no-explicit-any: Unexpected any. Specify a different type.[39m
[[90m12:33:37[39m] [33mWarning - [36mlint[33m - src\webparts\drugManagementSystem\components\Custom\components\Admin\ManageTemplates\ManageTemplates.tsx(651,71): error @typescript-eslint/no-explicit-any: Unexpected any. Specify a different type.[39m
[[90m12:33:37[39m] [33mWarning - [36mlint[33m - src\webparts\drugManagementSystem\components\Custom\components\Admin\ManageTemplates\ManageTemplatesData.tsx(8,8): error @typescript-eslint/explicit-function-return-type: Missing return type on function.[39m
[[90m12:33:37[39m] [33mWarning - [36mlint[33m - src\webparts\drugManagementSystem\components\Custom\components\Admin\ManageTemplates\ManageTemplatesData.tsx(30,34): error @typescript-eslint/explicit-function-return-type: Missing return type on function.[39m
[[90m12:33:37[39m] [33mWarning - [36mlint[33m - src\webparts\drugManagementSystem\components\Custom\components\Admin\ManageTemplates\ManageTemplatesData.tsx(60,33): error @typescript-eslint/no-explicit-any: Unexpected any. Specify a different type.[39m
[[90m12:33:37[39m] [33mWarning - [36mlint[33m - src\webparts\drugManagementSystem\components\Custom\components\Admin\ManageTemplates\ManageTemplatesData.tsx(90,32): error @typescript-eslint/explicit-function-return-type: Missing return type on function.[39m
[[90m12:33:37[39m] [33mWarning - [36mlint[33m - src\webparts\drugManagementSystem\components\Custom\components\Admin\ManageTemplates\ManageTemplatesData.tsx(114,23): error @typescript-eslint/no-explicit-any: Unexpected any. Specify a different type.[39m
[[90m12:33:37[39m] [33mWarning - [36mlint[33m - src\webparts\drugManagementSystem\components\Custom\components\Admin\ManageTemplates\ManageTemplatesData.tsx(115,20): error @typescript-eslint/no-explicit-any: Unexpected any. Specify a different type.[39m
[[90m12:33:37[39m] [33mWarning - [36mlint[33m - src\webparts\drugManagementSystem\components\Custom\components\Admin\ManageTemplates\ManageTemplatesData.tsx(117,41): error @typescript-eslint/no-explicit-any: Unexpected any. Specify a different type.[39m
[[90m12:33:37[39m] [33mWarning - [36mlint[33m - src\webparts\drugManagementSystem\components\Custom\components\Admin\ManageTemplates\ManageTemplatesData.tsx(118,45): error @typescript-eslint/no-explicit-any: Unexpected any. Specify a different type.[39m
[[90m12:33:37[39m] [33mWarning - [36mlint[33m - src\webparts\drugManagementSystem\components\Custom\components\Admin\ManageTemplates\ManageTemplatesData.tsx(119,48): error @typescript-eslint/no-explicit-any: Unexpected any. Specify a different type.[39m
[[90m12:33:37[39m] [33mWarning - [36mlint[33m - src\webparts\drugManagementSystem\components\Custom\components\Admin\ManageTemplates\ManageTemplatesData.tsx(126,5): error no-void: Expected 'undefined' and instead saw 'void'.[39m
[[90m12:33:37[39m] [33mWarning - [36mlint[33m - src\webparts\drugManagementSystem\components\Custom\components\Admin\ManageTemplates\ManageTemplatesData.tsx(134,41): error @typescript-eslint/no-explicit-any: Unexpected any. Specify a different type.[39m
[[90m12:33:37[39m] [33mWarning - [36mlint[33m - src\webparts\drugManagementSystem\components\Custom\components\Admin\ManageTemplates\ManageTemplatesData.tsx(146,44): error @typescript-eslint/explicit-function-return-type: Missing return type on function.[39m
[[90m12:33:37[39m] [33mWarning - [36mlint[33m - src\webparts\drugManagementSystem\components\Custom\components\Admin\ManageTemplates\ManageTemplatesData.tsx(152,40): error @typescript-eslint/explicit-function-return-type: Missing return type on function.[39m
[[90m12:33:37[39m] [33mWarning - [36mlint[33m - src\webparts\drugManagementSystem\components\Custom\components\Admin\ManageTemplates\ManageTemplatesData.tsx(171,54): error @typescript-eslint/no-explicit-any: Unexpected any. Specify a different type.[39m
[[90m12:33:37[39m] [33mWarning - [36mlint[33m - src\webparts\drugManagementSystem\components\Custom\components\Admin\ManageTemplates\ManageTemplatesData.tsx(171,59): error @typescript-eslint/explicit-function-return-type: Missing return type on function.[39m
[[90m12:33:37[39m] [33mWarning - [36mlint[33m - src\webparts\drugManagementSystem\components\Custom\components\Admin\ManageTemplates\UploadTemplatePage.tsx(18,14): error @typescript-eslint/no-explicit-any: Unexpected any. Specify a different type.[39m
[[90m12:33:37[39m] [33mWarning - [36mlint[33m - src\webparts\drugManagementSystem\components\Custom\components\Admin\ManageTemplates\UploadTemplatePage.tsx(33,5): error @typescript-eslint/no-unused-vars: 'canUpload' is assigned a value but never used.[39m
[[90m12:33:37[39m] [33mWarning - [36mlint[33m - src\webparts\drugManagementSystem\components\Custom\components\Admin\ManageTemplates\UploadTemplatePage.tsx(65,98): error @typescript-eslint/explicit-function-return-type: Missing return type on function.[39m
[[90m12:33:37[39m] [33mWarning - [36mlint[33m - src\webparts\drugManagementSystem\components\Custom\components\Admin\ManageTemplates\UploadTemplatePage.tsx(69,26): error @typescript-eslint/explicit-function-return-type: Missing return type on function.[39m
[[90m12:33:37[39m] [33mWarning - [36mlint[33m - src\webparts\drugManagementSystem\components\Custom\components\Admin\ManageTemplates\UploadTemplatePage.tsx(132,25): error @typescript-eslint/explicit-function-return-type: Missing return type on function.[39m
[[90m12:33:37[39m] [33mWarning - [36mlint[33m - src\webparts\drugManagementSystem\components\Custom\components\Admin\ManageTemplates\UploadTemplatePage.tsx(138,50): error @typescript-eslint/explicit-function-return-type: Missing return type on function.[39m
[[90m12:33:37[39m] [33mWarning - [36mlint[33m - src\webparts\drugManagementSystem\components\Custom\components\Admin\ManageTemplates\UploadTemplatePage.tsx(244,48): error @typescript-eslint/no-explicit-any: Unexpected any. Specify a different type.[39m
[[90m12:33:37[39m] [33mWarning - [36mlint[33m - src\webparts\drugManagementSystem\components\Custom\components\Admin\ManageTemplates\UploadTemplatePage.tsx(244,67): error @typescript-eslint/no-explicit-any: Unexpected any. Specify a different type.[39m
[[90m12:33:37[39m] [33mWarning - [36mlint[33m - src\webparts\drugManagementSystem\components\Custom\components\Admin\ManageTemplates\UploadTemplatePage.tsx(245,54): error @typescript-eslint/no-explicit-any: Unexpected any. Specify a different type.[39m
[[90m12:33:37[39m] [33mWarning - [36mlint[33m - src\webparts\drugManagementSystem\components\Custom\components\Admin\ManageTemplates\UploadTemplatePage.tsx(246,50): error @typescript-eslint/no-explicit-any: Unexpected any. Specify a different type.[39m
[[90m12:33:37[39m] [33mWarning - [36mlint[33m - src\webparts\drugManagementSystem\components\Custom\components\Admin\ManageTemplates\UploadTemplatePage.tsx(247,51): error @typescript-eslint/no-explicit-any: Unexpected any. Specify a different type.[39m
[[90m12:33:37[39m] [33mWarning - [36mlint[33m - src\webparts\drugManagementSystem\components\Custom\components\Admin\Reports\Reports.tsx(3,47): error @typescript-eslint/no-unused-vars: 'Line' is defined but never used.[39m
[[90m12:33:37[39m] [33mWarning - [36mlint[33m - src\webparts\drugManagementSystem\components\Custom\components\Admin\Reports\Reports.tsx(3,53): error @typescript-eslint/no-unused-vars: 'LineChart' is defined but never used.[39m
[[90m12:33:37[39m] [33mWarning - [36mlint[33m - src\webparts\drugManagementSystem\components\Custom\components\Admin\Reports\Reports.tsx(14,10): error @typescript-eslint/no-unused-vars: 'StatusBadge' is defined but never used.[39m
[[90m12:33:37[39m] [33mWarning - [36mlint[33m - src\webparts\drugManagementSystem\components\Custom\components\Admin\Reports\Reports.tsx(25,5): error @typescript-eslint/no-unused-vars: 'chartType' is assigned a value but never used.[39m
[[90m12:33:37[39m] [33mWarning - [36mlint[33m - src\webparts\drugManagementSystem\components\Custom\components\Admin\Reports\Reports.tsx(40,5): error @typescript-eslint/no-unused-vars: 'setChartType' is assigned a value but never used.[39m
[[90m12:33:37[39m] [33mWarning - [36mlint[33m - src\webparts\drugManagementSystem\components\Custom\components\Admin\Reports\Reports.tsx(105,55): error @typescript-eslint/explicit-function-return-type: Missing return type on function.[39m
[[90m12:33:37[39m] [33mWarning - [36mlint[33m - src\webparts\drugManagementSystem\components\Custom\components\Admin\Reports\ReportsData.tsx(31,8): error @typescript-eslint/explicit-function-return-type: Missing return type on function.[39m
[[90m12:33:37[39m] [33mWarning - [36mlint[33m - src\webparts\drugManagementSystem\components\Custom\components\Admin\Reports\ReportsData.tsx(70,22): error @typescript-eslint/no-unused-vars: 'setCategories' is assigned a value but never used.[39m
[[90m12:33:37[39m] [33mWarning - [36mlint[33m - src\webparts\drugManagementSystem\components\Custom\components\Admin\Reports\ReportsData.tsx(71,21): error @typescript-eslint/no-unused-vars: 'setTemplates' is assigned a value but never used.[39m
[[90m12:33:37[39m] [33mWarning - [36mlint[33m - src\webparts\drugManagementSystem\components\Custom\components\Admin\Reports\ReportsData.tsx(72,22): error @typescript-eslint/no-unused-vars: 'setCtdFolders' is assigned a value but never used.[39m
[[90m12:33:37[39m] [33mWarning - [36mlint[33m - src\webparts\drugManagementSystem\components\Custom\components\Admin\Reports\ReportsData.tsx(73,29): error @typescript-eslint/no-unused-vars: 'setFilteredDocuments' is assigned a value but never used.[39m
[[90m12:33:37[39m] [33mWarning - [36mlint[33m - src\webparts\drugManagementSystem\components\Custom\components\Admin\Reports\ReportsData.tsx(226,5): error no-void: Expected 'undefined' and instead saw 'void'.[39m
[[90m12:33:37[39m] [33mWarning - [36mlint[33m - src\webparts\drugManagementSystem\components\Custom\components\Admin\Reports\ReportsData.tsx(229,28): error @typescript-eslint/explicit-function-return-type: Missing return type on function.[39m
[[90m12:33:37[39m] [33mWarning - [36mlint[33m - src\webparts\drugManagementSystem\components\Custom\components\Admin\Reports\ReportsData.tsx(234,26): error @typescript-eslint/explicit-function-return-type: Missing return type on function.[39m
[[90m12:33:37[39m] [33mWarning - [36mlint[33m - src\webparts\drugManagementSystem\components\Custom\components\Admin\Reports\ReportsData.tsx(240,50): error @typescript-eslint/explicit-function-return-type: Missing return type on function.[39m
[[90m12:33:37[39m] [33mWarning - [36mlint[33m - src\webparts\drugManagementSystem\components\Custom\components\Admin\Reports\ReportsData.tsx(248,26): error @typescript-eslint/explicit-function-return-type: Missing return type on function.[39m
[[90m12:33:37[39m] [33mWarning - [36mlint[33m - src\webparts\drugManagementSystem\components\Custom\components\Admin\Reports\ReportsData.tsx(252,27): error @typescript-eslint/explicit-function-return-type: Missing return type on function.[39m
[[90m12:33:37[39m] [33mWarning - [36mlint[33m - src\webparts\drugManagementSystem\components\Custom\components\Admin\UploadTemplateModal\UploadTemplateModal.tsx(153,44): error @typescript-eslint/no-explicit-any: Unexpected any. Specify a different type.[39m
[[90m12:33:37[39m] [33mWarning - [36mlint[33m - src\webparts\drugManagementSystem\components\Custom\components\Admin\UploadTemplateModal\UploadTemplateModal.tsx(153,63): error @typescript-eslint/no-explicit-any: Unexpected any. Specify a different type.[39m
[[90m12:33:37[39m] [33mWarning - [36mlint[33m - src\webparts\drugManagementSystem\components\Custom\components\Admin\UploadTemplateModal\UploadTemplateModal.tsx(154,50): error @typescript-eslint/no-explicit-any: Unexpected any. Specify a different type.[39m
[[90m12:33:37[39m] [33mWarning - [36mlint[33m - src\webparts\drugManagementSystem\components\Custom\components\Admin\UploadTemplateModal\UploadTemplateModal.tsx(155,46): error @typescript-eslint/no-explicit-any: Unexpected any. Specify a different type.[39m
[[90m12:33:37[39m] [33mWarning - [36mlint[33m - src\webparts\drugManagementSystem\components\Custom\components\Admin\UploadTemplateModal\UploadTemplateModal.tsx(156,47): error @typescript-eslint/no-explicit-any: Unexpected any. Specify a different type.[39m
[[90m12:33:37[39m] [33mWarning - [36mlint[33m - src\webparts\drugManagementSystem\components\Custom\components\Admin\UploadTemplateModal\UploadTemplateModalData.tsx(23,8): error @typescript-eslint/explicit-function-return-type: Missing return type on function.[39m
[[90m12:33:37[39m] [33mWarning - [36mlint[33m - src\webparts\drugManagementSystem\components\Custom\components\Admin\UploadTemplateModal\UploadTemplateModalData.tsx(55,24): error @typescript-eslint/explicit-function-return-type: Missing return type on function.[39m
[[90m12:33:37[39m] [33mWarning - [36mlint[33m - src\webparts\drugManagementSystem\components\Custom\components\Admin\UploadTemplateModal\UploadTemplateModalData.tsx(81,24): error @typescript-eslint/no-explicit-any: Unexpected any. Specify a different type.[39m
[[90m12:33:37[39m] [33mWarning - [36mlint[33m - src\webparts\drugManagementSystem\components\Custom\components\Admin\UploadTemplateModal\UploadTemplateModalData.tsx(82,21): error @typescript-eslint/no-explicit-any: Unexpected any. Specify a different type.[39m
[[90m12:33:37[39m] [33mWarning - [36mlint[33m - src\webparts\drugManagementSystem\components\Custom\components\Admin\UploadTemplateModal\UploadTemplateModalData.tsx(95,32): error @typescript-eslint/no-explicit-any: Unexpected any. Specify a different type.[39m
[[90m12:33:37[39m] [33mWarning - [36mlint[33m - src\webparts\drugManagementSystem\components\Custom\components\Admin\UploadTemplateModal\UploadTemplateModalData.tsx(108,32): error @typescript-eslint/no-explicit-any: Unexpected any. Specify a different type.[39m
[[90m12:33:37[39m] [33mWarning - [36mlint[33m - src\webparts\drugManagementSystem\components\Custom\components\Admin\UploadTemplateModal\UploadTemplateModalData.tsx(121,32): error @typescript-eslint/no-explicit-any: Unexpected any. Specify a different type.[39m
[[90m12:33:37[39m] [33mWarning - [36mlint[33m - src\webparts\drugManagementSystem\components\Custom\components\Admin\UploadTemplateModal\UploadTemplateModalData.tsx(129,5): error no-void: Expected 'undefined' and instead saw 'void'.[39m
[[90m12:33:37[39m] [33mWarning - [36mlint[33m - src\webparts\drugManagementSystem\components\Custom\components\Admin\UploadTemplateModal\UploadTemplateModalData.tsx(130,5): error no-void: Expected 'undefined' and instead saw 'void'.[39m
[[90m12:33:37[39m] [33mWarning - [36mlint[33m - src\webparts\drugManagementSystem\components\Custom\components\Admin\UploadTemplateModal\UploadTemplateModalData.tsx(131,5): error no-void: Expected 'undefined' and instead saw 'void'.[39m
[[90m12:33:37[39m] [33mWarning - [36mlint[33m - src\webparts\drugManagementSystem\components\Custom\components\Admin\UploadTemplateModal\UploadTemplateModalData.tsx(132,5): error no-void: Expected 'undefined' and instead saw 'void'.[39m
[[90m12:33:37[39m] [33mWarning - [36mlint[33m - src\webparts\drugManagementSystem\components\Custom\components\Admin\UploadTemplateModal\UploadTemplateModalData.tsx(135,39): error @typescript-eslint/no-explicit-any: Unexpected any. Specify a different type.[39m
[[90m12:33:37[39m] [33mWarning - [36mlint[33m - src\webparts\drugManagementSystem\components\Custom\components\Admin\UploadTemplateModal\UploadTemplateModalData.tsx(135,46): error @typescript-eslint/explicit-function-return-type: Missing return type on function.[39m
[[90m12:33:37[39m] [33mWarning - [36mlint[33m - src\webparts\drugManagementSystem\components\Custom\components\Admin\UploadTemplateModal\UploadTemplateModalData.tsx(139,22): error @typescript-eslint/no-explicit-any: Unexpected any. Specify a different type.[39m
[[90m12:33:37[39m] [33mWarning - [36mlint[33m - src\webparts\drugManagementSystem\components\Custom\components\Admin\UploadTemplateModal\UploadTemplateModalData.tsx(144,28): error @typescript-eslint/explicit-function-return-type: Missing return type on function.[39m
[[90m12:33:37[39m] [33mWarning - [36mlint[33m - src\webparts\drugManagementSystem\components\Custom\components\Admin\UploadTemplateModal\UploadTemplateModalData.tsx(149,33): error @typescript-eslint/explicit-function-return-type: Missing return type on function.[39m
[[90m12:33:37[39m] [33mWarning - [36mlint[33m - src\webparts\drugManagementSystem\components\Custom\components\Admin\UploadTemplateModal\UploadTemplateModalData.tsx(183,48): error @typescript-eslint/explicit-function-return-type: Missing return type on function.[39m
[[90m12:33:37[39m] [33mWarning - [36mlint[33m - src\webparts\drugManagementSystem\components\Custom\components\Admin\UserPermissions\UserPermissions.tsx(55,98): error @typescript-eslint/explicit-function-return-type: Missing return type on function.[39m
[[90m12:33:37[39m] [33mWarning - [36mlint[33m - src\webparts\drugManagementSystem\components\Custom\components\Admin\UserPermissions\UserPermissions.tsx(59,26): error @typescript-eslint/explicit-function-return-type: Missing return type on function.[39m
[[90m12:33:37[39m] [33mWarning - [36mlint[33m - src\webparts\drugManagementSystem\components\Custom\components\Admin\UserPermissions\UserPermissions.tsx(95,34): error @typescript-eslint/no-explicit-any: Unexpected any. Specify a different type.[39m
[[90m12:33:37[39m] [33mWarning - [36mlint[33m - src\webparts\drugManagementSystem\components\Custom\components\Admin\UserPermissions\UserPermissions.tsx(103,69): error @typescript-eslint/explicit-function-return-type: Missing return type on function.[39m
[[90m12:33:37[39m] [33mWarning - [36mlint[33m - src\webparts\drugManagementSystem\components\Custom\components\Admin\UserPermissions\UserPermissions.tsx(112,31): error @typescript-eslint/no-explicit-any: Unexpected any. Specify a different type.[39m
[[90m12:33:37[39m] [33mWarning - [36mlint[33m - src\webparts\drugManagementSystem\components\Custom\components\Admin\UserPermissions\UserPermissions.tsx(120,28): error @typescript-eslint/explicit-function-return-type: Missing return type on function.[39m
[[90m12:33:37[39m] [33mWarning - [36mlint[33m - src\webparts\drugManagementSystem\components\Custom\components\Admin\UserPermissions\UserPermissions.tsx(137,35): error @typescript-eslint/explicit-function-return-type: Missing return type on function.[39m
[[90m12:33:37[39m] [33mWarning - [36mlint[33m - src\webparts\drugManagementSystem\components\Custom\components\Admin\UserPermissions\UserPermissions.tsx(155,14): error @typescript-eslint/no-unused-vars: 'error' is defined but never used.[39m
[[90m12:33:37[39m] [33mWarning - [36mlint[33m - src\webparts\drugManagementSystem\components\Custom\components\Admin\UserPermissions\UserPermissions.tsx(160,27): error @typescript-eslint/explicit-function-return-type: Missing return type on function.[39m
[[90m12:33:37[39m] [33mWarning - [36mlint[33m - src\webparts\drugManagementSystem\components\Custom\components\Admin\UserPermissions\UserPermissions.tsx(166,38): error @typescript-eslint/explicit-function-return-type: Missing return type on function.[39m
[[90m12:33:37[39m] [33mWarning - [36mlint[33m - src\webparts\drugManagementSystem\components\Custom\components\Admin\UserPermissions\UserPermissions.tsx(371,90): error @typescript-eslint/no-explicit-any: Unexpected any. Specify a different type.[39m
[[90m12:33:37[39m] [33mWarning - [36mlint[33m - src\webparts\drugManagementSystem\components\Custom\components\Admin\UserPermissions\UserPermissions.tsx(502,30): error dot-notation: ["Admin"] is better written in dot notation.[39m
[[90m12:33:37[39m] [33mWarning - [36mlint[33m - src\webparts\drugManagementSystem\components\Custom\components\Admin\UserPermissions\UserPermissions.tsx(508,30): error dot-notation: ["HR"] is better written in dot notation.[39m
[[90m12:33:37[39m] [33mWarning - [36mlint[33m - src\webparts\drugManagementSystem\components\Custom\components\Admin\UserPermissions\UserPermissions.tsx(514,30): error dot-notation: ["Author"] is better written in dot notation.[39m
[[90m12:33:37[39m] [33mWarning - [36mlint[33m - src\webparts\drugManagementSystem\components\Custom\components\Admin\UserPermissions\UserPermissions.tsx(520,30): error dot-notation: ["Approver"] is better written in dot notation.[39m
[[90m12:33:37[39m] [33mWarning - [36mlint[33m - src\webparts\drugManagementSystem\components\Custom\components\Admin\UserPermissions\UserPermissions.tsx(570,68): error no-void: Expected 'undefined' and instead saw 'void'.[39m
[[90m12:33:37[39m] [33mWarning - [36mlint[33m - src\webparts\drugManagementSystem\components\Custom\components\Admin\UserPermissions\UserPermissions.tsx(600,29): error no-void: Expected 'undefined' and instead saw 'void'.[39m
[[90m12:33:37[39m] [33mWarning - [36mlint[33m - src\webparts\drugManagementSystem\components\Custom\components\Admin\UserPermissions\UserPermissionsData.tsx(16,8): error @typescript-eslint/explicit-function-return-type: Missing return type on function.[39m
[[90m12:33:37[39m] [33mWarning - [36mlint[33m - src\webparts\drugManagementSystem\components\Custom\components\Admin\UserPermissions\UserPermissionsData.tsx(39,22): error @typescript-eslint/no-unused-vars: 'setCanAddUser' is assigned a value but never used.[39m
[[90m12:33:37[39m] [33mWarning - [36mlint[33m - src\webparts\drugManagementSystem\components\Custom\components\Admin\UserPermissions\UserPermissionsData.tsx(69,7): error @typescript-eslint/no-use-before-define: 'calculateStats' was used before it was defined.[39m
[[90m12:33:37[39m] [33mWarning - [36mlint[33m - src\webparts\drugManagementSystem\components\Custom\components\Admin\UserPermissions\UserPermissionsData.tsx(77,68): error @typescript-eslint/no-explicit-any: Unexpected any. Specify a different type.[39m
[[90m12:33:37[39m] [33mWarning - [36mlint[33m - src\webparts\drugManagementSystem\components\Custom\components\Admin\UserPermissions\UserPermissionsData.tsx(78,64): error @typescript-eslint/no-explicit-any: Unexpected any. Specify a different type.[39m
[[90m12:33:37[39m] [33mWarning - [36mlint[33m - src\webparts\drugManagementSystem\components\Custom\components\Admin\UserPermissions\UserPermissionsData.tsx(79,69): error @typescript-eslint/no-explicit-any: Unexpected any. Specify a different type.[39m
[[90m12:33:37[39m] [33mWarning - [36mlint[33m - src\webparts\drugManagementSystem\components\Custom\components\Admin\UserPermissions\UserPermissionsData.tsx(80,71): error @typescript-eslint/no-explicit-any: Unexpected any. Specify a different type.[39m
[[90m12:33:37[39m] [33mWarning - [36mlint[33m - src\webparts\drugManagementSystem\components\Custom\components\Admin\UserPermissions\UserPermissionsData.tsx(86,35): error @typescript-eslint/no-explicit-any: Unexpected any. Specify a different type.[39m
[[90m12:33:37[39m] [33mWarning - [36mlint[33m - src\webparts\drugManagementSystem\components\Custom\components\Admin\UserPermissions\UserPermissionsData.tsx(86,75): error @typescript-eslint/explicit-function-return-type: Missing return type on function.[39m
[[90m12:33:37[39m] [33mWarning - [36mlint[33m - src\webparts\drugManagementSystem\components\Custom\components\Admin\UserPermissions\UserPermissionsData.tsx(115,7): error @typescript-eslint/no-use-before-define: 'calculateStats' was used before it was defined.[39m
[[90m12:33:37[39m] [33mWarning - [36mlint[33m - src\webparts\drugManagementSystem\components\Custom\components\Admin\UserPermissions\UserPermissionsData.tsx(125,54): error @typescript-eslint/explicit-function-return-type: Missing return type on function.[39m
[[90m12:33:37[39m] [33mWarning - [36mlint[33m - src\webparts\drugManagementSystem\components\Custom\components\Admin\UserPermissions\UserPermissionsData.tsx(137,5): error no-void: Expected 'undefined' and instead saw 'void'.[39m
[[90m12:33:37[39m] [33mWarning - [36mlint[33m - src\webparts\drugManagementSystem\components\Custom\components\Admin\UserPermissions\UserPermissionsData.tsx(161,27): error @typescript-eslint/explicit-function-return-type: Missing return type on function.[39m
[[90m12:33:37[39m] [33mWarning - [36mlint[33m - src\webparts\drugManagementSystem\components\Custom\components\Admin\UserPermissions\UserPermissionsData.tsx(172,47): error @typescript-eslint/explicit-function-return-type: Missing return type on function.[39m
[[90m12:33:37[39m] [33mWarning - [36mlint[33m - src\webparts\drugManagementSystem\components\Custom\components\Admin\UserPermissions\UserPermissionsData.tsx(183,47): error @typescript-eslint/explicit-function-return-type: Missing return type on function.[39m
[[90m12:33:37[39m] [33mWarning - [36mlint[33m - src\webparts\drugManagementSystem\components\Custom\components\Admin\UserPermissions\UserPermissionsData.tsx(194,25): error @typescript-eslint/explicit-function-return-type: Missing return type on function.[39m
[[90m12:33:37[39m] [33mWarning - [36mlint[33m - src\webparts\drugManagementSystem\components\Custom\components\Admin\UserPermissions\UserPermissionsData.tsx(204,31): error @typescript-eslint/explicit-function-return-type: Missing return type on function.[39m
[[90m12:33:37[39m] [33mWarning - [36mlint[33m - src\webparts\drugManagementSystem\components\Custom\components\Admin\UserPermissions\UserPermissionsData.tsx(229,27): error @typescript-eslint/explicit-function-return-type: Missing return type on function.[39m
[[90m12:33:37[39m] [33mWarning - [36mlint[33m - src\webparts\drugManagementSystem\components\Custom\components\Admin\UserPermissions\UserPermissionsData.tsx(245,28): error @typescript-eslint/explicit-function-return-type: Missing return type on function.[39m
[[90m12:33:37[39m] [33mWarning - [36mlint[33m - src\webparts\drugManagementSystem\components\Custom\components\Admin\UserPermissions\UserPermissionsData.tsx(253,29): error @typescript-eslint/explicit-function-return-type: Missing return type on function.[39m
[[90m12:33:37[39m] [33mWarning - [36mlint[33m - src\webparts\drugManagementSystem\components\Custom\components\Admin\UserPermissions\UserPermissionsData.tsx(257,31): error @typescript-eslint/explicit-function-return-type: Missing return type on function.[39m
[[90m12:33:37[39m] [33mWarning - [36mlint[33m - src\webparts\drugManagementSystem\components\Custom\components\Admin\UserPermissions\UserPermissionsData.tsx(261,34): error @typescript-eslint/explicit-function-return-type: Missing return type on function.[39m
[[90m12:33:37[39m] [33mWarning - [36mlint[33m - src\webparts\drugManagementSystem\components\Custom\components\Admin\UserPermissions\UserPermissionsData.tsx(266,31): error @typescript-eslint/explicit-function-return-type: Missing return type on function.[39m
[[90m12:33:37[39m] [33mWarning - [36mlint[33m - src\webparts\drugManagementSystem\components\Custom\types.ts(83,7): error @typescript-eslint/no-explicit-any: Unexpected any. Specify a different type.[39m
[[90m12:33:37[39m] [33mWarning - [36mlint[33m - src\webparts\drugManagementSystem\components\Custom\types\index.ts(96,7): error @typescript-eslint/no-explicit-any: Unexpected any. Specify a different type.[39m
[[90m12:33:37[39m] [33mWarning - [36mlint[33m - src\webparts\drugManagementSystem\components\Custom\utils\excelHelper.ts(8,9): error @typescript-eslint/no-explicit-any: Unexpected any. Specify a different type.[39m
[[90m12:33:37[39m] [33mWarning - [36mlint[33m - src\webparts\drugManagementSystem\components\Custom\utils\excelHelper.ts(43,37): error @typescript-eslint/no-explicit-any: Unexpected any. Specify a different type.[39m
[[90m12:33:37[39m] [33mWarning - [36mlint[33m - src\webparts\drugManagementSystem\components\Custom\utils\excelHelper.ts(46,22): error @typescript-eslint/no-explicit-any: Unexpected any. Specify a different type.[39m
[[90m12:33:37[39m] [33mWarning - [36mlint[33m - src\webparts\drugManagementSystem\components\Custom\utils\excelHelper.ts(48,24): error @typescript-eslint/no-explicit-any: Unexpected any. Specify a different type.[39m
[[90m12:33:37[39m] [33mWarning - [36mlint[33m - src\webparts\drugManagementSystem\components\Custom\utils\excelHelper.ts(53,41): error dot-notation: ["TemplateName"] is better written in dot notation.[39m
[[90m12:33:37[39m] [33mWarning - [36mlint[33m - src\webparts\drugManagementSystem\components\Custom\utils\excelHelper.ts(53,65): error dot-notation: ["Name"] is better written in dot notation.[39m
[[90m12:33:37[39m] [33mWarning - [36mlint[33m - src\webparts\drugManagementSystem\components\Custom\utils\excelHelper.ts(56,16): error dot-notation: ["Category"] is better written in dot notation.[39m
[[90m12:33:37[39m] [33mWarning - [36mlint[33m - src\webparts\drugManagementSystem\components\Custom\utils\excelHelper.ts(56,36): error dot-notation: ["CategoryName"] is better written in dot notation.[39m
[[90m12:33:37[39m] [33mWarning - [36mlint[33m - src\webparts\drugManagementSystem\components\Custom\utils\excelHelper.ts(61,16): error dot-notation: ["Country"] is better written in dot notation.[39m
[[90m12:33:37[39m] [33mWarning - [36mlint[33m - src\webparts\drugManagementSystem\components\Custom\utils\excelHelper.ts(64,16): error dot-notation: ["Status"] is better written in dot notation.[39m
[[90m12:33:37[39m] [33mWarning - [36mlint[33m - src\webparts\drugManagementSystem\components\Custom\utils\excelHelper.ts(72,45): error dot-notation: ["TemplateName"] is better written in dot notation.[39m
[[90m12:33:37[39m] [33mWarning - [36mlint[33m - src\webparts\drugManagementSystem\components\Custom\utils\excelHelper.ts(72,68): error dot-notation: ["Name"] is better written in dot notation.[39m
[[90m12:33:37[39m] [33mWarning - [36mlint[33m - src\webparts\drugManagementSystem\components\Custom\utils\excelHelper.ts(73,25): error dot-notation: ["Category"] is better written in dot notation.[39m
[[90m12:33:37[39m] [33mWarning - [36mlint[33m - src\webparts\drugManagementSystem\components\Custom\utils\excelHelper.ts(73,44): error dot-notation: ["CategoryName"] is better written in dot notation.[39m
[[90m12:33:37[39m] [33mWarning - [36mlint[33m - src\webparts\drugManagementSystem\components\Custom\utils\excelHelper.ts(74,24): error dot-notation: ["Country"] is better written in dot notation.[39m
[[90m12:33:37[39m] [33mWarning - [36mlint[33m - src\webparts\drugManagementSystem\components\Custom\utils\excelHelper.ts(75,23): error dot-notation: ["Status"] is better written in dot notation.[39m
[[90m12:33:37[39m] [33mWarning - [36mlint[33m - src\webparts\drugManagementSystem\components\Custom\utils\excelHelper.ts(76,51): error dot-notation: ["MappingType"] is better written in dot notation.[39m
[[90m12:33:37[39m] [33mWarning - [36mlint[33m - src\webparts\drugManagementSystem\components\Custom\utils\excelHelper.ts(77,60): error dot-notation: ["MappedCTDFolder"] is better written in dot notation.[39m
[[90m12:33:37[39m] [33mWarning - [36mlint[33m - src\webparts\drugManagementSystem\components\Custom\utils\excelHelper.ts(78,51): error dot-notation: ["eCTDSection"] is better written in dot notation.[39m
[[90m12:33:37[39m] [33mWarning - [36mlint[33m - src\webparts\drugManagementSystem\components\Custom\utils\excelHelper.ts(79,57): error dot-notation: ["eCTDSubsection"] is better written in dot notation.[39m
[[90m12:33:37[39m] [33mWarning - [36mlint[33m - src\webparts\drugManagementSystem\components\Custom\utils\excelHelper.ts(95,37): error @typescript-eslint/no-explicit-any: Unexpected any. Specify a different type.[39m
[[90m12:33:37[39m] [33mWarning - [36mlint[33m - src\webparts\drugManagementSystem\components\Custom\utils\excelHelper.ts(98,22): error @typescript-eslint/no-explicit-any: Unexpected any. Specify a different type.[39m
[[90m12:33:37[39m] [33mWarning - [36mlint[33m - src\webparts\drugManagementSystem\components\Custom\utils\excelHelper.ts(100,24): error @typescript-eslint/no-explicit-any: Unexpected any. Specify a different type.[39m
[[90m12:33:37[39m] [33mWarning - [36mlint[33m - src\webparts\drugManagementSystem\components\Custom\utils\excelHelper.ts(104,41): error dot-notation: ["CategoryName"] is better written in dot notation.[39m
[[90m12:33:37[39m] [33mWarning - [36mlint[33m - src\webparts\drugManagementSystem\components\Custom\utils\excelHelper.ts(104,65): error dot-notation: ["Name"] is better written in dot notation.[39m
[[90m12:33:37[39m] [33mWarning - [36mlint[33m - src\webparts\drugManagementSystem\components\Custom\utils\excelHelper.ts(107,45): error dot-notation: ["DocumentCategory"] is better written in dot notation.[39m
[[90m12:33:37[39m] [33mWarning - [36mlint[33m - src\webparts\drugManagementSystem\components\Custom\utils\excelHelper.ts(115,45): error dot-notation: ["CategoryName"] is better written in dot notation.[39m
[[90m12:33:37[39m] [33mWarning - [36mlint[33m - src\webparts\drugManagementSystem\components\Custom\utils\excelHelper.ts(115,68): error dot-notation: ["Name"] is better written in dot notation.[39m
[[90m12:33:37[39m] [33mWarning - [36mlint[33m - src\webparts\drugManagementSystem\components\Custom\utils\excelHelper.ts(116,61): error dot-notation: ["DocumentCategory"] is better written in dot notation.[39m
[[90m12:33:37[39m] [33mWarning - [36mlint[33m - src\webparts\drugManagementSystem\components\Custom\utils\excelHelper.ts(117,22): error dot-notation: ["Group"] is better written in dot notation.[39m
[[90m12:33:37[39m] [33mWarning - [36mlint[33m - src\webparts\drugManagementSystem\components\Custom\utils\excelHelper.ts(118,45): error dot-notation: ["SubGroup"] is better written in dot notation.[39m
[[90m12:33:37[39m] [33mWarning - [36mlint[33m - src\webparts\drugManagementSystem\components\Custom\utils\excelHelper.ts(119,53): error dot-notation: ["ArtifactName"] is better written in dot notation.[39m
[[90m12:33:37[39m] [33mWarning - [36mlint[33m - src\webparts\drugManagementSystem\components\Custom\utils\excelHelper.ts(120,53): error dot-notation: ["TemplateName"] is better written in dot notation.[39m
[[90m12:33:37[39m] [33mWarning - [36mlint[33m - src\webparts\drugManagementSystem\components\Custom\utils\excelHelper.ts(121,23): error dot-notation: ["Status"] is better written in dot notation.[39m
[[90m12:33:37[39m] [33mWarning - [36mlint[33m - src\webparts\drugManagementSystem\components\Custom\utils\excelHelper.ts(122,28): error dot-notation: ["Description"] is better written in dot notation.[39m
[[90m12:33:37[39m] [33mWarning - [36mlint[33m - src\webparts\drugManagementSystem\components\Custom\utils\excelHelper.ts(123,67): error dot-notation: ["ArtifactDescription"] is better written in dot notation.[39m
[[90m12:33:37[39m] [33mWarning - [36mlint[33m - src\webparts\drugManagementSystem\components\Custom\utils\excelHelper.ts(124,47): error dot-notation: ["CTDModule"] is better written in dot notation.[39m
[[90m12:33:37[39m] [33mWarning - [36mlint[33m - src\webparts\drugManagementSystem\components\Custom\utils\excelHelper.ts(125,51): error dot-notation: ["eCTDSection"] is better written in dot notation.[39m
[[90m12:33:37[39m] [33mWarning - [36mlint[33m - src\webparts\drugManagementSystem\components\Custom\utils\excelHelper.ts(126,57): error dot-notation: ["eCTDSubsection"] is better written in dot notation.[39m
[[90m12:33:37[39m] [33mWarning - [36mlint[33m - src\webparts\drugManagementSystem\components\Custom\utils\excelHelper.ts(127,45): error dot-notation: ["eCTDCode"] is better written in dot notation.[39m
[[90m12:33:37[39m] [33mWarning - [36mlint[33m - src\webparts\drugManagementSystem\components\Custom\utils\excelHelper.ts(143,30): error @typescript-eslint/no-explicit-any: Unexpected any. Specify a different type.[39m
[[90m12:33:37[39m] [33mWarning - [36mlint[33m - src\webparts\drugManagementSystem\components\Custom\utils\exportUtility.ts(12,37): error @typescript-eslint/no-explicit-any: Unexpected any. Specify a different type.[39m
[[90m12:33:37[39m] [33mWarning - [36mlint[33m - src\webparts\drugManagementSystem\components\Custom\utils\exportUtility.ts(12,106): error @typescript-eslint/explicit-function-return-type: Missing return type on function.[39m
[[90m12:33:37[39m] [33mWarning - [36mlint[33m - src\webparts\drugManagementSystem\components\Custom\utils\exportUtility.ts(64,35): error @typescript-eslint/no-explicit-any: Unexpected any. Specify a different type.[39m
[[90m12:33:37[39m] [33mWarning - [36mlint[33m - src\webparts\drugManagementSystem\components\Custom\utils\exportUtility.ts(64,101): error @typescript-eslint/explicit-function-return-type: Missing return type on function.[39m
[[90m12:33:37[39m] [33mWarning - [36mlint[33m - src\webparts\drugManagementSystem\components\Custom\utils\exportUtility.ts(186,51): error @typescript-eslint/no-explicit-any: Unexpected any. Specify a different type.[39m
[[90m12:33:37[39m] [33mWarning - [36mlint[33m - src\webparts\drugManagementSystem\components\Custom\utils\exportUtility.ts(186,58): error @typescript-eslint/explicit-function-return-type: Missing return type on function.[39m
[[90m12:33:37[39m] [33mWarning - [36mlint[33m - src\webparts\drugManagementSystem\components\Custom\utils\exportUtility.ts(191,27): error @typescript-eslint/no-explicit-any: Unexpected any. Specify a different type.[39m
[[90m12:33:37[39m] [33mWarning - [36mlint[33m - src\webparts\drugManagementSystem\components\Custom\utils\exportUtility.ts(203,53): error @typescript-eslint/no-explicit-any: Unexpected any. Specify a different type.[39m
[[90m12:33:37[39m] [33mWarning - [36mlint[33m - src\webparts\drugManagementSystem\components\Custom\utils\exportUtility.ts(203,60): error @typescript-eslint/explicit-function-return-type: Missing return type on function.[39m
[[90m12:33:37[39m] [33mWarning - [36mlint[33m - src\webparts\drugManagementSystem\components\Custom\utils\exportUtility.ts(219,51): error @typescript-eslint/no-explicit-any: Unexpected any. Specify a different type.[39m
[[90m12:33:37[39m] [33mWarning - [36mlint[33m - src\webparts\drugManagementSystem\components\Custom\utils\exportUtility.ts(219,58): error @typescript-eslint/explicit-function-return-type: Missing return type on function.[39m
[[90m12:33:37[39m] [33mWarning - [36mlint[33m - src\webparts\drugManagementSystem\components\Custom\utils\exportUtility.ts(239,28): error @typescript-eslint/no-explicit-any: Unexpected any. Specify a different type.[39m
[[90m12:33:37[39m] [33mWarning - [36mlint[33m - src\webparts\drugManagementSystem\components\Custom\utils\exportUtility.ts(240,4): error @typescript-eslint/explicit-function-return-type: Missing return type on function.[39m
[[90m12:33:37[39m] [33mWarning - [36mlint[33m - src\webparts\drugManagementSystem\components\Custom\utils\uiStyles.ts(162,51): error @typescript-eslint/no-explicit-any: Unexpected any. Specify a different type.[39m
[[90m12:33:37[39m] [33mWarning - [36mlint[33m - src\webparts\drugManagementSystem\components\Custom\utils\uiStyles.ts(187,68): error @typescript-eslint/no-explicit-any: Unexpected any. Specify a different type.[39m
[[90m12:33:37[39m] [33mWarning - [36mlint[33m - src\webparts\drugManagementSystem\components\DrugManagementSystem.tsx(53,36): error @typescript-eslint/no-explicit-any: Unexpected any. Specify a different type.[39m
[[90m12:33:37[39m] [33mWarning - [36mlint[33m - src\webparts\drugManagementSystem\components\DrugManagementSystem.tsx(60,39): error @typescript-eslint/explicit-function-return-type: Missing return type on function.[39m
[[90m12:33:37[39m] [33mWarning - [36mlint[33m - src\webparts\drugManagementSystem\components\DrugManagementSystem.tsx(98,5): error no-void: Expected 'undefined' and instead saw 'void'.[39m
[[90m12:33:37[39m] [33mWarning - [36mlint[33m - src\webparts\drugManagementSystem\components\DrugManagementSystem.tsx(124,30): error @typescript-eslint/no-unused-vars: 'setIsSidebarCollapsed' is assigned a value but never used.[39m
[[90m12:33:37[39m] [33mWarning - [36mlint[33m - src\webparts\drugManagementSystem\components\DrugManagementSystem.tsx(143,45): error @typescript-eslint/explicit-function-return-type: Missing return type on function.[39m
[[90m12:33:37[39m] [33mWarning - [36mlint[33m - src\webparts\drugManagementSystem\components\DrugManagementSystem.tsx(153,26): error @typescript-eslint/explicit-function-return-type: Missing return type on function.[39m
[[90m12:33:37[39m] [33mWarning - [36mlint[33m - src\webparts\drugManagementSystem\components\DrugManagementSystem.tsx(190,28): error @typescript-eslint/explicit-function-return-type: Missing return type on function.[39m
[[90m12:33:37[39m] [33mWarning - [36mlint[33m - src\webparts\drugManagementSystem\jotai\appGlobalStateAtom.ts(5,47): error @typescript-eslint/no-explicit-any: Unexpected any. Specify a different type.[39m
[[90m12:33:37[39m] [33mWarning - [36mlint[33m - src\webparts\drugManagementSystem\models\Document.ts(14,31): error @rushstack/no-new-null: Usage of "null" is deprecated except when describing legacy APIs; use "undefined" instead[39m
[[90m12:33:37[39m] [33mWarning - [36mlint[33m - src\webparts\drugManagementSystem\models\IAppGlobalState.ts(8,16): error @typescript-eslint/no-explicit-any: Unexpected any. Specify a different type.[39m
[[90m12:33:37[39m] [33mWarning - [36mlint[33m - src\webparts\drugManagementSystem\models\Template.ts(10,24): error @typescript-eslint/no-explicit-any: Unexpected any. Specify a different type.[39m
[[90m12:33:37[39m] [33mWarning - [36mlint[33m - src\webparts\drugManagementSystem\services\MockService.ts(11,28): error @typescript-eslint/explicit-function-return-type: Missing return type on function.[39m
[[90m12:33:37[39m] [33mWarning - [36mlint[33m - src\webparts\drugManagementSystem\services\MockService.ts(27,36): error @typescript-eslint/no-explicit-any: Unexpected any. Specify a different type.[39m
[[90m12:33:37[39m] [33mWarning - [36mlint[33m - src\webparts\drugManagementSystem\services\MockService.ts(165,24): error @rushstack/no-new-null: Usage of "null" is deprecated except when describing legacy APIs; use "undefined" instead[39m
[[90m12:33:37[39m] [33mWarning - [36mlint[33m - src\webparts\drugManagementSystem\services\MockService.ts(166,33): error @rushstack/no-new-null: Usage of "null" is deprecated except when describing legacy APIs; use "undefined" instead[39m
[[90m12:33:37[39m] [33mWarning - [36mlint[33m - src\webparts\drugManagementSystem\services\PermissionService.ts(4,47): error @typescript-eslint/no-explicit-any: Unexpected any. Specify a different type.[39m
[[90m12:33:37[39m] [33mWarning - [36mlint[33m - src\webparts\drugManagementSystem\services\PermissionService.ts(4,65): error @typescript-eslint/no-explicit-any: Unexpected any. Specify a different type.[39m
[[90m12:33:37[39m] [33mWarning - [36mlint[33m - src\webparts\drugManagementSystem\services\PermissionService.ts(10,52): error @typescript-eslint/no-explicit-any: Unexpected any. Specify a different type.[39m
[[90m12:33:37[39m] [33mWarning - [36mlint[33m - src\webparts\drugManagementSystem\services\PermissionService.ts(11,44): error @typescript-eslint/no-explicit-any: Unexpected any. Specify a different type.[39m
[[90m12:33:37[39m] [33mWarning - [36mlint[33m - src\webparts\drugManagementSystem\services\PermissionService.ts(12,53): error @typescript-eslint/no-explicit-any: Unexpected any. Specify a different type.[39m
[[90m12:33:37[39m] [33mWarning - [36mlint[33m - src\webparts\drugManagementSystem\services\PermissionService.ts(13,55): error @typescript-eslint/no-explicit-any: Unexpected any. Specify a different type.[39m
[[90m12:33:37[39m] [33mWarning - [36mlint[33m - src\webparts\drugManagementSystem\services\PermissionService.ts(31,46): error @typescript-eslint/no-explicit-any: Unexpected any. Specify a different type.[39m
[[90m12:33:37[39m] [33mWarning - [36mlint[33m - src\webparts\models\IAppGlobalState.ts(8,82): error @typescript-eslint/no-explicit-any: Unexpected any. Specify a different type.[39m
[[90m12:33:37[39m] [33mWarning - [36mlint[33m - src\webparts\models\IAppGlobalState.ts(8,100): error @typescript-eslint/no-explicit-any: Unexpected any. Specify a different type.[39m
[[90m12:33:37[39m] [33mWarning - [36mlint[33m - src\webparts\models\IAppGlobalState.ts(12,17): error @typescript-eslint/no-explicit-any: Unexpected any. Specify a different type.[39m
[[90m12:33:37[39m] [33mWarning - [36mlint[33m - src\webparts\models\IAppGlobalState.ts(13,33): error @typescript-eslint/no-explicit-any: Unexpected any. Specify a different type.[39m
[[90m12:33:37[39m] [33mWarning - [36mlint[33m - src\webparts\models\IAppGlobalState.ts(14,32): error @typescript-eslint/no-explicit-any: Unexpected any. Specify a different type.[39m
[[90m12:33:37[39m] [33mWarning - [36mlint[33m - src\webparts\models\IAppGlobalState.ts(15,24): error @typescript-eslint/no-explicit-any: Unexpected any. Specify a different type.[39m
[[90m12:33:37[39m] [33mWarning - [36mlint[33m - src\webparts\models\IAppGlobalState.ts(16,32): error @typescript-eslint/no-explicit-any: Unexpected any. Specify a different type.[39m
[[90m12:33:37[39m] [33mWarning - [36mlint[33m - src\webparts\models\IAppGlobalState.ts(17,33): error @typescript-eslint/no-explicit-any: Unexpected any. Specify a different type.[39m
[[90m12:33:37[39m] [33mWarning - [36mlint[33m - src\webparts\models\IDocuments.ts(17,14): error @typescript-eslint/no-explicit-any: Unexpected any. Specify a different type.[39m
[[90m12:33:37[39m] [33mWarning - [36mlint[33m - src\webparts\models\IDocuments.ts(20,14): error @typescript-eslint/no-explicit-any: Unexpected any. Specify a different type.[39m
[[90m12:33:37[39m] [33mWarning - [36mlint[33m - src\webparts\models\IDocuments.ts(24,15): error @typescript-eslint/no-explicit-any: Unexpected any. Specify a different type.[39m
[[90m12:33:37[39m] [33mWarning - [36mlint[33m - src\webparts\models\IDocuments.ts(25,23): error @typescript-eslint/no-explicit-any: Unexpected any. Specify a different type.[39m
[[90m12:33:37[39m] [33mWarning - [36mlint[33m - src\webparts\models\IEmployee.ts(19,18): error @typescript-eslint/no-explicit-any: Unexpected any. Specify a different type.[39m
[[90m12:33:37[39m] [33mWarning - [36mlint[33m - src\webparts\models\IEmployee.ts(21,15): error @typescript-eslint/no-explicit-any: Unexpected any. Specify a different type.[39m
[[90m12:33:37[39m] [33mWarning - [36mlint[33m - src\webparts\models\IPAAnnualForm.tsx(2,10): error @typescript-eslint/no-explicit-any: Unexpected any. Specify a different type.[39m
[[90m12:33:37[39m] [33mWarning - [36mlint[33m - src\webparts\models\IPAForm.ts(2,10): error @typescript-eslint/no-explicit-any: Unexpected any. Specify a different type.[39m
[[90m12:33:37[39m] [33mWarning - [36mlint[33m - src\webparts\models\IPAForm.ts(3,13): error @typescript-eslint/no-explicit-any: Unexpected any. Specify a different type.[39m
[[90m12:33:37[39m] [33mWarning - [36mlint[33m - src\webparts\models\IPAForm.ts(4,17): error @typescript-eslint/no-explicit-any: Unexpected any. Specify a different type.[39m
[[90m12:33:37[39m] [33mWarning - [36mlint[33m - src\webparts\models\IPAForm.ts(8,20): error @typescript-eslint/no-explicit-any: Unexpected any. Specify a different type.[39m
[[90m12:33:37[39m] [33mWarning - [36mlint[33m - src\webparts\models\IPAForm.ts(11,64): error @typescript-eslint/no-explicit-any: Unexpected any. Specify a different type.[39m
[[90m12:33:37[39m] [33mWarning - [36mlint[33m - src\webparts\models\IPAForm.ts(12,64): error @typescript-eslint/no-explicit-any: Unexpected any. Specify a different type.[39m
[[90m12:33:37[39m] [33mWarning - [36mlint[33m - src\webparts\models\IPAForm.ts(13,23): error @typescript-eslint/no-explicit-any: Unexpected any. Specify a different type.[39m
[[90m12:33:37[39m] [33mWarning - [36mlint[33m - src\webparts\models\IPAForm.ts(14,21): error @typescript-eslint/no-explicit-any: Unexpected any. Specify a different type.[39m
[[90m12:33:37[39m] [33mWarning - [36mlint[33m - src\webparts\models\IPAForm.ts(15,30): error @typescript-eslint/no-explicit-any: Unexpected any. Specify a different type.[39m
[[90m12:33:37[39m] [33mWarning - [36mlint[33m - src\webparts\models\IPAForm.ts(16,26): error @typescript-eslint/no-explicit-any: Unexpected any. Specify a different type.[39m
[[90m12:33:37[39m] [33mWarning - [36mlint[33m - src\webparts\models\IPAForm.ts(17,23): error @typescript-eslint/no-explicit-any: Unexpected any. Specify a different type.[39m
[[90m12:33:37[39m] [33mWarning - [36mlint[33m - src\webparts\models\IPAForm.ts(18,67): error @typescript-eslint/no-explicit-any: Unexpected any. Specify a different type.[39m
[[90m12:33:37[39m] [33mWarning - [36mlint[33m - src\webparts\models\IPAForm.ts(23,16): error @typescript-eslint/no-explicit-any: Unexpected any. Specify a different type.[39m
[[90m12:33:37[39m] [33mWarning - [36mlint[33m - src\webparts\models\IPAForm.ts(26,31): error @typescript-eslint/no-explicit-any: Unexpected any. Specify a different type.[39m
[[90m12:33:37[39m] Finished subtask '[36mlint[39m' after [35m40 s[39m
[[90m12:33:38[39m] [31mError - [[36mtsc[31m] [31msrc/webparts/drugManagementSystem/components/Custom/components/Admin/ManageDocuments/ManageDocuments.tsx(200,76): error TS2367: This condition will always return 'false' since the types '"Approved" | "Rejected" | "Pending Approval" | "Final" | "Signed" | "Initiate for Signature" | "In Review"' and '"Revision"' have no overlap.[31m[39m
[[90m12:33:38[39m] [31mError - '[36mtsc[31m' [31msub task errored after[31m [35m41 s[31m [39m
[31m exited with code 2[39m
[12:33:38] 'bundle' errored after 43 s
About to exit with code: 1
Process terminated before summary could be written, possible error in async code not continuing!
Trying to exit with exit code 1
