[dotenv@17.3.1] injecting env (2) from .env -- tip: ⚡️ secrets for agents: https://dotenvx.com/as2
[dotenv@17.3.1] injecting env (0) from .env -- tip: 🔐 encrypt with Dotenvx: https://dotenvx.com

Running 5 tests using 1 worker

[dotenv@17.3.1] injecting env (0) from .env -- tip: 🔐 encrypt with Dotenvx: https://dotenvx.com
[dotenv@17.3.1] injecting env (0) from .env -- tip: 🛠️  run anywhere with `dotenvx run -- yourcommand`
Entering username...
Entering password...
Checking for "Stay signed in?" prompt...
Clicking "Yes" on Stay signed in prompt...
Waiting for application to load at Page.aspx...
Verifying login success...
Authentication successful!
  ✓  1 [setup] › tests\auth.setup.ts:9:6 › authenticate (32.9s)
[dotenv@17.3.1] injecting env (0) from .env -- tip: 🔐 encrypt with Dotenvx: https://dotenvx.com
Phase 3: Adding Category Item #1...
  ✘  2 [chromium] › tests\tests\master_phase3_categories.spec.ts:15:9 › Phase 3: Category Module Testing › Bulk Add Category Items - Full Hierarchy (25.2s)
[dotenv@17.3.1] injecting env (0) from .env -- tip: 🔐 prevent committing .env to code: https://dotenvx.com/precommit
  ✘  3 [chromium] › tests\tests\master_phase3_categories.spec.ts:63:9 › Phase 3: Category Module Testing › View Category Details (1.2m)
[dotenv@17.3.1] injecting env (0) from .env -- tip: 🔐 prevent building .env in docker: https://dotenvx.com/prebuild
  ✘  4 [chromium] › tests\tests\master_phase3_categories.spec.ts:73:9 › Phase 3: Category Module Testing › Cascading Dropdown Validation (1.1m)
[dotenv@17.3.1] injecting env (0) from .env -- tip: 🔐 prevent committing .env to code: https://dotenvx.com/precommit
  ✘  5 [chromium] › tests\tests\master_phase3_categories.spec.ts:89:9 › Phase 3: Category Module Testing › Edit and Delete Category (1.2m)


  1) [chromium] › tests\tests\master_phase3_categories.spec.ts:15:9 › Phase 3: Category Module Testing › Bulk Add Category Items - Full Hierarchy 

    Error: [2mexpect([22m[31mlocator[39m[2m).[22mtoBeVisible[2m([22m[2m)[22m failed

    Locator: locator('.form-card__title').filter({ hasText: 'Add New Category' })
    Expected: visible
    Timeout: 5000ms
    Error: element(s) not found

    Call log:
    [2m  - Expect "toBeVisible" with timeout 5000ms[22m
    [2m  - waiting for locator('.form-card__title').filter({ hasText: 'Add New Category' })[22m


      21 |             console.log(`Phase 3: Adding Category Item #${i}...`);
      22 |             await page.getByRole('button', { name: 'Add Category' }).first().click();
    > 23 |             await expect(page.locator('.form-card__title', { hasText: 'Add New Category' })).toBeVisible();
         |                                                                                              ^
      24 |
      25 |             // 2. Validation Check: Try to save empty
      26 |             if (i === 1) {
        at D:\SharePointProjects\Demo1\tests\tests\master_phase3_categories.spec.ts:23:94

    attachment #1: screenshot (image/png) ──────────────────────────────────────────────────────────
    test-results\tests-master_phase3_catego-08a3c-gory-Items---Full-Hierarchy-chromium\test-failed-1.png
    ────────────────────────────────────────────────────────────────────────────────────────────────

    Error Context: test-results\tests-master_phase3_catego-08a3c-gory-Items---Full-Hierarchy-chromium\error-context.md

  2) [chromium] › tests\tests\master_phase3_categories.spec.ts:63:9 › Phase 3: Category Module Testing › View Category Details 

    [31mTest timeout of 60000ms exceeded.[39m

    Error: locator.click: Test timeout of 60000ms exceeded.
    Call log:
    [2m  - waiting for locator('.ms-DetailsRow').first().locator('.btnView').first()[22m


      66 |
      67 |         // Click View (Eye icon) - from ManageCategories.tsx: <Link className="actionBtn btnView dticon" onClick={() => openViewPage(item)}>
    > 68 |         await firstRow.locator('.btnView').first().click();
         |                                                    ^
      69 |         await expect(page.locator('text=Category Details')).toBeVisible();
      70 |         await page.getByRole('button', { name: 'Close' }).last().click();
      71 |     });
        at D:\SharePointProjects\Demo1\tests\tests\master_phase3_categories.spec.ts:68:52

    Error Context: test-results\tests-master_phase3_catego-246d7-sting-View-Category-Details-chromium\error-context.md

  3) [chromium] › tests\tests\master_phase3_categories.spec.ts:73:9 › Phase 3: Category Module Testing › Cascading Dropdown Validation 

    [31mTest timeout of 60000ms exceeded.[39m

    Error: locator.click: Test timeout of 60000ms exceeded.
    Call log:
    [2m  - waiting for locator('.form-field').filter({ hasText: 'SubGroup' }).locator('.react-select__control').first()[22m
    [2m    - locator resolved to <div aria-disabled="true" class="react-select__control react-select__control--is-disabled css-ua275a-control">…</div>[22m
    [2m  - attempting click action[22m
    [2m    2 × waiting for element to be visible, enabled and stable[22m
    [2m      - element is visible, enabled and stable[22m
    [2m      - scrolling into view if needed[22m
    [2m      - done scrolling[22m
    [2m      - <div class="form-field">…</div> intercepts pointer events[22m
    [2m    - retrying click action[22m
    [2m    - waiting 20ms[22m
    [2m    - waiting for element to be visible, enabled and stable[22m
    [2m    - element is visible, enabled and stable[22m
    [2m    - scrolling into view if needed[22m
    [2m    - done scrolling[22m
    [2m    - <div class="form-field">…</div> intercepts pointer events[22m
    [2m  2 × retrying click action[22m
    [2m      - waiting 100ms[22m
    [2m      - waiting for element to be visible, enabled and stable[22m
    [2m      - element is visible, enabled and stable[22m
    [2m      - scrolling into view if needed[22m
    [2m      - done scrolling[22m
    [2m      - <header class="header">…</header> intercepts pointer events[22m
    [2m  2 × retrying click action[22m
    [2m      - waiting 500ms[22m
    [2m      - waiting for element to be visible, enabled and stable[22m
    [2m      - element is visible, enabled and stable[22m
    [2m      - scrolling into view if needed[22m
    [2m      - done scrolling[22m
    [2m      - <div class="form-field">…</div> intercepts pointer events[22m
    [2m    - retrying click action[22m
    [2m      - waiting 500ms[22m
    [2m      - waiting for element to be visible, enabled and stable[22m
    [2m      - element is visible, enabled and stable[22m
    [2m      - scrolling into view if needed[22m
    [2m      - done scrolling[22m
    [2m      - <div class="form-field">…</div> intercepts pointer events[22m
    [2m    - retrying click action[22m
    [2m      - waiting 500ms[22m
    [2m      - waiting for element to be visible, enabled and stable[22m
    [2m      - element is visible, enabled and stable[22m
    [2m      - scrolling into view if needed[22m
    [2m      - done scrolling[22m
    [2m      - <header class="header">…</header> intercepts pointer events[22m
    [2m    - retrying click action[22m
    [2m      - waiting 500ms[22m
    [2m      - waiting for element to be visible, enabled and stable[22m
    [2m      - element is visible, enabled and stable[22m
    [2m      - scrolling into view if needed[22m
    [2m      - done scrolling[22m
    [2m      - <header class="header">…</header> intercepts pointer events[22m
    [2m  - retrying click action[22m
    [2m    - waiting 500ms[22m
    [2m    - waiting for element to be visible, enabled and stable[22m
    [2m    - element is visible, enabled and stable[22m
    [2m    - scrolling into view if needed[22m
    [2m    - done scrolling[22m
    [2m    - <div class="cascading-dropdown-hint">Select Group first</div> intercepts pointer events[22m
    [2m  13 × retrying click action[22m
    [2m       - waiting 500ms[22m
    [2m       - waiting for element to be visible, enabled and stable[22m
    [2m       - element is visible, enabled and stable[22m
    [2m       - scrolling into view if needed[22m
    [2m       - done scrolling[22m
    [2m       - <div class="form-field">…</div> intercepts pointer events[22m
    [2m     - retrying click action[22m
    [2m       - waiting 500ms[22m
    [2m       - waiting for element to be visible, enabled and stable[22m
    [2m       - element is visible, enabled and stable[22m
    [2m       - scrolling into view if needed[22m
    [2m       - done scrolling[22m
    [2m       - <header class="header">…</header> intercepts pointer events[22m
    [2m     - retrying click action[22m
    [2m       - waiting 500ms[22m
    [2m       - waiting for element to be visible, enabled and stable[22m
    [2m       - element is visible, enabled and stable[22m
    [2m       - scrolling into view if needed[22m
    [2m       - done scrolling[22m
    [2m       - <header class="header">…</header> intercepts pointer events[22m
    [2m     - retrying click action[22m
    [2m       - waiting 500ms[22m
    [2m       - waiting for element to be visible, enabled and stable[22m
    [2m       - element is visible, enabled and stable[22m
    [2m       - scrolling into view if needed[22m
    [2m       - done scrolling[22m
    [2m       - <div class="form-field">…</div> intercepts pointer events[22m
    [2m  - retrying click action[22m
    [2m    - waiting 500ms[22m
    [2m    - waiting for element to be visible, enabled and stable[22m
    [2m    - element is visible, enabled and stable[22m
    [2m    - scrolling into view if needed[22m
    [2m    - done scrolling[22m


      83 |
      84 |         // Now SubGroup should have options corresponding to the Group
    > 85 |         await page.locator('.form-field', { hasText: 'SubGroup' }).locator('.react-select__control').first().click();
         |                                                                                                              ^
      86 |         await expect(page.locator('.react-select__menu').locator('.react-select__option')).toBeVisible();
      87 |     });
      88 |
        at D:\SharePointProjects\Demo1\tests\tests\master_phase3_categories.spec.ts:85:110

    Error Context: test-results\tests-master_phase3_catego-8e9f0-scading-Dropdown-Validation-chromium\error-context.md

  4) [chromium] › tests\tests\master_phase3_categories.spec.ts:89:9 › Phase 3: Category Module Testing › Edit and Delete Category 

    [31mTest timeout of 60000ms exceeded.[39m

    Error: locator.click: Test timeout of 60000ms exceeded.
    Call log:
    [2m  - waiting for locator('.ms-DetailsRow').first().locator('.btnEdit').first()[22m


      92 |
      93 |         // Click Edit
    > 94 |         await firstRow.locator('.btnEdit').first().click();
         |                                                    ^
      95 |         await expect(page.locator('text=Edit Category')).toBeVisible();
      96 |
      97 |         // Change Description
        at D:\SharePointProjects\Demo1\tests\tests\master_phase3_categories.spec.ts:94:52

    Error Context: test-results\tests-master_phase3_catego-c6214-ng-Edit-and-Delete-Category-chromium\error-context.md

  4 failed
    [chromium] › tests\tests\master_phase3_categories.spec.ts:15:9 › Phase 3: Category Module Testing › Bulk Add Category Items - Full Hierarchy 
    [chromium] › tests\tests\master_phase3_categories.spec.ts:63:9 › Phase 3: Category Module Testing › View Category Details 
    [chromium] › tests\tests\master_phase3_categories.spec.ts:73:9 › Phase 3: Category Module Testing › Cascading Dropdown Validation 
    [chromium] › tests\tests\master_phase3_categories.spec.ts:89:9 › Phase 3: Category Module Testing › Edit and Delete Category 
  1 passed (5.5m)
